=== REDIAG wall_stage2c_pred_adaln_depth1_lance_h4_seed235 2026-06-01T23:30:09+08:00 device=cuda:3 ===
config=/home/ps/Code/yqy/DINO-WM/jepawm_logs/mgvt_stage2c_3seed_20260531/wall_stage2c_pred_adaln_depth1_lance_h4_seed235/config.yaml
checkpoint=/home/ps/Code/yqy/DINO-WM/jepawm_checkpoints/mgvt_stage2c_3seed_20260531/wall_stage2c_pred_adaln_depth1_lance_h4_seed235/jepa-latest.pth.tar
INFO:Datasets utils:Datapaths ['/home/ps/Code/yqy/DINO-WM/jepawm_data/wall_single']
INFO:root:📂 Data paths: ['/home/ps/Code/yqy/DINO-WM/jepawm_data/wall_single']
INFO:app.plan_common.datasets.stores.lance_window:Opened Lance PointMaze dataset (1920 episodes) at /home/ps/Code/yqy/DINO-WM/jepawm_data/_lance_20260528/Wall.lance
INFO:app.plan_common.datasets.traj_dset:[[664, 131, 273, 548, 528, 1208, 1422, 377, 768, 1845, 763, 1673, 780, 579, 75, 1815, 1807, 455, 1251, 1321, 902, 86, 1161, 508, 523, 1688, 1392, 161, 762, 1437, 954, 1698, 1901, 1210, 750, 1573, 1148, 397, 1156, 883, 349, 1240, 1642, 1560, 639, 474, 82, 1830, 1292, 1849, 126, 1143, 290, 1458, 1844, 615, 1630, 1173, 1563, 1750, 1435, 626, 1578, 1591, 866, 1524, 1234, 668, 317, 507, 347, 1083, 1134, 657, 315, 948, 1625, 1242, 393, 1101, 643, 1597, 875, 485, 1914, 891, 1298, 1866, 1060, 856, 102, 1350, 646, 201, 20, 219, 1791, 477, 1918, 478, 1607, 1068, 625, 839, 509, 305, 350, 1303, 266, 152, 337, 749, 1570, 1443, 1025, 492, 861, 640, 1336, 429, 552, 1088, 1401, 165, 1416, 1821, 147, 1648, 105, 715, 342, 733, 1651, 1640, 1638, 1432, 1322, 895, 250, 62, 1668, 1256, 1086, 555, 295, 838, 1530, 116, 602, 1307, 996, 1284, 958, 1744, 674, 628, 924, 1317, 1692, 30, 1133, 106, 824, 846, 1264, 28, 656, 1118, 593, 298, 671, 1092, 803, 446, 945, 67, 1915, 812, 57, 889, 306, 804, 1867, 816, 635, 1004, 99, 918, 619, 560, 245, 1724, 919, 1841, 241, 925, 1327, 1006, 1312, 431, 175, 1074, 1919, 216, 1281, 1021, 1852, 603, 550, 1572, 1498, 1596, 962, 515, 265, 1226, 1774, 258, 1468, 16, 1013, 748, 351, 537, 710, 937, 832, 535, 1038, 1732, 1559, 1720, 79, 690, 1063, 942, 1514, 202, 1128, 1916, 1654, 571, 1590, 1195, 7, 1835, 629, 432, 36, 1515, 1110, 618, 938, 1393, 1894, 358, 1652, 422, 1818, 1574, 1745, 426, 323, 399, 898, 1207, 928, 686, 1181, 572, 238, 1019, 687, 1391, 1544, 641, 1345, 986, 973, 1373, 1196, 321, 8, 1076, 224, 1233, 1406, 767, 257, 1218, 442, 642, 109, 413, 1684, 863, 491, 1582, 1767, 703, 1213, 1360, 884, 403, 778, 1283, 538, 956, 1633, 510, 294, 631, 950, 223, 183, 444, 726, 212, 1621, 801, 343, 1288, 951, 1445, 920, 946, 1868, 1705, 1646, 1826, 1047, 1055, 908, 852, 1675, 1907, 1876, 235, 156, 419, 1851, 496, 1739, 228, 1880, 1785, 1385, 1736, 1629, 1543, 1453, 1002, 1286, 599, 42, 335, 4, 336, 1409, 1225, 1858, 1111, 976, 443, 1788, 1237, 197, 1610, 705, 914, 1421, 1707, 428, 1395, 995, 1650, 1704, 957, 120, 286, 1464, 1695, 583, 1112, 1061, 1479, 931, 1089, 947, 698, 729, 333, 1348, 499, 688, 850, 142, 375, 1542, 887, 1154, 1768, 821, 800, 465, 1094, 1663, 1472, 1860, 1753, 1647, 1623, 378, 1126, 243, 1278, 1655, 297, 1037, 1618, 936, 1108, 1424, 648, 972, 97, 834, 795, 975, 611, 1232, 1238, 1450, 178, 1703, 247, 1679, 1756, 136, 1601, 1825, 756, 808, 1190, 1770, 1501, 935, 434, 985, 1304, 1185, 876, 1893, 899, 249, 904, 2, 1747, 718, 410, 981, 1029, 905, 1477, 435, 457, 1757, 179, 163, 658, 1534, 1048, 1356, 1062, 1183, 610, 1486, 1537, 486, 334, 132, 858, 1408, 488, 516, 498, 789, 1306, 751, 1415, 1884, 1045, 557, 680, 278, 80, 1905, 1536, 1249, 56, 184, 684, 608, 849, 871, 340, 879, 1135, 470, 1150, 407, 1178, 922, 462, 1217, 1341, 272, 807, 253, 1475, 1155, 1552, 1776, 171, 1653, 706, 1758, 503, 139, 779, 730, 544, 276, 737, 112, 76, 301, 1637, 1407, 1003, 855, 977, 1419, 239, 896, 1751, 181, 1447, 1398, 1140, 1138, 663, 1033, 1269, 43, 1553, 46, 943, 1270, 1, 352, 1478, 482, 1027, 1163, 1551, 1460, 774, 865, 329, 26, 198, 176, 437, 1772, 916, 1255, 1266, 709, 953, 633, 1115, 145, 166, 1082, 1777, 1268, 621, 1121, 164, 630, 543, 845, 1001, 653, 1635, 154, 685, 518, 691, 1102, 989, 644, 1883, 364, 1289, 401, 1874, 389, 1520, 1594, 1897, 1877, 85, 88, 1879, 1545, 754, 103, 532, 1272, 1518, 1670, 524, 1859, 1802, 211, 659, 1414, 732, 1718, 759, 520, 1219, 264, 512, 1349, 1085, 1764, 974, 777, 1075, 1287, 758, 387, 545, 1717, 1548, 620, 1043, 326, 27, 395, 695, 1014, 917, 886, 1100, 1263, 1362, 1446, 717, 1319, 769, 1346, 311, 740, 1366, 859, 1359, 1873, 1198, 802, 1149, 1634, 991, 869, 370, 1314, 365, 51, 1175, 1628, 1236, 236, 63, 87, 1188, 1311, 1020, 1666, 149, 912, 1870, 960, 1765, 1558, 345, 35, 1490, 591, 209, 1699, 158, 1752, 53, 932, 1456, 48, 1430, 1773, 612, 984, 1535, 874, 1172, 0, 965, 1511, 1626, 322, 742, 1508, 597, 384, 581, 98, 483, 708, 997, 880, 49, 847, 140, 1036, 1881, 1117, 1889, 1480, 1364, 1222, 1817, 1176, 743, 1898, 1057, 128, 1039, 1690, 1906, 1299, 318, 888, 1293, 1797, 1439, 1467, 454, 1917, 820, 741, 1429, 303, 727, 1616, 753, 1042, 127, 1071, 1058, 1274, 260, 1683, 283, 9, 275, 339, 1211, 1609, 1842, 1865, 569, 1834, 1798, 872, 1310, 622, 391, 1361, 196, 666, 792, 360, 1162, 1734, 791, 513, 1026, 1206, 1790, 1838, 1474, 1803, 580, 449, 124, 1786, 1678, 1510, 1872, 188, 1730, 549, 1485, 1593, 1643, 141, 901, 539, 1495, 1355, 892, 12, 300, 1466, 282, 1639, 45, 307, 1381, 1166, 72, 1755, 409, 441, 481, 168, 605, 632, 1442, 1631, 404, 1054, 582, 1676, 1169, 117, 1540, 689, 1116, 153, 1599, 534, 1179, 463, 1715, 1588, 6, 89, 1645, 1132, 111, 38, 157, 1787, 489, 833, 1899, 563, 227, 1517, 1282, 701, 1077, 412, 669, 406, 1318, 831, 1031, 857, 929, 1476, 1533, 1903, 325, 3, 1192, 736, 693, 251, 790, 299, 1728, 1069, 1488, 69, 836, 1565, 923, 731, 1819, 1034, 379, 1103, 844, 382, 1224, 1806, 723, 835, 862, 1909, 739, 979, 897, 1507, 1160, 191, 999, 1382, 119, 547, 1248, 770, 893, 1444, 1521, 1376, 353, 805, 1775, 159, 1109, 1569, 673, 637, 23, 713, 1186, 1157, 1848, 190, 1733, 194, 1682, 747, 356, 864, 1342, 909, 533, 327, 484, 700, 1795, 263, 1575, 1662, 1566, 1158, 944, 1627, 372, 52, 405, 1070, 1595, 1139, 851, 363, 1145, 1531, 1189, 786, 160, 694, 596, 1239, 734, 1875, 369, 959, 799, 172, 355, 1051, 396, 39, 302, 497, 1081, 649, 22, 1831, 450, 525, 338, 1886, 915, 775, 1052, 1041, 1622, 287, 291, 31, 1386, 357, 319, 331, 1285, 472, 1564, 1328, 1671, 992, 288, 1129, 1000, 719, 809, 609, 1810, 829, 519, 1451, 475, 108, 853, 376, 1784, 1632, 493, 1701, 1354, 1827, 60, 277, 1073, 1769, 1252, 289, 1017, 1144, 232, 1738, 456, 963, 1562, 541, 636, 58, 1555, 675, 246, 1091, 1504, 1452, 1072, 1168, 380, 1049, 447, 1332, 1379, 70, 746, 1836, 526, 1796, 398, 1493, 1223, 551, 91, 324, 316, 570, 998, 952, 1605, 1159, 554, 683, 546, 167, 354, 1104, 490, 1335, 1491, 1261, 568, 430, 1902, 1212, 1125, 73, 1528, 1427, 1064, 662, 200, 95, 1910, 476, 1203, 624, 1399, 1389, 1323, 440, 1428, 44, 1142, 1035, 1762, 92, 586, 531, 1702, 1220, 1911, 1368, 949, 169, 1487, 1561, 1214, 383, 1808, 941, 1550, 697, 1182, 1410, 1523, 1457, 427, 24, 1229, 1499, 760, 1433, 1749, 240, 1861, 955, 1500, 137, 1180, 1434, 104, 1896, 304, 1887, 121, 359, 252, 1742, 1506, 966, 1657, 221, 1296, 882, 1403, 814, 681, 500, 1275, 1423, 752, 213, 720, 1568, 722, 1344, 204, 1771, 1748, 1295, 601, 868, 585, 1440, 280, 1882, 1337, 1028, 907, 21, 1250, 1262, 1007, 645, 1804, 1800, 1363, 588, 1583, 1576, 1096, 1620, 1709, 1146, 1512, 1813, 1714, 1417, 385, 1686, 1380, 707, 1122, 1267, 1900, 133, 1473, 1526, 1215, 1716, 819, 1279, 1330, 1308, 1503, 25, 1404, 1065, 328, 1766, 1644, 1812, 93, 386, 607, 755, 148, 1127, 1377, 590, 1463, 254, 32, 205, 711, 1090, 877, 1547, 1079, 292, 1023, 878, 978, 225, 806, 1078, 1680, 341, 1713, 1420, 1693, 1113, 1005, 589, 823, 1847, 1780, 110, 1353, 665, 1603, 559, 18, 1489, 1820, 1066, 1260, 330, 1856, 1789, 1400, 1300, 199, 1197, 1708, 445, 1557, 94, 825, 1297, 1302, 1153, 1371, 1908, 1691, 1294, 765, 424, 967, 813, 1864, 408, 155, 1664, 1120, 724, 567, 1136, 1333, 1151, 696, 296, 467, 459, 793, 606, 840, 1567, 1853, 1483, 1549, 964, 226, 1098, 1674, 65, 439, 1357, 373, 1606, 1579, 1067, 1783, 1191, 1799, 1721, 1040, 464, 1418, 575, 1580, 371, 233, 1164, 796, 1008, 1114, 894, 107, 1171, 514, 627, 1794, 348, 1811, 381, 577, 1316, 1167, 366, 1194, 1598, 1107, 433, 1885, 517, 1525, 562, 29, 926, 1706, 1904, 1711, 1589, 1097, 1205, 458, 1170, 1729, 222, 970, 576, 1390, 1455, 1276, 1099, 1199, 461, 848, 1080, 1375, 1482, 1891, 1413, 1700, 344, 1147, 1494, 1209, 573, 1411, 466, 530, 310, 1462, 521, 1522, 1667, 584, 613, 262, 867, 494, 1340, 1892, 692, 797, 144, 1405, 1231, 1850, 193, 873, 19, 1689, 1246, 536, 1022, 1093, 71, 1334, 1301, 1253, 1469, 1449, 416, 1481, 77, 623, 495, 1106, 115, 1030, 274, 1044, 130, 1372, 1719, 506, 1554, 256, 655, 1672, 934, 1124, 592, 678, 787, 566, 1397, 1257, 1325, 1581, 1781, 180, 1843, 1696, 1617, 1712, 143, 14, 418, 50, 529, 826, 667, 487, 13, 860, 1659, 237, 1658, 68, 1228, 1741, 600, 207, 818, 54, 320, 1130, 1384, 1855, 587, 660, 638, 1612, 101, 118, 1822, 1602, 346, 502, 90, 423, 1290, 716, 1087, 634, 712, 1050, 679, 415, 122, 231, 417, 33, 150, 1895, 1305, 1331, 170, 672, 96, 1546, 138, 174, 794, 392, 271, 189, 11, 1725, 84, 811, 870, 1024, 1726, 1538, 1324, 827, 402, 186, 1585, 1174, 1326, 822, 1383, 1018, 745, 1805, 61, 1370, 1816, 1913, 1527, 261, 1801, 1571, 279, 772, 553, 982, 1685, 74, 828, 255, 556, 617, 1863, 1095, 1053, 1723, 1387, 1694, 1778, 1011, 1532, 206, 268, 968, 313, 776, 203, 34, 1584, 837, 1492, 913, 788, 983, 1343, 1710, 1412, 471, 906, 1339, 1016, 362, 798, 728, 244, 230, 1839, 522, 1388, 1313, 1131, 1829, 542, 939, 1441, 504, 1084, 162, 1687, 1760, 903, 1244, 10, 1193, 940, 1727, 1592, 123, 1837, 881, 993, 1484, 1396, 234, 1497, 1315, 1665, 725, 1254, 1697, 1871, 1273, 40, 281, 616, 1878, 1470, 1235, 1402, 1600, 332, 59, 1722, 217, 661, 501, 1184, 1351, 229, 1309, 744, 574, 47, 1459, 1465, 1394, 540, 1056, 1793, 578, 1746, 910, 1461, 1556, 368, 1105, 1265, 785, 1123, 1516, 1888, 1204, 1731, 55, 980, 527, 511, 1624, 259, 414, 438, 15, 842, 314, 66, 1832, 1505, 1221, 761, 682, 210, 1779, 5, 1857, 1187, 771, 782, 1059, 614, 1823, 1782, 420, 1677, 505, 766, 1890, 473, 1608, 151, 1329, 1338, 1320, 1809, 843, 309, 1347, 1743, 1358], [1141, 1869, 436, 1496, 738, 129, 961, 817, 1814, 195, 285, 177, 650, 1604, 460, 367, 1681, 1502, 911, 1586, 971, 248, 1438, 448, 267, 987, 469, 1216, 451, 1448, 1015, 1792, 1046, 773, 1245, 1611, 425, 1840, 1426, 1669, 1539, 1656, 1243, 78, 390, 1230, 757, 604, 994, 988, 810, 284, 595, 854, 1737, 1367, 1425, 1374, 1137, 134, 479, 900, 1152, 1862, 270, 647, 1200, 1761, 1619, 215, 1201, 1649, 1431, 400, 735, 670, 921, 1912, 1541, 1854, 652, 654, 1012, 293, 1177, 1471, 100, 1291, 1009, 1519, 1454, 37, 564, 1378, 1119, 1529, 841, 1352, 1587, 114, 312, 1365, 933, 394, 1277, 702, 64, 1271, 1280, 374, 1165, 480, 561, 1660, 1247, 1759, 677, 208, 764, 1615, 1259, 185, 990, 214, 1824, 1577, 594, 1636, 192, 651, 1436, 714, 1010, 565, 421, 187, 1833, 411, 1763, 17, 1754, 930, 1513, 558, 721, 220, 146, 1227, 1613, 468, 269, 452, 1258, 704, 182, 890, 1740, 113, 1846, 1369, 783, 361, 927, 1032, 81, 1641, 1828, 83, 598, 781, 1735, 453, 676, 388, 1202, 969, 784, 135, 1661, 173, 218, 885, 1614, 125, 815, 242, 699, 308, 1241, 41, 1509, 830]]
INFO:root:VideoDataset unsupervised data loader created
INFO:dinov2:using MLP layer as FFN
INFO:root:Encoder: DinoEncoder(
  (base_model): DinoVisionTransformer(
    (patch_embed): PatchEmbed(
      (proj): Conv2d(3, 384, kernel_size=(14, 14), stride=(14, 14))
      (norm): Identity()
    )
    (blocks): ModuleList(
      (0-11): 12 x NestedTensorBlock(
        (norm1): LayerNorm((384,), eps=1e-06, elementwise_affine=True)
        (attn): MemEffAttention(
          (qkv): Linear(in_features=384, out_features=1152, bias=True)
          (attn_drop): Dropout(p=0.0, inplace=False)
          (proj): Linear(in_features=384, out_features=384, bias=True)
          (proj_drop): Dropout(p=0.0, inplace=False)
        )
        (ls1): LayerScale()
        (drop_path1): Identity()
        (norm2): LayerNorm((384,), eps=1e-06, elementwise_affine=True)
        (mlp): Mlp(
          (fc1): Linear(in_features=384, out_features=1536, bias=True)
          (act): GELU(approximate='none')
          (fc2): Linear(in_features=1536, out_features=384, bias=True)
          (drop): Dropout(p=0.0, inplace=False)
        )
        (ls2): LayerScale()
        (drop_path2): Identity()
      )
    )
    (norm): LayerNorm((384,), eps=1e-06, elementwise_affine=True)
    (head): Identity()
  )
)
INFO:root:🧠 Encoder: DinoEncoder (22,056,576 params, frozen=True)
INFO:app.plan_common.models.AdaLN_vit:🔧 Initialized 1 AdaLN-zero blocks
INFO:root:Predictor: VisionTransformerAdaLN(
  (predictor_embed): Linear(in_features=384, out_features=104, bias=True)
  (predictor_blocks): ModuleList(
    (0): FWAdaLNBlock(
      (norm1): LayerNorm((120,), eps=1e-06, elementwise_affine=True)
      (attn): RoPEAttention(
        (qkv): Linear(in_features=120, out_features=360, bias=True)
        (attn_drop): Dropout(p=0.0, inplace=False)
        (proj): Linear(in_features=120, out_features=120, bias=True)
        (proj_drop): Dropout(p=0.0, inplace=False)
      )
      (drop_path): Identity()
      (norm2): LayerNorm((120,), eps=1e-06, elementwise_affine=True)
      (mlp): MLP(
        (fc1): Linear(in_features=120, out_features=480, bias=True)
        (act): GELU(approximate='none')
        (fc2): Linear(in_features=480, out_features=120, bias=True)
        (drop): Dropout(p=0.0, inplace=False)
      )
      (adaLN_modulation): Sequential(
        (0): SiLU()
        (1): Linear(in_features=120, out_features=720, bias=True)
      )
    )
  )
  (predictor_norm): LayerNorm((120,), eps=1e-06, elementwise_affine=True)
  (predictor_proj): Linear(in_features=104, out_features=384, bias=True)
)
INFO:root:🔮 Predictor: VisionTransformerAdaLN (342,080 params)
INFO:root:Action encoder output dim: 120
INFO:root:Loading checkpoint from local path: /home/ps/Code/yqy/DINO-WM/jepawm_checkpoints/mgvt_stage2c_3seed_20260531/wall_stage2c_pred_adaln_depth1_lance_h4_seed235/jepa-latest.pth.tar
INFO:root:loaded pretrained predictor from epoch 10 with msg: <All keys matched successfully>
INFO:root:loaded pretrained action encoder from epoch 10 with msg: <All keys matched successfully>
INFO:root:loaded pretrained proprio encoder from epoch 10 with msg: <All keys matched successfully>
INFO:root:📉 Loss weights: L2=1.0
{
  "backend": {
    "fall_back_to_raw_if_unsupported": false,
    "kind": "swm_lance",
    "lance_uri": "/home/ps/Code/yqy/DINO-WM/jepawm_data/_lance_20260528/Wall.lance"
  },
  "change_mse_model": 0.06096817539637965,
  "change_mse_model_by_horizon": {
    "1": 0.06096817539637965,
    "2": 0.06566563199951568,
    "3": 0.0692433682834786,
    "4": 0.07170540993948551,
    "5": 0.07513598822565241,
    "6": 0.07687204432758418
  },
  "change_mse_persist": 0.3166869174491501,
  "change_mse_persist_by_horizon": {
    "1": 0.3166869174491501,
    "2": 0.49100903207153984,
    "3": 0.5735262403490416,
    "4": 0.6290803448805078,
    "5": 0.6614307919234941,
    "6": 0.6734642776463068
  },
  "change_skill": 0.8074812313452474,
  "change_skill_by_horizon": {
    "1": 0.8074812313452474,
    "2": 0.8662639020661677,
    "3": 0.8792673056400386,
    "4": 0.8860154978246765,
    "5": 0.8864038548807942,
    "6": 0.8858557953567416
  },
  "checkpoint": "/home/ps/Code/yqy/DINO-WM/jepawm_checkpoints/mgvt_stage2c_3seed_20260531/wall_stage2c_pred_adaln_depth1_lance_h4_seed235/jepa-latest.pth.tar",
  "config": "/home/ps/Code/yqy/DINO-WM/jepawm_logs/mgvt_stage2c_3seed_20260531/wall_stage2c_pred_adaln_depth1_lance_h4_seed235/config.yaml",
  "deterministic_encode_max_abs_diff": 0.0,
  "diagnostic_batch_time_ms": 138.60348479250786,
  "flops_per_forward_estimate": null,
  "latent_mean": -1.735504274972276e-10,
  "latent_std": 0.999999350444837,
  "mamba_backend": null,
  "max_horizon": 6,
  "model": "AdaLN",
  "moved_region_change_skill": 0.7486615080095549,
  "moved_region_change_skill_by_horizon": {
    "1": 0.7486615080095549,
    "2": 0.8189160316551999,
    "3": 0.8330891592804526,
    "4": 0.840415805698226,
    "5": 0.8387434524520132,
    "6": 0.8357002914462962
  },
  "moved_region_counts_by_horizon": {
    "1": 254552,
    "2": 244863,
    "3": 239469,
    "4": 235863,
    "5": 233214,
    "6": 232436
  },
  "moved_region_mask": {
    "denominator_floor": 0.0,
    "dilation": 1,
    "min_floor": 0.0,
    "source": "target_side_persistence_patch_mse",
    "top_frac": 0.2
  },
  "moved_region_mse_model": 0.024494216199635883,
  "moved_region_mse_model_by_horizon": {
    "1": 0.024494216199635883,
    "2": 0.028347582622399753,
    "3": 0.031214911747282623,
    "4": 0.03322307467609731,
    "5": 0.035729433519473205,
    "6": 0.03730781684057786
  },
  "moved_region_mse_persist": 0.09745509335102982,
  "moved_region_mse_persist_by_horizon": {
    "1": 0.09745509335102982,
    "2": 0.15654385576763713,
    "3": 0.18701548451086886,
    "4": 0.2081852455467641,
    "5": 0.2215688854980652,
    "6": 0.22707171649293129
  },
  "mse_model": 0.015346283579922536,
  "mse_model_by_horizon": {
    "1": 0.015346283579922536,
    "2": 0.017132839510767637,
    "3": 0.018326551046673998,
    "4": 0.019268320000264794,
    "5": 0.020656901711569815,
    "6": 0.02168145780733815
  },
  "mse_persist": 0.05138376235580919,
  "mse_persist_by_horizon": {
    "1": 0.05138376235580919,
    "2": 0.07940629926143271,
    "3": 0.0929158256868973,
    "4": 0.10222334936825615,
    "5": 0.10806660801454475,
    "6": 0.11065802402850805
  },
  "normalization_note": "Validation loader uses train-split dataset statistics; no val statistics are recomputed.",
  "num_batches": 528,
  "num_val_windows": 2112,
  "param_count": 343448,
  "prefix": 1,
  "proprio_mse_model": 0.0005720345988624049,
  "proprio_mse_model_by_horizon": {
    "1": 0.0005720345988624049,
    "2": 0.0012671449489558158,
    "3": 0.0021783096445054098,
    "4": 0.003309524426819707,
    "5": 0.004660171895176807,
    "6": 0.0063404957953466555
  },
  "proprio_mse_persist": 0.00686052786493912,
  "proprio_mse_persist_by_horizon": {
    "1": 0.00686052786493912,
    "2": 0.020200700425475865,
    "3": 0.035417989209456595,
    "4": 0.05162848873772997,
    "5": 0.06891796458159771,
    "6": 0.0852458837643181
  },
  "proprio_skill": 0.9166194482226652,
  "proprio_skill_by_horizon": {
    "1": 0.9166194482226652,
    "2": 0.9372722270878404,
    "3": 0.9384970831736602,
    "4": 0.9358973212709766,
    "5": 0.9323808832215403,
    "6": 0.9256210914197756
  },
  "seed": 235,
  "skill": 0.7013398226144574,
  "skill_by_horizon": {
    "1": 0.7013398226144574,
    "2": 0.7842382824773074,
    "3": 0.8027617909953272,
    "4": 0.811507643612309,
    "5": 0.8088502814043207,
    "6": 0.8040679110468075
  },
  "task": "Wall",
  "top_k_patches": 32,
  "train_step_time_ms": 294.1802453860004
}
=== DONE wall_stage2c_pred_adaln_depth1_lance_h4_seed235 2026-06-01T23:35:32+08:00 ===
