=== REDIAG mw_r_stage2c_pred_adaln_depth1_lance_h4_seed1 2026-06-01T23:06:57+08:00 device=cuda:3 ===
config=/home/ps/Code/yqy/DINO-WM/jepawm_logs/mgvt_stage2c_3seed_20260531/mw_r_stage2c_pred_adaln_depth1_lance_h4_seed1/config.yaml
checkpoint=/home/ps/Code/yqy/DINO-WM/jepawm_checkpoints/mgvt_stage2c_3seed_20260531/mw_r_stage2c_pred_adaln_depth1_lance_h4_seed1/jepa-latest.pth.tar
INFO:Datasets utils:Datapaths ['/home/ps/Code/yqy/DINO-WM/jepawm_data/Metaworld/data']
INFO:root:📂 Data paths: ['/home/ps/Code/yqy/DINO-WM/jepawm_data/Metaworld/data']
INFO:app.plan_common.datasets.stores.lance_window:Opened Lance PointMaze dataset (12600 episodes) at /home/ps/Code/yqy/DINO-WM/jepawm_data/_lance_20260528/Metaworld.lance
INFO:app.plan_common.datasets.traj_dset:[[145, 140, 282, 278, 203, 268, 167, 230, 275, 285, 18, 9, 184, 256, 195, 150, 226, 177, 254, 5, 170, 252, 76, 52, 219, 22, 96, 92, 281, 228, 188, 189, 24, 201, 225, 98, 83, 296, 194, 41, 185, 266, 137, 99, 107, 270, 29, 82, 257, 236, 164, 258, 23, 125, 11, 51, 127, 50, 163, 292, 106, 68, 53, 179, 293, 133, 271, 61, 240, 65, 32, 291, 128, 27, 86, 123, 249, 40, 215, 120, 151, 237, 280, 91, 211, 54, 159, 130, 16, 63, 1, 199, 229, 43, 247, 227, 171, 88, 160, 175, 153, 30, 26, 207, 46, 33, 15, 59, 14, 138, 143, 124, 77, 187, 121, 222, 246, 262, 232, 102, 118, 158, 74, 149, 141, 129, 139, 259, 272, 25, 126, 233, 144, 142, 264, 173, 19, 10, 34, 183, 84, 190, 176, 55, 180, 284, 156, 7, 192, 97, 255, 200, 21, 17, 220, 245, 111, 223, 241, 214, 60, 283, 269, 209, 31, 289, 117, 212, 196, 221, 286, 6, 39, 191, 213, 131, 75, 216, 4, 242, 208, 205, 253, 115, 45, 35, 210, 218, 238, 70, 250, 67, 243, 94, 101, 134, 299, 136, 155, 79, 72, 0, 234, 217, 114, 112, 169, 267, 28, 154, 13, 174, 260, 93, 90, 89, 48, 277, 235, 116, 178, 288, 261, 85, 110, 294, 290, 2, 279, 248, 87, 165, 148, 276, 44, 38, 198, 244, 193, 12, 100, 135, 36, 8, 62, 297, 64, 298, 81, 263, 204, 186, 202, 56, 231, 146, 206, 20, 95, 274, 104, 152, 47, 168, 3, 57, 157, 42, 119, 78], [162, 66, 103, 181, 166, 132, 122, 273, 251, 265, 108, 197, 69, 147, 37, 73, 113, 105, 80, 172, 109, 58, 287, 161, 224, 182, 49, 239, 71, 295]]
INFO:root:VideoDataset unsupervised data loader created
INFO:dinov2:using MLP layer as FFN
INFO:root:Encoder: DinoEncoder(
  (base_model): DinoVisionTransformer(
    (patch_embed): PatchEmbed(
      (proj): Conv2d(3, 384, kernel_size=(14, 14), stride=(14, 14))
      (norm): Identity()
    )
    (blocks): ModuleList(
      (0-11): 12 x NestedTensorBlock(
        (norm1): LayerNorm((384,), eps=1e-06, elementwise_affine=True)
        (attn): MemEffAttention(
          (qkv): Linear(in_features=384, out_features=1152, bias=True)
          (attn_drop): Dropout(p=0.0, inplace=False)
          (proj): Linear(in_features=384, out_features=384, bias=True)
          (proj_drop): Dropout(p=0.0, inplace=False)
        )
        (ls1): LayerScale()
        (drop_path1): Identity()
        (norm2): LayerNorm((384,), eps=1e-06, elementwise_affine=True)
        (mlp): Mlp(
          (fc1): Linear(in_features=384, out_features=1536, bias=True)
          (act): GELU(approximate='none')
          (fc2): Linear(in_features=1536, out_features=384, bias=True)
          (drop): Dropout(p=0.0, inplace=False)
        )
        (ls2): LayerScale()
        (drop_path2): Identity()
      )
    )
    (norm): LayerNorm((384,), eps=1e-06, elementwise_affine=True)
    (head): Identity()
  )
)
INFO:root:🧠 Encoder: DinoEncoder (22,056,576 params, frozen=True)
INFO:app.plan_common.models.AdaLN_vit:🔧 Initialized 1 AdaLN-zero blocks
INFO:root:Predictor: VisionTransformerAdaLN(
  (predictor_embed): Linear(in_features=384, out_features=104, bias=True)
  (predictor_blocks): ModuleList(
    (0): FWAdaLNBlock(
      (norm1): LayerNorm((120,), eps=1e-06, elementwise_affine=True)
      (attn): RoPEAttention(
        (qkv): Linear(in_features=120, out_features=360, bias=True)
        (attn_drop): Dropout(p=0.0, inplace=False)
        (proj): Linear(in_features=120, out_features=120, bias=True)
        (proj_drop): Dropout(p=0.0, inplace=False)
      )
      (drop_path): Identity()
      (norm2): LayerNorm((120,), eps=1e-06, elementwise_affine=True)
      (mlp): MLP(
        (fc1): Linear(in_features=120, out_features=480, bias=True)
        (act): GELU(approximate='none')
        (fc2): Linear(in_features=480, out_features=120, bias=True)
        (drop): Dropout(p=0.0, inplace=False)
      )
      (adaLN_modulation): Sequential(
        (0): SiLU()
        (1): Linear(in_features=120, out_features=720, bias=True)
      )
    )
  )
  (predictor_norm): LayerNorm((120,), eps=1e-06, elementwise_affine=True)
  (predictor_proj): Linear(in_features=104, out_features=384, bias=True)
)
INFO:root:🔮 Predictor: VisionTransformerAdaLN (342,080 params)
INFO:root:Action encoder output dim: 120
INFO:root:Loading checkpoint from local path: /home/ps/Code/yqy/DINO-WM/jepawm_checkpoints/mgvt_stage2c_3seed_20260531/mw_r_stage2c_pred_adaln_depth1_lance_h4_seed1/jepa-latest.pth.tar
INFO:root:loaded pretrained predictor from epoch 10 with msg: <All keys matched successfully>
INFO:root:loaded pretrained action encoder from epoch 10 with msg: <All keys matched successfully>
INFO:root:loaded pretrained proprio encoder from epoch 10 with msg: <All keys matched successfully>
INFO:root:📉 Loss weights: L2=1.0
{
  "backend": {
    "fall_back_to_raw_if_unsupported": false,
    "kind": "swm_lance",
    "lance_uri": "/home/ps/Code/yqy/DINO-WM/jepawm_data/_lance_20260528/Metaworld.lance"
  },
  "change_mse_model": 0.14126189269953304,
  "change_mse_model_by_horizon": {
    "1": 0.14126189269953304,
    "2": 0.14512829055388768,
    "3": 0.1473600831296709,
    "4": 0.15099945998854108,
    "5": 0.15563772848910756,
    "6": 0.16244181382987236
  },
  "change_mse_persist": 0.36586323191722236,
  "change_mse_persist_by_horizon": {
    "1": 0.36586323191722236,
    "2": 0.5839193457696172,
    "3": 0.7243582096364763,
    "4": 0.8165948856539197,
    "5": 0.8809100200732549,
    "6": 0.9294144584072961
  },
  "change_skill": 0.6138942632762454,
  "change_skill_by_horizon": {
    "1": 0.6138942632762454,
    "2": 0.7514583279260841,
    "3": 0.7965646262177045,
    "4": 0.8150864490565325,
    "5": 0.8233216504040163,
    "6": 0.8252213397796253
  },
  "checkpoint": "/home/ps/Code/yqy/DINO-WM/jepawm_checkpoints/mgvt_stage2c_3seed_20260531/mw_r_stage2c_pred_adaln_depth1_lance_h4_seed1/jepa-latest.pth.tar",
  "config": "/home/ps/Code/yqy/DINO-WM/jepawm_logs/mgvt_stage2c_3seed_20260531/mw_r_stage2c_pred_adaln_depth1_lance_h4_seed1/config.yaml",
  "deterministic_encode_max_abs_diff": 0.0,
  "diagnostic_batch_time_ms": 152.03494948852392,
  "flops_per_forward_estimate": null,
  "latent_mean": -1.1503019865028502e-09,
  "latent_std": 0.9999992305702633,
  "mamba_backend": null,
  "max_horizon": 6,
  "model": "AdaLN",
  "moved_region_change_skill": 0.4498469395219894,
  "moved_region_change_skill_by_horizon": {
    "1": 0.4498469395219894,
    "2": 0.6404370766556274,
    "3": 0.7050375128238038,
    "4": 0.7322339901087456,
    "5": 0.7439671454285182,
    "6": 0.7479616864438006
  },
  "moved_region_counts_by_horizon": {
    "1": 218997,
    "2": 219240,
    "3": 220180,
    "4": 221518,
    "5": 222610,
    "6": 222793
  },
  "moved_region_mask": {
    "denominator_floor": 0.0,
    "dilation": 1,
    "min_floor": 0.0,
    "source": "target_side_persistence_patch_mse",
    "top_frac": 0.2
  },
  "moved_region_mse_model": 0.07457336982978545,
  "moved_region_mse_model_by_horizon": {
    "1": 0.07457336982978545,
    "2": 0.08120226686049978,
    "3": 0.08585002113291695,
    "4": 0.09032467423544081,
    "5": 0.09489518238374536,
    "6": 0.10000265444495182
  },
  "moved_region_mse_persist": 0.1355502226325725,
  "moved_region_mse_persist_by_horizon": {
    "1": 0.1355502226325725,
    "2": 0.22583604033814145,
    "3": 0.2910540318356969,
    "4": 0.33732688578406056,
    "5": 0.3706367393456981,
    "6": 0.396775605398793
  },
  "mse_model": 0.047885402060217325,
  "mse_model_by_horizon": {
    "1": 0.047885402060217325,
    "2": 0.052175120967957705,
    "3": 0.0552974464578761,
    "4": 0.05836738203134802,
    "5": 0.06138474331961738,
    "6": 0.06460108757846886
  },
  "mse_persist": 0.07269920655836662,
  "mse_persist_by_horizon": {
    "1": 0.07269920655836662,
    "2": 0.11999370098941856,
    "3": 0.15494093913171025,
    "4": 0.1804698207974434,
    "5": 0.19918452680110932,
    "6": 0.2133948761059178
  },
  "normalization_note": "Validation loader uses train-split dataset statistics; no val statistics are recomputed.",
  "num_batches": 450,
  "num_val_windows": 1800,
  "param_count": 344680,
  "prefix": 1,
  "proprio_mse_model": 0.0005133145987120871,
  "proprio_mse_model_by_horizon": {
    "1": 0.0005133145987120871,
    "2": 0.0011627981841512438,
    "3": 0.001846969499407957,
    "4": 0.002515244441391486,
    "5": 0.003225864189832161,
    "6": 0.004028468800631041
  },
  "proprio_mse_persist": 0.008774350371451065,
  "proprio_mse_persist_by_horizon": {
    "1": 0.008774350371451065,
    "2": 0.023550923397868045,
    "3": 0.03384035436488274,
    "4": 0.04056643301271833,
    "5": 0.0453410390821389,
    "6": 0.04822441467989443
  },
  "proprio_skill": 0.9414982788489676,
  "proprio_skill_by_horizon": {
    "1": 0.9414982788489676,
    "2": 0.9506262168787613,
    "3": 0.9454210946051848,
    "4": 0.9379969039771648,
    "5": 0.9288533246009592,
    "6": 0.9164641224290364
  },
  "seed": 1,
  "skill": 0.34132153118105235,
  "skill_by_horizon": {
    "1": 0.34132153118105235,
    "2": 0.5651845010384446,
    "3": 0.6431062909017897,
    "4": 0.6765809276396485,
    "5": 0.6918197196064755,
    "6": 0.6972697341317402
  },
  "task": "METAWORLD_HF:mw-reach",
  "top_k_patches": 32,
  "train_step_time_ms": 284.1029073880007
}
=== DONE mw_r_stage2c_pred_adaln_depth1_lance_h4_seed1 2026-06-01T23:13:04+08:00 ===
