=== REDIAG wall_stage2c_pred_adaln_depth1_lance_h4_seed236 2026-06-01T23:30:09+08:00 device=cuda:4 ===
config=/home/ps/Code/yqy/DINO-WM/jepawm_logs/mgvt_stage2c_3seed_20260531/wall_stage2c_pred_adaln_depth1_lance_h4_seed236/config.yaml
checkpoint=/home/ps/Code/yqy/DINO-WM/jepawm_checkpoints/mgvt_stage2c_3seed_20260531/wall_stage2c_pred_adaln_depth1_lance_h4_seed236/jepa-latest.pth.tar
INFO:Datasets utils:Datapaths ['/home/ps/Code/yqy/DINO-WM/jepawm_data/wall_single']
INFO:root:📂 Data paths: ['/home/ps/Code/yqy/DINO-WM/jepawm_data/wall_single']
INFO:app.plan_common.datasets.stores.lance_window:Opened Lance PointMaze dataset (1920 episodes) at /home/ps/Code/yqy/DINO-WM/jepawm_data/_lance_20260528/Wall.lance
INFO:app.plan_common.datasets.traj_dset:[[1665, 1127, 1110, 1133, 1801, 1254, 974, 1788, 12, 358, 1172, 1115, 1139, 1257, 73, 1431, 1286, 695, 230, 1740, 994, 474, 654, 1525, 299, 896, 779, 1553, 1813, 292, 203, 1778, 320, 1855, 1680, 955, 877, 206, 1544, 892, 1603, 1712, 1697, 812, 1198, 227, 538, 844, 631, 949, 106, 490, 1216, 767, 628, 1162, 701, 523, 1335, 1312, 807, 410, 795, 1811, 1906, 936, 1309, 176, 902, 980, 456, 1114, 1037, 1179, 268, 1661, 400, 1672, 398, 1116, 881, 395, 1506, 330, 1535, 1255, 209, 777, 1571, 677, 890, 1550, 931, 1601, 1771, 1530, 749, 1798, 183, 1605, 365, 265, 921, 28, 1174, 338, 14, 752, 1587, 1852, 108, 199, 1398, 1583, 468, 88, 720, 1256, 1330, 810, 591, 341, 636, 1183, 819, 1032, 426, 802, 515, 1810, 236, 837, 1194, 1341, 215, 1613, 1473, 1844, 61, 1610, 622, 942, 1874, 1451, 830, 1186, 1600, 820, 1302, 1260, 617, 1132, 286, 412, 1230, 1914, 420, 1700, 1865, 925, 1802, 1426, 653, 870, 522, 665, 1063, 886, 1210, 1112, 321, 1205, 342, 63, 969, 943, 542, 895, 149, 1226, 1649, 452, 1749, 1912, 548, 112, 346, 294, 521, 1095, 612, 600, 1438, 274, 1630, 785, 343, 939, 759, 1060, 1760, 832, 45, 1320, 270, 927, 170, 1437, 1412, 1509, 663, 372, 1658, 1634, 217, 216, 283, 1208, 1292, 878, 530, 1184, 1371, 1158, 1416, 246, 414, 1440, 1752, 1277, 339, 109, 208, 1890, 171, 1247, 1262, 1754, 140, 726, 1191, 36, 1083, 240, 311, 888, 207, 1215, 392, 157, 543, 67, 1471, 851, 1084, 1362, 435, 1363, 1710, 1818, 158, 174, 95, 1904, 1742, 1482, 1466, 443, 1888, 507, 1812, 1378, 869, 572, 361, 514, 1350, 1203, 1779, 1168, 436, 1576, 753, 1367, 1030, 64, 632, 288, 746, 1565, 1743, 1489, 82, 275, 1527, 901, 72, 1054, 871, 1207, 1776, 89, 1540, 719, 1794, 594, 503, 743, 1611, 1684, 1225, 1859, 1366, 1543, 568, 1753, 190, 1167, 122, 1107, 289, 1678, 69, 1019, 1536, 38, 792, 107, 35, 1442, 228, 1725, 212, 91, 1288, 373, 1390, 16, 1891, 1264, 340, 1498, 643, 1090, 1024, 1501, 979, 1833, 362, 389, 1357, 248, 1136, 1854, 1159, 312, 1405, 449, 245, 148, 133, 284, 1372, 595, 403, 1397, 1674, 841, 1524, 25, 296, 1137, 1480, 706, 1783, 1311, 1454, 1282, 1265, 1177, 1690, 601, 396, 1189, 202, 1820, 329, 761, 1503, 291, 940, 234, 214, 440, 563, 1664, 406, 472, 1582, 1635, 690, 1538, 910, 1391, 1056, 1130, 138, 517, 1877, 1627, 1021, 1492, 1421, 1515, 345, 24, 447, 559, 1735, 1039, 1377, 166, 634, 316, 624, 740, 111, 825, 136, 1129, 745, 1163, 835, 1011, 58, 1120, 655, 10, 1523, 1814, 280, 1074, 613, 1792, 763, 710, 1013, 1645, 930, 1240, 1075, 437, 204, 614, 1720, 1089, 381, 906, 1410, 477, 1464, 675, 1488, 598, 623, 676, 1574, 954, 132, 97, 1146, 1845, 1434, 757, 1863, 287, 1248, 1243, 818, 305, 278, 691, 1493, 1629, 926, 1370, 880, 1755, 1559, 32, 729, 433, 1528, 1758, 257, 858, 1662, 905, 74, 1608, 1726, 354, 1490, 1400, 1714, 1360, 485, 1500, 1105, 1673, 1828, 1668, 684, 1314, 847, 1427, 1829, 1364, 1892, 1100, 1388, 1395, 1425, 1253, 96, 168, 1905, 1618, 65, 1220, 970, 401, 429, 1355, 1164, 516, 1708, 1148, 1213, 772, 1522, 836, 723, 1422, 508, 645, 966, 1088, 1612, 1285, 1033, 817, 1724, 1564, 510, 708, 60, 225, 249, 791, 1097, 804, 560, 1126, 1305, 1432, 259, 1221, 640, 707, 473, 1542, 1195, 1310, 1638, 1575, 1677, 1218, 1304, 44, 1271, 1460, 118, 1797, 783, 518, 716, 1007, 1043, 185, 141, 1686, 128, 1250, 616, 762, 1717, 1373, 1803, 1681, 1910, 1349, 1894, 738, 11, 315, 621, 27, 771, 254, 493, 1494, 786, 533, 154, 196, 1419, 549, 394, 952, 656, 1015, 897, 520, 1306, 546, 1579, 1276, 1593, 1279, 843, 232, 838, 1511, 904, 1433, 1324, 1716, 1038, 1202, 110, 4, 1326, 117, 1217, 1617, 1200, 582, 1048, 459, 1633, 1418, 1009, 1358, 1879, 1317, 1805, 556, 698, 1155, 1028, 94, 1652, 30, 659, 260, 889, 978, 1430, 975, 1042, 31, 1319, 796, 705, 1840, 293, 798, 693, 161, 976, 932, 1693, 519, 742, 1111, 981, 1376, 1824, 715, 1182, 644, 1620, 1554, 596, 781, 694, 583, 159, 184, 570, 855, 511, 1092, 805, 1581, 1526, 331, 853, 566, 1031, 285, 1806, 407, 1406, 900, 915, 1900, 1301, 1010, 911, 1185, 1644, 1420, 1621, 1044, 898, 780, 1573, 811, 937, 76, 1321, 992, 615, 672, 1098, 803, 581, 1325, 607, 834, 1287, 1439, 1548, 1273, 744, 479, 599, 1534, 1459, 525, 760, 534, 21, 1001, 49, 384, 822, 237, 574, 397, 1917, 1150, 630, 709, 102, 492, 442, 903, 385, 1607, 1734, 1719, 788, 356, 1827, 145, 1595, 434, 1073, 417, 1278, 784, 529, 703, 839, 307, 808, 856, 1209, 1387, 404, 402, 48, 360, 764, 1862, 1462, 1777, 47, 1584, 1857, 1481, 1787, 635, 1045, 243, 639, 923, 1153, 1246, 1389, 23, 1472, 319, 1551, 1722, 188, 192, 367, 545, 1340, 1815, 194, 1532, 984, 862, 1269, 40, 1458, 1470, 816, 702, 425, 1592, 637, 506, 390, 1682, 1780, 388, 1499, 1106, 423, 872, 1027, 281, 879, 191, 471, 1847, 127, 1067, 325, 386, 1072, 369, 51, 833, 1047, 547, 972, 1313, 504, 155, 884, 1356, 59, 1034, 458, 1775, 585, 754, 113, 1919, 349, 1452, 1834, 1338, 142, 551, 1342, 223, 1476, 1157, 262, 1591, 1483, 1789, 682, 824, 114, 1329, 1804, 756, 1239, 1642, 1259, 1703, 1143, 1849, 100, 1590, 460, 1555, 1843, 714, 1756, 553, 1408, 505, 967, 29, 1404, 1125, 80, 524, 1204, 193, 376, 1898, 734, 1327, 1280, 250, 1000, 1519, 1688, 181, 1537, 887, 1870, 1449, 255, 578, 1337, 1487, 1856, 531, 1173, 1118, 865, 1718, 1128, 619, 1383, 1838, 1123, 1445, 1091, 602, 651, 244, 387, 990, 1505, 1117, 1897, 800, 374, 137, 1465, 1381, 650, 334, 484, 629, 1332, 1736, 727, 1222, 996, 87, 848, 857, 501, 1729, 1695, 480, 789, 1402, 1394, 850, 1561, 441, 450, 1308, 1784, 226, 933, 172, 1080, 846, 1365, 579, 1267, 1728, 1018, 180, 1016, 1796, 163, 15, 1166, 696, 724, 1510, 26, 1793, 1504, 1901, 1076, 1463, 575, 750, 1025, 405, 528, 1765, 187, 1450, 770, 648, 1616, 945, 1457, 1866, 956, 1715, 950, 1491, 1799, 1860, 730, 866, 467, 1836, 1414, 1101, 809, 829, 1212, 1864, 1577, 573, 718, 419, 1477, 1094, 1291, 988, 1399, 1121, 1336, 195, 1069, 1068, 1670, 1604, 1732, 1667, 211, 1721, 1557, 1374, 1151, 1883, 1882, 77, 1606, 692, 1698, 586, 1096, 197, 481, 1428, 1486, 731, 986, 609, 610, 444, 1666, 1300, 725, 173, 1444, 353, 1211, 687, 1782, 1138, 1284, 626, 1512, 1197, 633, 1380, 1707, 1884, 593, 454, 1640, 1178, 302, 536, 131, 982, 778, 279, 652, 1119, 210, 1744, 37, 1692, 1201, 1206, 577, 1196, 1791, 864, 1516, 1731, 1871, 1602, 1723, 1578, 431, 1750, 177, 310, 1711, 1570, 377, 678, 1447, 1872, 13, 852, 1790, 946, 1085, 861, 922, 1455, 944, 5, 1903, 17, 1175, 1040, 1747, 1632, 673, 430, 1193, 773, 924, 1339, 1851, 272, 661, 115, 1552, 352, 1485, 1915, 1352, 1231, 318, 860, 576, 1, 235, 1654, 1429, 1026, 1696, 1741, 1529, 144, 1237, 78, 489, 332, 6, 1423, 1655, 1295, 101, 1469, 909, 589, 840, 557, 253, 1181, 368, 1006, 1187, 1238, 135, 1650, 1003, 1875, 1316, 1596, 1441, 71, 200, 899, 277, 424, 167, 912, 1165, 34, 1873, 348, 1104, 56, 1050, 1770, 162, 797, 934, 842, 75, 1911, 1219, 1102, 1004, 62, 1375, 84, 1109, 1353, 382, 182, 42, 821, 328, 1709, 130, 271, 1615, 487, 959, 627, 604, 813, 1567, 1641, 1331, 124, 512, 592, 1297, 747, 1706, 728, 768, 854, 241, 1318, 539, 1274, 242, 660, 1333, 535, 364, 1087, 1497, 1053, 699, 748, 893, 411, 1199, 873, 1502, 247, 1020, 379, 885, 9, 1566, 1558, 175, 314, 667, 938, 739, 1176, 787, 499, 1691, 1748, 152, 674, 1909, 1826, 445, 960, 1625, 1772, 416, 1651, 327, 991, 1624, 689, 438, 1545, 409, 1885, 52, 997, 1448, 461, 680, 399, 1251, 963, 527, 229, 1867, 1745, 1290, 688, 448, 1241, 1379, 552, 1055, 86, 1035, 1835, 1730, 50, 1479, 1417, 1569, 1588, 146, 679, 1411, 863, 413, 1660, 849, 233, 143, 1837, 1643, 1152, 103, 1895, 649, 1354, 1702, 496, 823, 550, 769, 537, 1676, 580, 1918, 1773, 1619, 1746, 1816, 671, 1823, 1113, 1066, 129, 1077, 957, 251, 43, 1065, 1495, 432, 1261, 1224, 567, 258, 1751, 1093, 1012, 989, 1858, 935, 1315, 464, 309, 1663, 588, 1266, 642, 845, 765, 1568, 126, 213, 463, 668, 1258, 295, 697, 147, 947, 1704, 333, 993, 961, 1713, 239, 1876, 1646, 625, 1614, 1233, 415, 1272, 1347, 418, 123, 1023, 638, 482, 1762, 93, 1484, 1249, 775, 666, 1517, 1396, 1832, 33, 683, 647, 238, 252, 1549, 1785, 446, 1393, 1413, 1453, 1659, 1122, 1683, 1830, 326, 1049, 1244, 422, 1081, 1147, 686, 1887, 498, 790, 1819, 801, 670, 1916, 1299, 269, 273, 565, 1145, 526, 363, 1057, 1886, 782, 1781, 18, 1307, 828, 717, 428, 3, 1853, 219, 221, 120, 355, 1214, 987, 313, 916, 590, 1161, 998, 968, 732, 178, 1022, 1848, 301, 737, 1657, 1142, 1058, 1825, 755, 1268, 1135, 799, 1051, 81, 297, 375, 1059, 554, 186, 1227, 1467, 920, 1323, 1468, 1507, 68, 541, 1694, 1078, 1456, 1403, 1108, 121, 606, 618, 1385, 222, 1769, 22, 220, 1348, 1002, 1737, 1761, 999, 317, 282, 1817, 1294, 322, 608, 1623, 205, 1099, 620, 7, 370, 1263, 160, 948, 1103, 1144, 509, 544, 562, 1283, 685, 462, 1547, 1014, 455, 1131, 664, 1275, 700, 495, 85, 964, 1052, 266, 165, 1869, 1474, 571, 941, 758, 1036, 914, 1580, 1293, 1086, 1546, 1822, 99, 475, 1281, 488, 1648, 641, 646, 1878, 712, 1531, 1586, 831, 1563, 483, 584, 1766, 1192, 814, 605, 153, 290, 1831, 8, 1415, 1656, 1701, 1738, 1539, 1585, 308, 478, 179, 1572, 721, 256, 351, 1687, 1071, 971, 70, 304, 1149, 681, 1369, 19, 1252, 134, 1079, 476, 393, 1774, 1223, 741, 1346, 83, 1599, 46, 1245, 597, 1303, 1180, 1705, 1017, 806, 500, 1809, 347, 1160, 350, 1850, 1140, 79, 1228, 466, 1171, 722, 826, 90, 1008, 1334, 1518, 913, 1359, 1893, 2, 868, 1808, 815, 1541, 793, 1861, 231, 1478, 1622, 1235, 39, 794, 54, 1134, 1841, 264, 1475, 1913, 169, 1407, 1322, 1626, 917, 497, 276, 1229, 977, 1908, 1786, 306, 1902, 1727, 540, 1846, 324, 323, 1041, 1361, 564, 1170, 735, 1386, 156], [1296, 929, 1560, 41, 1242, 224, 502, 962, 427, 1062, 953, 1124, 20, 1435, 1289, 261, 1675, 1764, 733, 494, 1236, 1699, 1839, 457, 918, 669, 453, 985, 104, 1767, 55, 380, 1270, 1064, 1768, 1154, 298, 1508, 1169, 569, 198, 1671, 1689, 827, 1401, 1351, 603, 1795, 587, 662, 1141, 119, 713, 704, 371, 658, 951, 513, 1461, 894, 1907, 359, 408, 439, 1556, 958, 383, 751, 776, 421, 891, 965, 1328, 611, 1392, 1868, 1669, 1763, 1029, 1628, 92, 378, 995, 859, 150, 53, 164, 736, 1821, 875, 983, 1842, 1562, 1436, 451, 1446, 1188, 337, 66, 335, 1190, 558, 1424, 1807, 336, 218, 1880, 1800, 1368, 1896, 1514, 1637, 0, 1409, 711, 1598, 1520, 201, 116, 1345, 1533, 973, 486, 391, 1384, 1757, 1685, 1881, 491, 1234, 555, 532, 1521, 469, 57, 139, 300, 189, 1156, 1298, 470, 561, 1382, 1005, 1889, 267, 1739, 867, 876, 1496, 125, 105, 657, 1082, 1647, 1513, 1589, 874, 357, 303, 1070, 1061, 883, 344, 1636, 1344, 1343, 1639, 766, 774, 1899, 1046, 908, 151, 1594, 98, 1631, 1609, 465, 1653, 907, 1443, 928, 1759, 1679, 366, 263, 919, 1232, 882, 1597, 1733]]
INFO:root:VideoDataset unsupervised data loader created
INFO:dinov2:using MLP layer as FFN
INFO:root:Encoder: DinoEncoder(
  (base_model): DinoVisionTransformer(
    (patch_embed): PatchEmbed(
      (proj): Conv2d(3, 384, kernel_size=(14, 14), stride=(14, 14))
      (norm): Identity()
    )
    (blocks): ModuleList(
      (0-11): 12 x NestedTensorBlock(
        (norm1): LayerNorm((384,), eps=1e-06, elementwise_affine=True)
        (attn): MemEffAttention(
          (qkv): Linear(in_features=384, out_features=1152, bias=True)
          (attn_drop): Dropout(p=0.0, inplace=False)
          (proj): Linear(in_features=384, out_features=384, bias=True)
          (proj_drop): Dropout(p=0.0, inplace=False)
        )
        (ls1): LayerScale()
        (drop_path1): Identity()
        (norm2): LayerNorm((384,), eps=1e-06, elementwise_affine=True)
        (mlp): Mlp(
          (fc1): Linear(in_features=384, out_features=1536, bias=True)
          (act): GELU(approximate='none')
          (fc2): Linear(in_features=1536, out_features=384, bias=True)
          (drop): Dropout(p=0.0, inplace=False)
        )
        (ls2): LayerScale()
        (drop_path2): Identity()
      )
    )
    (norm): LayerNorm((384,), eps=1e-06, elementwise_affine=True)
    (head): Identity()
  )
)
INFO:root:🧠 Encoder: DinoEncoder (22,056,576 params, frozen=True)
INFO:app.plan_common.models.AdaLN_vit:🔧 Initialized 1 AdaLN-zero blocks
INFO:root:Predictor: VisionTransformerAdaLN(
  (predictor_embed): Linear(in_features=384, out_features=104, bias=True)
  (predictor_blocks): ModuleList(
    (0): FWAdaLNBlock(
      (norm1): LayerNorm((120,), eps=1e-06, elementwise_affine=True)
      (attn): RoPEAttention(
        (qkv): Linear(in_features=120, out_features=360, bias=True)
        (attn_drop): Dropout(p=0.0, inplace=False)
        (proj): Linear(in_features=120, out_features=120, bias=True)
        (proj_drop): Dropout(p=0.0, inplace=False)
      )
      (drop_path): Identity()
      (norm2): LayerNorm((120,), eps=1e-06, elementwise_affine=True)
      (mlp): MLP(
        (fc1): Linear(in_features=120, out_features=480, bias=True)
        (act): GELU(approximate='none')
        (fc2): Linear(in_features=480, out_features=120, bias=True)
        (drop): Dropout(p=0.0, inplace=False)
      )
      (adaLN_modulation): Sequential(
        (0): SiLU()
        (1): Linear(in_features=120, out_features=720, bias=True)
      )
    )
  )
  (predictor_norm): LayerNorm((120,), eps=1e-06, elementwise_affine=True)
  (predictor_proj): Linear(in_features=104, out_features=384, bias=True)
)
INFO:root:🔮 Predictor: VisionTransformerAdaLN (342,080 params)
INFO:root:Action encoder output dim: 120
INFO:root:Loading checkpoint from local path: /home/ps/Code/yqy/DINO-WM/jepawm_checkpoints/mgvt_stage2c_3seed_20260531/wall_stage2c_pred_adaln_depth1_lance_h4_seed236/jepa-latest.pth.tar
INFO:root:loaded pretrained predictor from epoch 10 with msg: <All keys matched successfully>
INFO:root:loaded pretrained action encoder from epoch 10 with msg: <All keys matched successfully>
INFO:root:loaded pretrained proprio encoder from epoch 10 with msg: <All keys matched successfully>
INFO:root:📉 Loss weights: L2=1.0
{
  "backend": {
    "fall_back_to_raw_if_unsupported": false,
    "kind": "swm_lance",
    "lance_uri": "/home/ps/Code/yqy/DINO-WM/jepawm_data/_lance_20260528/Wall.lance"
  },
  "change_mse_model": 0.055339144320565865,
  "change_mse_model_by_horizon": {
    "1": 0.055339144320565865,
    "2": 0.0586548281558366,
    "3": 0.061733675908974626,
    "4": 0.06548911105192294,
    "5": 0.06965580928689716,
    "6": 0.07436366584222538
  },
  "change_mse_persist": 0.31514274186426494,
  "change_mse_persist_by_horizon": {
    "1": 0.31514274186426494,
    "2": 0.4885694855175009,
    "3": 0.5537568816886933,
    "4": 0.5839086208266743,
    "5": 0.6096276227723468,
    "6": 0.6346039145507596
  },
  "change_skill": 0.8243997497984549,
  "change_skill_by_horizon": {
    "1": 0.8243997497984549,
    "2": 0.8799457807036221,
    "3": 0.8885184492502983,
    "4": 0.8878435619614485,
    "5": 0.8857403984253044,
    "6": 0.8828187722496671
  },
  "checkpoint": "/home/ps/Code/yqy/DINO-WM/jepawm_checkpoints/mgvt_stage2c_3seed_20260531/wall_stage2c_pred_adaln_depth1_lance_h4_seed236/jepa-latest.pth.tar",
  "config": "/home/ps/Code/yqy/DINO-WM/jepawm_logs/mgvt_stage2c_3seed_20260531/wall_stage2c_pred_adaln_depth1_lance_h4_seed236/config.yaml",
  "deterministic_encode_max_abs_diff": 0.0,
  "diagnostic_batch_time_ms": 131.0718780609243,
  "flops_per_forward_estimate": null,
  "latent_mean": -2.023212365259801e-10,
  "latent_std": 0.9999993517994881,
  "mamba_backend": null,
  "max_horizon": 6,
  "model": "AdaLN",
  "moved_region_change_skill": 0.7665902427301723,
  "moved_region_change_skill_by_horizon": {
    "1": 0.7665902427301723,
    "2": 0.837184128250723,
    "3": 0.8472418882174118,
    "4": 0.845361436330901,
    "5": 0.8399144926133477,
    "6": 0.8347982239834797
  },
  "moved_region_counts_by_horizon": {
    "1": 257277,
    "2": 246749,
    "3": 241925,
    "4": 240025,
    "5": 238598,
    "6": 235923
  },
  "moved_region_mask": {
    "denominator_floor": 0.0,
    "dilation": 1,
    "min_floor": 0.0,
    "source": "target_side_persistence_patch_mse",
    "top_frac": 0.2
  },
  "moved_region_mse_model": 0.022346592749390274,
  "moved_region_mse_model_by_horizon": {
    "1": 0.022346592749390274,
    "2": 0.025084232827835014,
    "3": 0.027218470956294438,
    "4": 0.02930475755279703,
    "5": 0.03198721408863979,
    "6": 0.03486682953507127
  },
  "moved_region_mse_persist": 0.09573975403074961,
  "moved_region_mse_persist_by_horizon": {
    "1": 0.09573975403074961,
    "2": 0.15406503406782512,
    "3": 0.17818020030931586,
    "4": 0.18950484832169276,
    "5": 0.1998133035951938,
    "6": 0.21105602116277825
  },
  "mse_model": 0.01425602590439446,
  "mse_model_by_horizon": {
    "1": 0.01425602590439446,
    "2": 0.015439049584198405,
    "3": 0.016397052301644264,
    "4": 0.01755822767418894,
    "5": 0.01911830246822457,
    "6": 0.020583613437007774
  },
  "mse_persist": 0.05079783150700457,
  "mse_persist_by_horizon": {
    "1": 0.05079783150700457,
    "2": 0.07858402969026373,
    "3": 0.08955643273304414,
    "4": 0.0946647086335967,
    "5": 0.09957588485893652,
    "6": 0.10438529657425755
  },
  "normalization_note": "Validation loader uses train-split dataset statistics; no val statistics are recomputed.",
  "num_batches": 528,
  "num_val_windows": 2112,
  "param_count": 343448,
  "prefix": 1,
  "proprio_mse_model": 0.00042947132163989767,
  "proprio_mse_model_by_horizon": {
    "1": 0.00042947132163989767,
    "2": 0.0010887736240020427,
    "3": 0.002078623510621555,
    "4": 0.0033334368275091315,
    "5": 0.004769662333163786,
    "6": 0.006339165746546562
  },
  "proprio_mse_persist": 0.006587746450818624,
  "proprio_mse_persist_by_horizon": {
    "1": 0.006587746450818624,
    "2": 0.020397820466975893,
    "3": 0.0364014524006548,
    "4": 0.05166076162067563,
    "5": 0.06650742676477724,
    "6": 0.08057792364023485
  },
  "proprio_skill": 0.9348075514371793,
  "proprio_skill_by_horizon": {
    "1": 0.9348075514371793,
    "2": 0.9466230411349699,
    "3": 0.9428972369634305,
    "4": 0.9354744931562328,
    "5": 0.9282837637060734,
    "6": 0.921328752837443
  },
  "seed": 236,
  "skill": 0.7193575890650237,
  "skill_by_horizon": {
    "1": 0.7193575890650237,
    "2": 0.8035345140093872,
    "3": 0.8169081572228127,
    "4": 0.8145219276789969,
    "5": 0.8080026856371061,
    "6": 0.8028111801898745
  },
  "task": "Wall",
  "top_k_patches": 32,
  "train_step_time_ms": 290.92604316700084
}
=== DONE wall_stage2c_pred_adaln_depth1_lance_h4_seed236 2026-06-01T23:35:24+08:00 ===
