=== REDIAG maze_stage2c_pred_adaln_depth1_lance_h4_seed236 2026-06-01T23:06:57+08:00 device=cuda:2 ===
config=/home/ps/Code/yqy/DINO-WM/jepawm_logs/mgvt_stage2c_3seed_20260531/maze_stage2c_pred_adaln_depth1_lance_h4_seed236/config.yaml
checkpoint=/home/ps/Code/yqy/DINO-WM/jepawm_checkpoints/mgvt_stage2c_3seed_20260531/maze_stage2c_pred_adaln_depth1_lance_h4_seed236/jepa-latest.pth.tar
INFO:Datasets utils:Datapaths ['/home/ps/Code/yqy/DINO-WM/jepawm_data/point_maze']
INFO:root:📂 Data paths: ['/home/ps/Code/yqy/DINO-WM/jepawm_data/point_maze']
INFO:app.plan_common.datasets.stores.lance_window:Opened Lance PointMaze dataset (2000 episodes) at /home/ps/Code/yqy/DINO-WM/jepawm_data/_lance_20260528/PointMaze.lance
INFO:app.plan_common.datasets.traj_dset:[[1105, 1622, 610, 131, 581, 509, 816, 470, 916, 1327, 222, 1203, 1799, 1829, 645, 1546, 822, 1372, 818, 1679, 1314, 687, 666, 1948, 1347, 156, 421, 1992, 1265, 1171, 783, 158, 1568, 1665, 558, 510, 1249, 1793, 1582, 343, 1603, 24, 1403, 912, 1830, 1017, 1944, 1801, 183, 198, 1906, 262, 524, 1771, 1758, 1857, 701, 1781, 81, 1335, 1127, 1445, 1113, 443, 1266, 576, 1181, 1861, 1122, 1159, 1756, 664, 325, 1749, 1996, 1616, 1088, 207, 1032, 923, 1281, 1816, 18, 125, 351, 1370, 1297, 1414, 147, 1849, 1760, 1673, 1775, 596, 169, 1045, 1853, 1696, 1137, 1536, 685, 1541, 831, 567, 678, 488, 301, 1111, 84, 390, 55, 192, 326, 310, 840, 1251, 1356, 1764, 224, 1969, 1311, 1914, 1880, 1808, 383, 1202, 570, 1246, 1795, 756, 316, 1399, 1018, 117, 1405, 1193, 1209, 181, 806, 168, 1342, 253, 1994, 1772, 846, 1146, 1124, 349, 132, 1038, 1427, 434, 1902, 575, 44, 689, 1044, 1991, 1569, 1516, 1722, 1499, 1263, 1608, 1134, 245, 1497, 1288, 298, 837, 1951, 1650, 1610, 98, 249, 1533, 1198, 433, 520, 1373, 989, 102, 66, 1693, 1108, 1348, 1150, 50, 1865, 1921, 1472, 97, 1326, 494, 1206, 1780, 355, 789, 477, 175, 1720, 1570, 1915, 1226, 246, 392, 1313, 668, 1396, 1579, 1623, 813, 1790, 693, 743, 1656, 843, 990, 1806, 1444, 730, 927, 1523, 646, 808, 1761, 1360, 724, 740, 449, 889, 640, 812, 1952, 165, 110, 962, 1118, 398, 1300, 107, 1465, 515, 1506, 1007, 338, 921, 1298, 1648, 1975, 1123, 1250, 1199, 1819, 1462, 1167, 835, 1716, 720, 252, 1565, 881, 142, 861, 638, 1407, 1408, 1794, 1028, 403, 532, 1828, 1237, 642, 1591, 1744, 1474, 1811, 1225, 372, 1636, 901, 1457, 1264, 870, 461, 696, 356, 51, 872, 162, 144, 522, 1706, 1485, 1926, 1885, 838, 1441, 239, 280, 507, 1140, 877, 151, 964, 629, 984, 879, 880, 1255, 1561, 1510, 334, 1156, 54, 584, 690, 271, 1500, 134, 1215, 734, 293, 1832, 1564, 874, 1889, 659, 1136, 1392, 276, 1674, 1670, 858, 1433, 1822, 1740, 1625, 1033, 1420, 73, 1737, 661, 1248, 1166, 385, 1731, 562, 709, 1477, 1271, 1936, 1173, 737, 796, 1869, 58, 1924, 1894, 1261, 201, 1712, 1098, 1571, 1792, 742, 237, 1508, 299, 1787, 518, 146, 936, 1293, 1746, 34, 514, 1141, 1482, 1590, 1135, 1834, 565, 688, 795, 590, 591, 92, 1299, 810, 617, 1192, 1398, 290, 1604, 393, 0, 1858, 547, 1810, 1051, 20, 911, 1020, 1025, 1988, 746, 1645, 1196, 240, 1318, 354, 442, 1555, 27, 479, 1087, 995, 258, 997, 462, 516, 234, 1000, 1910, 148, 257, 80, 1221, 1615, 1430, 150, 599, 12, 380, 1475, 375, 695, 954, 1095, 904, 211, 1958, 1511, 1730, 1977, 979, 786, 1594, 1605, 244, 1432, 539, 1110, 1859, 777, 751, 1484, 1925, 1064, 1463, 560, 778, 120, 93, 1204, 1207, 674, 819, 776, 1015, 1986, 1062, 11, 1496, 1852, 586, 528, 1515, 1139, 708, 1527, 1955, 862, 113, 348, 749, 639, 595, 809, 1962, 1680, 1818, 671, 285, 1294, 1974, 382, 1574, 1346, 327, 313, 1697, 1074, 1755, 1262, 993, 428, 1423, 1618, 1009, 232, 836, 1743, 1557, 1389, 543, 1132, 931, 588, 1418, 1683, 1069, 1517, 605, 101, 544, 163, 533, 1960, 480, 977, 420, 190, 1694, 1684, 1479, 1133, 1949, 1362, 897, 1765, 182, 106, 1275, 1916, 259, 1368, 899, 963, 453, 476, 1005, 868, 1788, 1687, 228, 1182, 1004, 342, 961, 9, 369, 1817, 1662, 704, 1252, 1232, 394, 1947, 238, 1751, 1874, 1236, 1375, 1341, 641, 714, 53, 401, 180, 1446, 764, 999, 1917, 1786, 1195, 1063, 406, 1072, 864, 10, 636, 988, 236, 61, 622, 209, 1257, 830, 1535, 1778, 121, 451, 292, 1649, 288, 1107, 832, 1458, 64, 1934, 1042, 1766, 1585, 1227, 251, 172, 1613, 1676, 409, 719, 863, 502, 300, 1381, 940, 541, 164, 1073, 1704, 1078, 31, 1966, 1093, 1320, 821, 1308, 1091, 1267, 1312, 780, 1825, 941, 452, 1562, 1434, 344, 414, 653, 1309, 973, 998, 1415, 1987, 585, 272, 133, 1597, 1188, 1278, 1796, 1983, 851, 1120, 1997, 78, 1210, 457, 386, 820, 304, 435, 1131, 333, 601, 616, 282, 552, 1456, 1876, 1351, 938, 1702, 1576, 13, 450, 492, 1701, 376, 42, 980, 1614, 655, 29, 21, 441, 1575, 45, 456, 1736, 427, 860, 1333, 1316, 824, 1058, 1933, 437, 1451, 951, 854, 1307, 882, 278, 1655, 1705, 1635, 321, 1631, 1843, 1624, 521, 1725, 1984, 1812, 171, 1021, 1411, 604, 273, 633, 1498, 1106, 1354, 1386, 1558, 1292, 542, 413, 138, 1961, 573, 512, 1353, 1306, 1143, 481, 379, 1929, 1494, 1752, 681, 1429, 1956, 781, 866, 243, 925, 878, 762, 277, 703, 1931, 1578, 943, 1809, 987, 1669, 1750, 1276, 1998, 1148, 83, 418, 1627, 254, 1319, 482, 1233, 647, 39, 1884, 314, 1242, 1733, 1553, 559, 5, 89, 1447, 648, 71, 1814, 410, 1943, 684, 1612, 1887, 1324, 1201, 1935, 1815, 1663, 1413, 1543, 1425, 1842, 216, 1963, 294, 1273, 1982, 765, 371, 1999, 303, 597, 829, 189, 1406, 892, 729, 367, 1467, 726, 1395, 469, 1672, 1388, 676, 1695, 1369, 732, 656, 679, 59, 1092, 612, 1660, 1096, 255, 1459, 1290, 235, 41, 1773, 569, 1747, 1685, 1164, 1013, 1776, 683, 568, 1040, 885, 140, 261, 1607, 1664, 886, 6, 500, 1289, 289, 802, 25, 1621, 844, 1491, 627, 1567, 1759, 1619, 1805, 982, 1640, 137, 1714, 408, 407, 1489, 1180, 1742, 738, 1913, 1531, 799, 635, 105, 926, 1879, 841, 490, 893, 1374, 1185, 1595, 79, 1833, 1867, 1487, 122, 856, 1379, 1349, 1620, 902, 1228, 546, 1303, 1846, 1668, 593, 194, 1029, 205, 1599, 1054, 504, 915, 702, 1540, 1637, 1638, 1450, 1592, 735, 7, 319, 1322, 1647, 1552, 1824, 1713, 1097, 1908, 537, 1993, 1126, 826, 1827, 1352, 1897, 1175, 803, 779, 739, 991, 1224, 1026, 1710, 1854, 397, 281, 1442, 903, 561, 43, 791, 1723, 1365, 1537, 196, 1596, 1130, 1284, 508, 1863, 958, 1932, 1473, 1534, 994, 1383, 160, 1967, 1519, 1172, 728, 621, 1424, 807, 1214, 286, 631, 1728, 946, 1549, 1545, 167, 447, 1941, 1753, 347, 884, 1554, 1542, 1216, 445, 491, 869, 284, 1247, 1539, 1037, 467, 564, 658, 1890, 1256, 1343, 713, 1529, 1129, 506, 566, 1421, 825, 1826, 1898, 75, 1104, 1153, 626, 1170, 1953, 1903, 1881, 65, 1871, 1387, 1643, 1231, 1050, 56, 1174, 247, 873, 800, 1526, 108, 374, 1230, 112, 705, 1325, 1338, 1481, 757, 69, 1584, 785, 404, 1741, 1707, 944, 223, 670, 217, 1001, 1121, 1437, 3, 305, 669, 312, 1329, 1646, 1978, 957, 1820, 600, 525, 353, 792, 279, 1183, 723, 116, 530, 782, 124, 1630, 1291, 1729, 662, 1573, 1981, 1895, 229, 794, 318, 1041, 123, 710, 48, 716, 1927, 230, 424, 1893, 1144, 917, 992, 1802, 323, 1103, 308, 432, 1689, 1860, 431, 1544, 391, 1661, 1587, 1659, 1698, 1979, 960, 563, 707, 1556, 389, 1866, 1219, 1317, 965, 1748, 1581, 1014, 1417, 320, 774, 845, 128, 339, 1957, 842, 1184, 1476, 395, 178, 572, 744, 202, 90, 1783, 1102, 672, 1323, 446, 1682, 760, 1344, 847, 663, 697, 460, 366, 1436, 896, 472, 1490, 1274, 363, 478, 329, 536, 1900, 336, 1283, 540, 1671, 474, 955, 608, 771, 206, 587, 1431, 1509, 1502, 463, 1835, 212, 798, 643, 594, 1011, 218, 340, 377, 264, 1464, 887, 330, 968, 924, 1049, 814, 1985, 850, 455, 583, 1492, 519, 1035, 1401, 1208, 1190, 191, 1851, 297, 1023, 623, 1845, 448, 268, 913, 1187, 1315, 811, 772, 727, 270, 30, 47, 1652, 226, 1973, 577, 1165, 1551, 1161, 1212, 1090, 400, 1678, 1691, 1151, 1873, 1145, 1384, 1940, 197, 473, 103, 1205, 1160, 1060, 592, 579, 937, 179, 531, 855, 26, 176, 733, 1563, 161, 8, 1416, 1892, 582, 1478, 91, 464, 1653, 1791, 405, 49, 287, 157, 1380, 1086, 119, 511, 767, 1003, 1394, 823, 920, 466, 1877, 1757, 475, 972, 1071, 152, 22, 1117, 876, 1367, 1363, 1586, 1079, 40, 1964, 263, 302, 1163, 526, 384, 1657, 1629, 654, 1002, 1334, 1677, 2, 1109, 28, 632, 766, 1724, 1930, 557, 36, 1065, 1919, 549, 745, 100, 644, 468, 306, 1269, 545, 360, 556, 1157, 761, 1254, 1848, 1077, 1976, 717, 1480, 1376, 174, 1258, 1178, 1337, 620, 1644, 1211, 548, 888, 143, 1918, 867, 1483, 242, 619, 748, 731, 1116, 1501, 1435, 1838, 1357, 657, 1945, 1364, 378, 1606, 857, 1321, 1213, 859, 1019, 46, 1692, 426, 1521, 909, 1229, 1850, 307, 1010, 919, 350, 1402, 337, 87, 368, 752, 1076, 1654, 1923, 1328, 711, 797, 341, 1946, 415, 1700, 1039, 38, 1920, 945, 1904, 185, 365, 1036, 603, 99, 1332, 86, 1583, 1797, 804, 1507, 1428, 692, 1486, 750, 971, 1061, 231, 1611, 357, 554, 1598, 210, 1186, 1391, 1735, 1617, 1909, 501, 1837, 1112, 1260, 1358, 1995, 1253, 145, 1377, 1304, 1083, 1066, 1410, 141, 1240, 193, 1052, 606, 1047, 1259, 1243, 754, 1675, 1711, 82, 1085, 609, 493, 440, 1784, 1681, 1942, 1270, 649, 423, 614, 199, 1968, 1779, 88, 429, 458, 1162, 1440, 1839, 1905, 1803, 1870, 1589, 1572, 1651, 1844, 419, 898, 985, 136, 1862, 1493, 571, 1056, 1721, 387, 986, 1359, 126, 1602, 1006, 1048, 1901, 439, 1094, 260, 908, 195, 275, 1101, 1726, 17, 1305, 1128, 1030, 1690, 1745, 1939, 35, 1142, 52, 1559, 890, 1768, 129, 682, 1070, 891, 1807, 1234, 715, 871, 929, 922, 1560, 910, 77, 513, 267, 721, 295, 72, 1990, 615, 790, 978, 952, 444, 1053, 274, 118, 1239, 947, 930, 1580, 1762, 32, 496, 1763, 634, 373, 1970, 1633, 1577, 1907, 747, 1385, 505, 1538, 1488, 85, 849, 159, 1404, 1715, 1520, 361, 553, 1339, 976, 1911, 1912, 1588, 173, 1125, 1302, 1928, 208, 1280, 1891, 1831, 1666, 430, 996, 70, 1031, 213, 1525, 1965, 115, 1777, 402, 1888, 1400, 331, 166, 1194, 1718, 1439, 486, 484, 127, 57, 517, 1550, 1658, 149, 1461, 1177, 1823, 942, 16, 1739, 1632, 1016, 130, 154, 1800, 538, 673, 1059, 139, 932, 1466, 1868, 483, 801, 1468, 416, 498, 1043, 1886, 775, 1279, 637, 68, 1530, 1782, 529, 1804, 1840, 1008, 324, 1878, 471, 1959, 1169, 37, 1769, 1856, 503, 186, 624, 535, 19, 219, 309, 188, 949, 399, 630, 784, 613, 322, 906, 1513, 1896, 1875, 787, 1601, 1841, 388, 266, 1566, 1189, 352, 736, 170, 74, 1455, 1412, 1099, 1268, 793, 755, 1075, 454, 1287, 900, 1179, 894, 1971, 660, 364, 675, 1, 1361, 769, 1469, 589, 1149, 1390, 359, 499, 412, 1336, 611, 1504, 1448, 905, 1378, 1012, 436, 1547, 665, 852, 1282, 1393, 1382, 1798, 1422, 1609, 1641, 763, 706, 1220, 1789, 758, 712, 1883, 67, 1709, 1438, 1152, 817, 914, 109, 396, 1296, 1245, 315, 1727, 983, 485, 773, 907, 187, 956, 1022, 1285, 1080, 833, 269, 895, 722, 94, 578, 1223, 425, 966, 1532, 1100, 14, 1980, 1082, 698, 1593, 652, 283, 1495, 1954, 1081, 974, 1767, 680, 694, 981, 1355, 346, 1443, 1922, 76, 1277, 225, 1155, 1703, 1899, 241, 834], [935, 686, 625, 933, 1471, 1514, 1089, 4, 215, 345, 928, 1222, 527, 551, 1147, 718, 1503, 335, 1286, 1688, 111, 759, 104, 848, 788, 628, 815, 1855, 1295, 725, 1197, 15, 1950, 1770, 1158, 1734, 1191, 1200, 1719, 934, 1330, 1774, 1024, 1241, 1864, 177, 23, 1057, 227, 1272, 839, 1626, 214, 618, 495, 1168, 296, 96, 1310, 317, 1452, 370, 332, 667, 256, 1821, 1027, 691, 1176, 1937, 550, 1785, 62, 1449, 250, 1119, 1301, 1154, 1847, 753, 1426, 203, 60, 1238, 233, 805, 1114, 362, 770, 33, 1331, 1340, 204, 381, 580, 607, 959, 489, 1518, 1235, 422, 953, 651, 1366, 741, 1244, 1046, 184, 1522, 1717, 650, 1989, 200, 1371, 1115, 534, 865, 883, 1524, 1708, 1460, 1600, 598, 950, 1505, 1872, 1138, 828, 1667, 265, 248, 1454, 1409, 918, 853, 969, 1419, 1639, 1938, 487, 1084, 311, 1218, 220, 1345, 1628, 602, 1738, 1350, 1882, 523, 1699, 1217, 699, 411, 465, 114, 1813, 1055, 1836, 417, 1686, 677, 827, 1470, 291, 555, 970, 1512, 358, 328, 967, 153, 768, 221, 459, 155, 948, 63, 939, 1528, 95, 1642, 1068, 1754, 1453, 1397, 975, 700, 135, 1634, 1732, 497, 875, 1972, 1067, 1548, 438, 1034, 574]]
INFO:root:VideoDataset unsupervised data loader created
INFO:dinov2:using MLP layer as FFN
INFO:root:Encoder: DinoEncoder(
  (base_model): DinoVisionTransformer(
    (patch_embed): PatchEmbed(
      (proj): Conv2d(3, 384, kernel_size=(14, 14), stride=(14, 14))
      (norm): Identity()
    )
    (blocks): ModuleList(
      (0-11): 12 x NestedTensorBlock(
        (norm1): LayerNorm((384,), eps=1e-06, elementwise_affine=True)
        (attn): MemEffAttention(
          (qkv): Linear(in_features=384, out_features=1152, bias=True)
          (attn_drop): Dropout(p=0.0, inplace=False)
          (proj): Linear(in_features=384, out_features=384, bias=True)
          (proj_drop): Dropout(p=0.0, inplace=False)
        )
        (ls1): LayerScale()
        (drop_path1): Identity()
        (norm2): LayerNorm((384,), eps=1e-06, elementwise_affine=True)
        (mlp): Mlp(
          (fc1): Linear(in_features=384, out_features=1536, bias=True)
          (act): GELU(approximate='none')
          (fc2): Linear(in_features=1536, out_features=384, bias=True)
          (drop): Dropout(p=0.0, inplace=False)
        )
        (ls2): LayerScale()
        (drop_path2): Identity()
      )
    )
    (norm): LayerNorm((384,), eps=1e-06, elementwise_affine=True)
    (head): Identity()
  )
)
INFO:root:🧠 Encoder: DinoEncoder (22,056,576 params, frozen=True)
INFO:app.plan_common.models.AdaLN_vit:🔧 Initialized 1 AdaLN-zero blocks
INFO:root:Predictor: VisionTransformerAdaLN(
  (predictor_embed): Linear(in_features=384, out_features=104, bias=True)
  (predictor_blocks): ModuleList(
    (0): FWAdaLNBlock(
      (norm1): LayerNorm((120,), eps=1e-06, elementwise_affine=True)
      (attn): RoPEAttention(
        (qkv): Linear(in_features=120, out_features=360, bias=True)
        (attn_drop): Dropout(p=0.0, inplace=False)
        (proj): Linear(in_features=120, out_features=120, bias=True)
        (proj_drop): Dropout(p=0.0, inplace=False)
      )
      (drop_path): Identity()
      (norm2): LayerNorm((120,), eps=1e-06, elementwise_affine=True)
      (mlp): MLP(
        (fc1): Linear(in_features=120, out_features=480, bias=True)
        (act): GELU(approximate='none')
        (fc2): Linear(in_features=480, out_features=120, bias=True)
        (drop): Dropout(p=0.0, inplace=False)
      )
      (adaLN_modulation): Sequential(
        (0): SiLU()
        (1): Linear(in_features=120, out_features=720, bias=True)
      )
    )
  )
  (predictor_norm): LayerNorm((120,), eps=1e-06, elementwise_affine=True)
  (predictor_proj): Linear(in_features=104, out_features=384, bias=True)
)
INFO:root:🔮 Predictor: VisionTransformerAdaLN (342,080 params)
INFO:root:Action encoder output dim: 120
INFO:root:Loading checkpoint from local path: /home/ps/Code/yqy/DINO-WM/jepawm_checkpoints/mgvt_stage2c_3seed_20260531/maze_stage2c_pred_adaln_depth1_lance_h4_seed236/jepa-latest.pth.tar
INFO:root:loaded pretrained predictor from epoch 10 with msg: <All keys matched successfully>
INFO:root:loaded pretrained action encoder from epoch 10 with msg: <All keys matched successfully>
INFO:root:loaded pretrained proprio encoder from epoch 10 with msg: <All keys matched successfully>
INFO:root:📉 Loss weights: L2=1.0
{
  "backend": {
    "fall_back_to_raw_if_unsupported": false,
    "kind": "swm_lance",
    "lance_uri": "/home/ps/Code/yqy/DINO-WM/jepawm_data/_lance_20260528/PointMaze.lance"
  },
  "change_mse_model": 0.0408186027383218,
  "change_mse_model_by_horizon": {
    "1": 0.0408186027383218,
    "2": 0.04671693822765936,
    "3": 0.051132945575308605,
    "4": 0.055520755863580545,
    "5": 0.059810015197660105,
    "6": 0.06377362578863004
  },
  "change_mse_persist": 0.07907978992435898,
  "change_mse_persist_by_horizon": {
    "1": 0.07907978992435898,
    "2": 0.11012577161559316,
    "3": 0.12142762992836413,
    "4": 0.1262365472487739,
    "5": 0.12938490551392562,
    "6": 0.13141212211646994
  },
  "change_skill": 0.4838301571442537,
  "change_skill_by_horizon": {
    "1": 0.4838301571442537,
    "2": 0.5757855991172505,
    "3": 0.5789018890883868,
    "4": 0.5601847715767606,
    "5": 0.5377357585872118,
    "6": 0.5147051522986001
  },
  "checkpoint": "/home/ps/Code/yqy/DINO-WM/jepawm_checkpoints/mgvt_stage2c_3seed_20260531/maze_stage2c_pred_adaln_depth1_lance_h4_seed236/jepa-latest.pth.tar",
  "config": "/home/ps/Code/yqy/DINO-WM/jepawm_logs/mgvt_stage2c_3seed_20260531/maze_stage2c_pred_adaln_depth1_lance_h4_seed236/config.yaml",
  "deterministic_encode_max_abs_diff": 0.0,
  "diagnostic_batch_time_ms": 79.31167919364314,
  "flops_per_forward_estimate": null,
  "latent_mean": -3.417091965811427e-10,
  "latent_std": 0.9999994025855768,
  "mamba_backend": null,
  "max_horizon": 6,
  "model": "AdaLN",
  "moved_region_change_skill": 0.3645281447316949,
  "moved_region_change_skill_by_horizon": {
    "1": 0.3645281447316949,
    "2": 0.4771093009339673,
    "3": 0.4777432357236844,
    "4": 0.4490091441852698,
    "5": 0.41336952425602913,
    "6": 0.3741019981028285
  },
  "moved_region_counts_by_horizon": {
    "1": 1518121,
    "2": 1455377,
    "3": 1426177,
    "4": 1416027,
    "5": 1408508,
    "6": 1404546
  },
  "moved_region_mask": {
    "denominator_floor": 0.0,
    "dilation": 1,
    "min_floor": 0.0,
    "source": "target_side_persistence_patch_mse",
    "top_frac": 0.2
  },
  "moved_region_mse_model": 0.01538738874708605,
  "moved_region_mse_model_by_horizon": {
    "1": 0.01538738874708605,
    "2": 0.018087996612329786,
    "3": 0.020282339809833388,
    "4": 0.022381197780576272,
    "5": 0.024551574373544372,
    "6": 0.02668751029139295
  },
  "moved_region_mse_persist": 0.02421411525863609,
  "moved_region_mse_persist_by_horizon": {
    "1": 0.02421411525863609,
    "2": 0.034592308956035885,
    "3": 0.038835954260809546,
    "4": 0.040619907834009344,
    "5": 0.041851856302569025,
    "6": 0.042638752976523205
  },
  "mse_model": 0.009710919565261631,
  "mse_model_by_horizon": {
    "1": 0.009710919565261631,
    "2": 0.011192188444623693,
    "3": 0.012531107480286574,
    "4": 0.013949149883672839,
    "5": 0.015475486921238117,
    "6": 0.01707418274042792
  },
  "mse_persist": 0.01310265992615433,
  "mse_persist_by_horizon": {
    "1": 0.01310265992615433,
    "2": 0.017849065421271276,
    "3": 0.019645802979128525,
    "4": 0.020403481662792506,
    "5": 0.02092480783488174,
    "6": 0.021270023377337417
  },
  "normalization_note": "Validation loader uses train-split dataset statistics; no val statistics are recomputed.",
  "num_batches": 3050,
  "num_val_windows": 12200,
  "param_count": 343480,
  "prefix": 1,
  "proprio_mse_model": 0.031469280397916424,
  "proprio_mse_model_by_horizon": {
    "1": 0.031469280397916424,
    "2": 0.04973052880261093,
    "3": 0.06875129427203573,
    "4": 0.0909984962672728,
    "5": 0.11503118414126459,
    "6": 0.14627242069660884
  },
  "proprio_mse_persist": 0.5179024859591097,
  "proprio_mse_persist_by_horizon": {
    "1": 0.5179024859591097,
    "2": 0.8388571712814393,
    "3": 0.9931832108683274,
    "4": 1.0505323183683097,
    "5": 1.0784798867536374,
    "6": 1.0767956420901368
  },
  "proprio_skill": 0.9392370547524249,
  "proprio_skill_by_horizon": {
    "1": 0.9392370547524249,
    "2": 0.9407163334770775,
    "3": 0.9307768259474227,
    "4": 0.9133786798595478,
    "5": 0.8933395183775534,
    "6": 0.8641595350324007
  },
  "seed": 236,
  "skill": 0.25885891719760024,
  "skill_by_horizon": {
    "1": 0.25885891719760024,
    "2": 0.37295381127991045,
    "3": 0.36214836860577915,
    "4": 0.3163348239182969,
    "5": 0.2604239406471195,
    "6": 0.1972654454804239
  },
  "task": "PointMaze",
  "top_k_patches": 32,
  "train_step_time_ms": 268.2588074840003
}
=== DONE maze_stage2c_pred_adaln_depth1_lance_h4_seed236 2026-06-01T23:24:30+08:00 ===
