=== REDIAG wall_stage2c_pred_adaln_depth1_lance_h4_seed234 2026-06-01T23:30:09+08:00 device=cuda:2 ===
config=/home/ps/Code/yqy/DINO-WM/jepawm_logs/mgvt_stage2c_3seed_20260531/wall_stage2c_pred_adaln_depth1_lance_h4_seed234/config.yaml
checkpoint=/home/ps/Code/yqy/DINO-WM/jepawm_checkpoints/mgvt_stage2c_3seed_20260531/wall_stage2c_pred_adaln_depth1_lance_h4_seed234/jepa-latest.pth.tar
INFO:Datasets utils:Datapaths ['/home/ps/Code/yqy/DINO-WM/jepawm_data/wall_single']
INFO:root:📂 Data paths: ['/home/ps/Code/yqy/DINO-WM/jepawm_data/wall_single']
INFO:app.plan_common.datasets.stores.lance_window:Opened Lance PointMaze dataset (1920 episodes) at /home/ps/Code/yqy/DINO-WM/jepawm_data/_lance_20260528/Wall.lance
INFO:app.plan_common.datasets.traj_dset:[[1480, 1427, 974, 395, 427, 1515, 397, 1509, 726, 1754, 102, 1828, 611, 87, 260, 250, 1320, 1915, 894, 49, 615, 667, 827, 673, 1468, 161, 239, 1813, 1706, 1880, 1787, 1215, 1315, 955, 775, 1340, 1097, 456, 1101, 759, 1443, 1372, 853, 696, 1500, 2, 1158, 1536, 487, 1250, 1473, 817, 380, 907, 745, 146, 824, 1271, 925, 152, 1646, 547, 1364, 112, 1183, 1004, 1302, 58, 1834, 1521, 483, 1712, 1827, 1818, 1616, 1400, 563, 936, 364, 944, 1260, 48, 1170, 554, 28, 1522, 1212, 863, 330, 517, 961, 23, 197, 1204, 1102, 326, 1385, 1615, 762, 1110, 1057, 1486, 1112, 1885, 595, 442, 638, 1606, 1621, 1135, 1120, 388, 378, 864, 207, 1599, 272, 1689, 1801, 1293, 1394, 41, 1532, 621, 176, 93, 1842, 319, 911, 679, 1336, 150, 634, 1000, 1055, 1033, 580, 314, 1485, 1891, 882, 464, 1492, 369, 1672, 814, 529, 1894, 1793, 1359, 379, 1128, 1020, 1145, 560, 1741, 139, 684, 779, 193, 1321, 965, 106, 1329, 1010, 1078, 128, 1802, 1374, 860, 200, 1172, 1146, 701, 712, 1072, 1766, 1743, 1429, 1370, 631, 1791, 16, 1788, 976, 470, 796, 1895, 612, 921, 1137, 244, 662, 1911, 1431, 1151, 1783, 135, 651, 189, 1687, 6, 888, 1434, 269, 663, 717, 1496, 285, 104, 1670, 1551, 1207, 1173, 1814, 990, 1409, 1239, 1227, 1550, 1436, 968, 1015, 1631, 677, 1095, 1163, 1709, 571, 1566, 352, 708, 1084, 1115, 1875, 1469, 145, 843, 1304, 293, 630, 1823, 267, 205, 1865, 452, 433, 1659, 1871, 720, 1816, 721, 1668, 1718, 1597, 703, 948, 281, 1804, 412, 1075, 61, 305, 766, 125, 996, 932, 478, 356, 334, 1882, 1758, 1494, 401, 1864, 1265, 1092, 118, 1463, 1243, 886, 1100, 120, 956, 901, 1677, 318, 652, 741, 8, 737, 363, 744, 1255, 222, 99, 393, 493, 742, 485, 226, 1516, 693, 1022, 931, 366, 494, 341, 665, 761, 1768, 1676, 1726, 1005, 416, 1878, 1884, 1893, 350, 992, 1619, 1123, 1699, 394, 1684, 1244, 890, 1832, 1626, 1186, 1770, 279, 1018, 1580, 94, 1778, 1721, 1750, 1892, 1796, 18, 668, 1258, 783, 166, 1573, 1887, 1264, 370, 1704, 1571, 1841, 498, 967, 1560, 324, 1717, 105, 243, 116, 1607, 1809, 217, 12, 206, 295, 1904, 849, 801, 1351, 804, 1777, 1087, 640, 1272, 594, 1277, 1202, 17, 1196, 1310, 604, 1508, 1142, 1803, 255, 1256, 654, 797, 672, 1241, 1531, 1017, 169, 343, 88, 1420, 292, 1201, 365, 512, 583, 375, 507, 253, 353, 497, 1089, 760, 1162, 377, 177, 391, 769, 1453, 902, 1634, 655, 833, 1376, 27, 883, 182, 1418, 1645, 555, 645, 945, 1906, 1491, 1733, 268, 790, 842, 1231, 181, 1678, 1222, 1375, 1236, 905, 1069, 889, 564, 1757, 1638, 1086, 66, 228, 1039, 476, 1817, 1111, 1076, 985, 705, 1482, 340, 624, 1601, 977, 421, 613, 1489, 1547, 1797, 1805, 757, 63, 625, 669, 1908, 1350, 1012, 698, 666, 1877, 113, 303, 29, 1197, 983, 20, 767, 820, 543, 819, 1152, 1716, 329, 1415, 361, 1182, 1148, 1846, 174, 415, 516, 80, 262, 1384, 1674, 164, 623, 947, 141, 276, 1178, 868, 408, 962, 1575, 1513, 794, 1327, 1653, 1526, 133, 1742, 792, 1917, 718, 24, 635, 1230, 1445, 913, 149, 257, 893, 385, 567, 1167, 1563, 649, 1048, 466, 413, 1886, 950, 1876, 574, 1435, 1564, 1037, 1401, 119, 429, 1356, 1133, 1682, 1334, 1038, 1403, 1847, 1416, 92, 1519, 724, 537, 1649, 444, 1156, 740, 78, 1159, 1845, 403, 37, 1730, 1226, 384, 887, 1292, 1457, 1609, 802, 1719, 728, 659, 1281, 65, 320, 823, 1567, 1918, 1027, 795, 850, 940, 898, 674, 1267, 1099, 1371, 1426, 1483, 973, 561, 1555, 1131, 1833, 1442, 453, 373, 278, 371, 1247, 1648, 1410, 1326, 346, 1184, 710, 731, 519, 680, 1393, 168, 854, 1058, 1368, 86, 484, 975, 1795, 1852, 1861, 540, 822, 755, 1703, 1276, 1198, 928, 1218, 558, 1080, 382, 1660, 1523, 1624, 1049, 862, 1328, 51, 151, 163, 1175, 943, 969, 1032, 639, 252, 722, 419, 1843, 1620, 1889, 1179, 568, 844, 1323, 1669, 690, 439, 941, 1136, 1749, 1700, 1047, 1059, 1715, 1395, 1397, 1600, 1061, 777, 460, 231, 241, 435, 1387, 1106, 1441, 1362, 570, 1117, 881, 1344, 511, 637, 171, 1774, 1785, 1016, 938, 514, 1361, 1623, 215, 1662, 1407, 316, 578, 521, 972, 68, 922, 1129, 719, 1029, 1835, 1636, 1465, 1454, 488, 1524, 1205, 1147, 1171, 1150, 172, 1528, 1052, 1553, 1907, 675, 1736, 463, 480, 892, 1139, 1383, 1406, 432, 736, 1576, 26, 1424, 709, 1675, 509, 895, 1903, 57, 978, 1280, 832, 95, 1458, 248, 587, 1154, 186, 1380, 1694, 1023, 1379, 376, 1898, 98, 1348, 1725, 159, 74, 875, 551, 830, 899, 1517, 1194, 60, 1360, 1399, 885, 232, 916, 1747, 359, 739, 1382, 7, 1138, 1164, 897, 920, 664, 1389, 338, 1056, 188, 238, 1242, 224, 1357, 34, 77, 837, 1437, 998, 1421, 89, 713, 1301, 147, 196, 1343, 404, 599, 1572, 345, 85, 1349, 368, 451, 993, 69, 277, 423, 1627, 1896, 1124, 367, 220, 707, 1808, 805, 1342, 1181, 831, 1411, 3, 283, 1499, 960, 465, 704, 1632, 153, 768, 1657, 1024, 1831, 190, 471, 25, 1373, 1629, 1779, 1031, 13, 1851, 603, 1897, 30, 430, 716, 1558, 900, 472, 1390, 1009, 247, 1727, 591, 689, 1305, 234, 1339, 840, 702, 533, 946, 1663, 866, 1199, 1781, 1690, 1134, 1511, 1413, 1093, 678, 646, 14, 808, 1066, 1311, 806, 539, 1821, 0, 183, 1153, 1574, 339, 541, 815, 1040, 933, 1581, 1214, 1191, 1206, 1493, 1643, 856, 1794, 91, 1358, 230, 1856, 130, 1546, 910, 90, 1681, 1510, 270, 1470, 1229, 851, 1295, 242, 1780, 213, 1598, 1853, 1306, 1270, 449, 407, 437, 400, 605, 1232, 1041, 1488, 229, 1034, 311, 542, 309, 459, 1916, 750, 1844, 1617, 1423, 83, 503, 1116, 56, 1274, 158, 884, 1608, 111, 265, 1548, 1307, 1177, 1125, 468, 647, 957, 618, 569, 1888, 1211, 553, 414, 1919, 585, 1064, 233, 1862, 10, 134, 436, 1365, 1556, 1456, 1266, 1688, 764, 787, 1263, 653, 1104, 754, 64, 522, 1693, 114, 937, 1259, 1724, 858, 1192, 734, 572, 154, 834, 1667, 546, 251, 299, 1107, 1720, 1537, 474, 1870, 566, 1122, 813, 1391, 818, 579, 1874, 1614, 1613, 1404, 1422, 1352, 1691, 44, 245, 1655, 1577, 1868, 178, 627, 1180, 1789, 1405, 1705, 40, 1046, 124, 1589, 1514, 1593, 1126, 891, 636, 266, 1363, 1900, 187, 836, 1829, 1695, 581, 67, 1450, 1347, 1028, 1529, 1312, 1319, 398, 355, 271, 254, 1007, 1091, 304, 748, 1857, 1840, 979, 1071, 1074, 208, 1714, 180, 1890, 825, 167, 926, 1114, 688, 1369, 1392, 953, 53, 1596, 1651, 399, 1771, 1464, 1748, 682, 753, 538, 1060, 1859, 671, 1257, 96, 310, 261, 1559, 699, 765, 477, 448, 1414, 475, 544, 1478, 1378, 55, 1472, 871, 534, 1637, 1652, 811, 1811, 582, 129, 870, 835, 123, 1132, 772, 1050, 586, 966, 1565, 1313, 1425, 410, 1837, 1507, 411, 1902, 227, 1503, 730, 175, 71, 939, 126, 711, 1786, 1583, 715, 1815, 1612, 43, 1735, 212, 191, 1195, 723, 221, 1284, 548, 1673, 101, 1761, 573, 877, 1633, 1603, 1168, 1275, 1588, 1504, 549, 619, 173, 192, 510, 1217, 1190, 298, 282, 223, 1838, 1680, 294, 1235, 1245, 807, 1160, 157, 879, 660, 1738, 203, 1452, 142, 593, 362, 209, 1773, 867, 942, 770, 1739, 211, 1013, 1664, 1234, 1562, 32, 1044, 909, 1582, 1782, 194, 1108, 1333, 738, 62, 1141, 1355, 1083, 1432, 1451, 1070, 100, 331, 502, 1776, 1745, 162, 1077, 970, 518, 751, 33, 440, 372, 425, 1569, 103, 1728, 657, 1474, 491, 328, 1220, 4, 447, 774, 1822, 873, 1298, 358, 515, 1127, 1346, 54, 1872, 390, 462, 930, 1412, 256, 954, 1533, 1722, 1732, 450, 486, 934, 1707, 246, 327, 434, 1585, 1278, 588, 405, 951, 1068, 1825, 336, 1549, 428, 524, 626, 1285, 127, 1297, 1812, 258, 778, 21, 610, 1174, 1088, 556, 82, 1193, 1909, 1448, 1604, 1002, 1143, 264, 1586, 148, 1584, 438, 75, 342, 1011, 1545, 1824, 656, 914, 752, 1417, 199, 692, 685, 349, 826, 773, 1296, 1042, 597, 489, 789, 874, 290, 1557, 997, 617, 184, 457, 697, 1910, 896, 924, 1283, 1744, 1527, 839, 1883, 535, 1140, 1554, 445, 643, 210, 1210, 1188, 1121, 1014, 525, 771, 756, 1036, 964, 845, 747, 240, 1490, 1208, 46, 1219, 1314, 589, 1254, 622, 1213, 1570, 420, 1723, 1594, 1240, 1290, 1568, 38, 855, 584, 402, 1913, 202, 816, 1764, 1772, 406, 424, 22, 1763, 1316, 1253, 1839, 1288, 1187, 959, 799, 1753, 1759, 880, 317, 1830, 312, 995, 1696, 1299, 1477, 1377, 695, 482, 1881, 1130, 431, 1444, 1544, 1806, 1287, 107, 903, 1268, 386, 1502, 354, 441, 1282, 1869, 1221, 1775, 313, 1605, 1286, 289, 409, 1611, 1079, 1330, 237, 1, 1065, 259, 1484, 1784, 5, 284, 1094, 325, 36, 1439, 1541, 1642, 1713, 1300, 784, 1650, 1189, 1854, 1863, 526, 31, 1656, 122, 1644, 490, 1006, 1481, 321, 1647, 628, 929, 389, 1025, 469, 601, 479, 727, 1054, 1697, 1233, 140, 1873, 1449, 1337, 1475, 1731, 1467, 988, 1807, 446, 1520, 9, 1166, 506, 725, 545, 1438, 596, 1543, 1800, 1635, 1001, 1155, 1476, 1685, 872, 1200, 1118, 528, 15, 50, 274, 1901, 143, 165, 798, 170, 492, 912, 848, 288, 1639, 348, 614, 670, 971, 1518, 1552, 812, 1746, 1737, 513, 1799, 236, 1755, 39, 781, 523, 1666, 793, 275, 869, 179, 1708, 297, 1590, 42, 600, 1030, 700, 1367, 185, 1096, 661, 527, 1686, 1144, 1460, 1618, 562, 1711, 1683, 776, 963, 52, 681, 117, 1318, 1225, 11, 454, 1661, 676, 852, 1279, 1026, 1858, 45, 743, 1767, 927, 648, 1530, 989, 861, 1185, 809, 536, 1332, 1497, 694, 982, 1381, 1354, 1322, 1471, 344, 1540, 923, 1654, 1462, 758, 576, 1751, 1252, 1466, 35, 504, 1679, 1820, 70, 1622, 1216, 72, 847, 1223, 1105, 876, 1455, 84, 1542, 644, 658, 280, 1317, 360, 426, 532, 1849, 1051, 1446, 315, 906, 1710, 829, 1702, 1248, 1402, 987, 565, 467, 1826, 1867, 616, 301, 1021, 291, 481, 1396, 810, 110, 1045, 79, 418, 1579, 1082, 1433, 458, 1324, 1698, 683, 1498, 1848, 1461, 1534, 422, 878, 550, 949, 763, 980, 307, 609, 686, 81, 908, 1625, 687, 1203, 1262, 347, 620, 1798, 729, 1353, 1756, 691, 1035, 1246, 396, 1535, 1665, 520, 1914, 1019, 1628, 1810, 557, 1053, 1081, 1149, 1501, 218, 381, 577, 642, 1161, 1103, 1366, 273, 1325, 204, 1003, 1640, 981, 47, 131, 857, 357, 1790, 1338, 109, 1335, 263, 1760, 1539], [803, 19, 641, 749, 333, 650, 201, 1043, 508, 592, 1067, 1561, 1073, 1595, 791, 337, 156, 501, 1251, 602, 714, 1289, 984, 1261, 917, 1905, 219, 387, 859, 598, 322, 1692, 846, 308, 1729, 108, 1850, 1165, 1792, 351, 225, 1538, 1819, 1752, 606, 1291, 828, 1525, 138, 495, 1860, 838, 782, 1386, 1109, 1762, 633, 735, 1459, 455, 1113, 500, 629, 461, 1388, 1602, 1836, 1578, 1479, 332, 1119, 1734, 1769, 1062, 1238, 935, 994, 632, 1308, 374, 733, 306, 800, 559, 530, 300, 1487, 286, 73, 1063, 919, 780, 1419, 1228, 607, 1090, 1701, 1269, 473, 1341, 821, 1630, 144, 59, 788, 746, 505, 552, 1398, 137, 1592, 155, 1428, 132, 1440, 531, 1505, 786, 1610, 1224, 1765, 249, 76, 918, 235, 216, 296, 608, 1169, 1209, 991, 1237, 417, 1098, 1331, 1879, 1495, 1447, 1085, 392, 136, 302, 915, 1899, 732, 1855, 198, 115, 1176, 1294, 214, 499, 160, 1512, 1506, 999, 1866, 443, 1157, 1641, 287, 1430, 1658, 1587, 1309, 952, 97, 195, 575, 335, 1273, 383, 1912, 986, 1408, 1740, 1671, 1008, 1303, 904, 496, 1591, 121, 1345, 706, 590, 841, 958, 323, 785, 1249, 865]]
INFO:root:VideoDataset unsupervised data loader created
INFO:dinov2:using MLP layer as FFN
INFO:root:Encoder: DinoEncoder(
  (base_model): DinoVisionTransformer(
    (patch_embed): PatchEmbed(
      (proj): Conv2d(3, 384, kernel_size=(14, 14), stride=(14, 14))
      (norm): Identity()
    )
    (blocks): ModuleList(
      (0-11): 12 x NestedTensorBlock(
        (norm1): LayerNorm((384,), eps=1e-06, elementwise_affine=True)
        (attn): MemEffAttention(
          (qkv): Linear(in_features=384, out_features=1152, bias=True)
          (attn_drop): Dropout(p=0.0, inplace=False)
          (proj): Linear(in_features=384, out_features=384, bias=True)
          (proj_drop): Dropout(p=0.0, inplace=False)
        )
        (ls1): LayerScale()
        (drop_path1): Identity()
        (norm2): LayerNorm((384,), eps=1e-06, elementwise_affine=True)
        (mlp): Mlp(
          (fc1): Linear(in_features=384, out_features=1536, bias=True)
          (act): GELU(approximate='none')
          (fc2): Linear(in_features=1536, out_features=384, bias=True)
          (drop): Dropout(p=0.0, inplace=False)
        )
        (ls2): LayerScale()
        (drop_path2): Identity()
      )
    )
    (norm): LayerNorm((384,), eps=1e-06, elementwise_affine=True)
    (head): Identity()
  )
)
INFO:root:🧠 Encoder: DinoEncoder (22,056,576 params, frozen=True)
INFO:app.plan_common.models.AdaLN_vit:🔧 Initialized 1 AdaLN-zero blocks
INFO:root:Predictor: VisionTransformerAdaLN(
  (predictor_embed): Linear(in_features=384, out_features=104, bias=True)
  (predictor_blocks): ModuleList(
    (0): FWAdaLNBlock(
      (norm1): LayerNorm((120,), eps=1e-06, elementwise_affine=True)
      (attn): RoPEAttention(
        (qkv): Linear(in_features=120, out_features=360, bias=True)
        (attn_drop): Dropout(p=0.0, inplace=False)
        (proj): Linear(in_features=120, out_features=120, bias=True)
        (proj_drop): Dropout(p=0.0, inplace=False)
      )
      (drop_path): Identity()
      (norm2): LayerNorm((120,), eps=1e-06, elementwise_affine=True)
      (mlp): MLP(
        (fc1): Linear(in_features=120, out_features=480, bias=True)
        (act): GELU(approximate='none')
        (fc2): Linear(in_features=480, out_features=120, bias=True)
        (drop): Dropout(p=0.0, inplace=False)
      )
      (adaLN_modulation): Sequential(
        (0): SiLU()
        (1): Linear(in_features=120, out_features=720, bias=True)
      )
    )
  )
  (predictor_norm): LayerNorm((120,), eps=1e-06, elementwise_affine=True)
  (predictor_proj): Linear(in_features=104, out_features=384, bias=True)
)
INFO:root:🔮 Predictor: VisionTransformerAdaLN (342,080 params)
INFO:root:Action encoder output dim: 120
INFO:root:Loading checkpoint from local path: /home/ps/Code/yqy/DINO-WM/jepawm_checkpoints/mgvt_stage2c_3seed_20260531/wall_stage2c_pred_adaln_depth1_lance_h4_seed234/jepa-latest.pth.tar
INFO:root:loaded pretrained predictor from epoch 10 with msg: <All keys matched successfully>
INFO:root:loaded pretrained action encoder from epoch 10 with msg: <All keys matched successfully>
INFO:root:loaded pretrained proprio encoder from epoch 10 with msg: <All keys matched successfully>
INFO:root:📉 Loss weights: L2=1.0
{
  "backend": {
    "fall_back_to_raw_if_unsupported": false,
    "kind": "swm_lance",
    "lance_uri": "/home/ps/Code/yqy/DINO-WM/jepawm_data/_lance_20260528/Wall.lance"
  },
  "change_mse_model": 0.05628078653138469,
  "change_mse_model_by_horizon": {
    "1": 0.05628078653138469,
    "2": 0.061482494386533894,
    "3": 0.06810184705748477,
    "4": 0.07352999976666813,
    "5": 0.07700698294281734,
    "6": 0.08087827110042174
  },
  "change_mse_persist": 0.2766688784062298,
  "change_mse_persist_by_horizon": {
    "1": 0.2766688784062298,
    "2": 0.45091266731138935,
    "3": 0.5491206733735673,
    "4": 0.6048275359031378,
    "5": 0.6412589171562683,
    "6": 0.6672007313393282
  },
  "change_skill": 0.7965770965798753,
  "change_skill_by_horizon": {
    "1": 0.7965770965798753,
    "2": 0.8636487753756636,
    "3": 0.8759801800229163,
    "4": 0.8784281544707253,
    "5": 0.8799128076310999,
    "6": 0.87877970256707
  },
  "checkpoint": "/home/ps/Code/yqy/DINO-WM/jepawm_checkpoints/mgvt_stage2c_3seed_20260531/wall_stage2c_pred_adaln_depth1_lance_h4_seed234/jepa-latest.pth.tar",
  "config": "/home/ps/Code/yqy/DINO-WM/jepawm_logs/mgvt_stage2c_3seed_20260531/wall_stage2c_pred_adaln_depth1_lance_h4_seed234/config.yaml",
  "deterministic_encode_max_abs_diff": 0.0,
  "diagnostic_batch_time_ms": 137.6680119719822,
  "flops_per_forward_estimate": null,
  "latent_mean": -1.690925250990944e-10,
  "latent_std": 0.9999993502190618,
  "mamba_backend": null,
  "max_horizon": 6,
  "model": "AdaLN",
  "moved_region_change_skill": 0.7351366130320437,
  "moved_region_change_skill_by_horizon": {
    "1": 0.7351366130320437,
    "2": 0.8203747140486897,
    "3": 0.8353998915371008,
    "4": 0.8369964756557822,
    "5": 0.8380235937186592,
    "6": 0.8363690488543999
  },
  "moved_region_counts_by_horizon": {
    "1": 257479,
    "2": 247379,
    "3": 242581,
    "4": 239595,
    "5": 236705,
    "6": 235369
  },
  "moved_region_mask": {
    "denominator_floor": 0.0,
    "dilation": 1,
    "min_floor": 0.0,
    "source": "target_side_persistence_patch_mse",
    "top_frac": 0.2
  },
  "moved_region_mse_model": 0.0221242266612192,
  "moved_region_mse_model_by_horizon": {
    "1": 0.0221242266612192,
    "2": 0.025342082189309563,
    "3": 0.028909445114623546,
    "4": 0.03205632546894409,
    "5": 0.03431700304815045,
    "6": 0.03641125834634608
  },
  "moved_region_mse_persist": 0.08353070960274261,
  "moved_region_mse_persist_by_horizon": {
    "1": 0.08353070960274261,
    "2": 0.14108304437816646,
    "3": 0.1756344232369673,
    "4": 0.19666032129004835,
    "5": 0.21186420810290363,
    "6": 0.22252060561541964
  },
  "mse_model": 0.014117515697073417,
  "mse_model_by_horizon": {
    "1": 0.014117515697073417,
    "2": 0.01552594211975564,
    "3": 0.01724492083480017,
    "4": 0.01881459917675591,
    "5": 0.019895954279821704,
    "6": 0.02091006916651333
  },
  "mse_persist": 0.04428794837175784,
  "mse_persist_by_horizon": {
    "1": 0.04428794837175784,
    "2": 0.07182496700393544,
    "3": 0.08797760007578428,
    "4": 0.09782941026302676,
    "5": 0.10477001845808417,
    "6": 0.10983017736791888
  },
  "normalization_note": "Validation loader uses train-split dataset statistics; no val statistics are recomputed.",
  "num_batches": 528,
  "num_val_windows": 2112,
  "param_count": 343448,
  "prefix": 1,
  "proprio_mse_model": 0.0004531708235927826,
  "proprio_mse_model_by_horizon": {
    "1": 0.0004531708235927826,
    "2": 0.000962198744260108,
    "3": 0.001568204288725445,
    "4": 0.0022721286991740767,
    "5": 0.0032219088313991742,
    "6": 0.004546613316382387
  },
  "proprio_mse_persist": 0.006075397808975443,
  "proprio_mse_persist_by_horizon": {
    "1": 0.006075397808975443,
    "2": 0.018736680321594715,
    "3": 0.033847681963820694,
    "4": 0.049395931307861414,
    "5": 0.06595703038461083,
    "6": 0.0830826599337866
  },
  "proprio_skill": 0.9254088641037967,
  "proprio_skill_by_horizon": {
    "1": 0.9254088641037967,
    "2": 0.948646252818268,
    "3": 0.9536687832743856,
    "4": 0.9540017033991529,
    "5": 0.9511513964074569,
    "6": 0.9452760260684258
  },
  "seed": 234,
  "skill": 0.6812334683338803,
  "skill_by_horizon": {
    "1": 0.6812334683338803,
    "2": 0.7838364183459361,
    "3": 0.803985095979598,
    "4": 0.8076795196232863,
    "5": 0.8100987804275174,
    "6": 0.8096145370277704
  },
  "task": "Wall",
  "top_k_patches": 32,
  "train_step_time_ms": 282.28317731699906
}
=== DONE wall_stage2c_pred_adaln_depth1_lance_h4_seed234 2026-06-01T23:35:32+08:00 ===
