=== REDIAG maze_stage2c_pred_adaln_depth1_lance_h4_seed235 2026-06-01T23:06:57+08:00 device=cuda:1 ===
config=/home/ps/Code/yqy/DINO-WM/jepawm_logs/mgvt_stage2c_3seed_20260531/maze_stage2c_pred_adaln_depth1_lance_h4_seed235/config.yaml
checkpoint=/home/ps/Code/yqy/DINO-WM/jepawm_checkpoints/mgvt_stage2c_3seed_20260531/maze_stage2c_pred_adaln_depth1_lance_h4_seed235/jepa-latest.pth.tar
INFO:Datasets utils:Datapaths ['/home/ps/Code/yqy/DINO-WM/jepawm_data/point_maze']
INFO:root:📂 Data paths: ['/home/ps/Code/yqy/DINO-WM/jepawm_data/point_maze']
INFO:app.plan_common.datasets.stores.lance_window:Opened Lance PointMaze dataset (2000 episodes) at /home/ps/Code/yqy/DINO-WM/jepawm_data/_lance_20260528/PointMaze.lance
INFO:app.plan_common.datasets.traj_dset:[[1464, 976, 939, 175, 1088, 43, 222, 1136, 1328, 1503, 9, 992, 1492, 1720, 101, 1855, 1311, 495, 1859, 1864, 142, 1552, 525, 861, 1515, 1113, 1348, 1551, 1490, 470, 1284, 1498, 1277, 1453, 854, 728, 1908, 649, 806, 444, 709, 1526, 1178, 346, 167, 379, 552, 1620, 1228, 921, 856, 683, 1106, 1215, 1122, 1665, 1830, 218, 1585, 61, 1955, 172, 198, 1668, 1794, 704, 154, 396, 1821, 1287, 1787, 1632, 1270, 1629, 1389, 538, 1473, 688, 1951, 764, 1363, 1018, 1613, 1969, 802, 256, 402, 1880, 228, 1653, 1932, 365, 522, 941, 1480, 1059, 1391, 1752, 434, 1107, 69, 1128, 1455, 817, 1149, 410, 268, 1084, 134, 304, 100, 424, 1810, 773, 877, 1822, 1905, 452, 1520, 996, 1392, 605, 815, 119, 204, 1496, 1053, 1811, 1089, 1185, 117, 292, 1411, 1652, 1860, 1762, 626, 524, 1740, 322, 528, 387, 1966, 162, 1591, 718, 1940, 1098, 578, 658, 886, 1225, 950, 949, 1366, 353, 131, 220, 1422, 1856, 173, 927, 394, 1386, 432, 657, 1074, 747, 1433, 689, 571, 679, 1803, 32, 395, 713, 1723, 705, 1857, 276, 1826, 1799, 1875, 1950, 1923, 1924, 516, 265, 659, 415, 1925, 1323, 759, 629, 1915, 1180, 1423, 860, 398, 137, 1068, 3, 1635, 1000, 1401, 1536, 1910, 1079, 710, 1692, 698, 795, 1426, 152, 405, 591, 1358, 1200, 390, 1718, 873, 1155, 987, 604, 902, 1677, 1164, 1003, 482, 1238, 1739, 798, 293, 82, 821, 1817, 1070, 47, 918, 1057, 374, 1393, 1292, 258, 104, 55, 1861, 350, 199, 74, 1640, 1603, 1874, 188, 29, 878, 932, 135, 782, 972, 1405, 826, 893, 1667, 1170, 537, 1610, 196, 1533, 720, 1918, 1064, 303, 746, 344, 38, 997, 531, 725, 1981, 636, 60, 606, 1708, 1818, 1468, 330, 298, 1030, 302, 130, 479, 1518, 324, 1400, 828, 699, 25, 627, 616, 993, 1597, 896, 797, 1322, 853, 1786, 990, 1337, 1663, 1184, 1921, 966, 176, 1952, 1364, 642, 635, 53, 1621, 1783, 1777, 114, 345, 348, 576, 71, 1424, 438, 1823, 867, 284, 840, 1281, 1501, 967, 1268, 441, 328, 674, 1491, 92, 1353, 1587, 1216, 1195, 743, 1118, 128, 1713, 1263, 1750, 1974, 1488, 1176, 1212, 940, 1210, 1197, 1475, 418, 1115, 1650, 343, 1248, 737, 1442, 1075, 721, 1072, 1321, 734, 876, 236, 1001, 1780, 808, 530, 776, 1179, 1984, 65, 1953, 31, 1477, 18, 389, 1680, 1535, 488, 879, 1877, 892, 1927, 872, 1105, 542, 1342, 314, 885, 166, 1634, 1123, 1743, 1561, 1454, 253, 106, 195, 1332, 1167, 914, 1832, 62, 1523, 338, 1959, 264, 1163, 297, 1036, 512, 326, 243, 724, 1742, 1846, 160, 611, 691, 1512, 224, 794, 587, 781, 1605, 367, 535, 1588, 1612, 745, 1315, 288, 1338, 1702, 1101, 581, 1999, 553, 364, 202, 1615, 1909, 1601, 1261, 924, 503, 1789, 1812, 78, 1161, 1648, 1521, 341, 273, 1682, 497, 1867, 998, 1557, 1594, 1992, 748, 1303, 1141, 1670, 574, 1432, 1834, 1469, 132, 731, 1606, 41, 327, 1543, 977, 1584, 1111, 1939, 1344, 1208, 187, 1069, 929, 1638, 1409, 193, 1121, 358, 575, 981, 630, 623, 473, 1741, 1837, 841, 1774, 417, 21, 1349, 1546, 1291, 313, 766, 1095, 894, 1133, 1596, 875, 123, 1032, 564, 1865, 986, 1044, 1483, 602, 213, 640, 915, 985, 323, 1568, 550, 752, 384, 1191, 545, 1815, 1936, 1223, 1529, 274, 541, 1574, 1380, 1922, 1651, 148, 1727, 961, 1014, 722, 145, 771, 973, 936, 1845, 275, 1623, 560, 622, 194, 462, 1770, 1576, 1841, 994, 1372, 27, 309, 979, 219, 289, 583, 1659, 1809, 824, 1793, 1157, 1260, 1294, 1354, 882, 608, 1441, 1249, 1314, 183, 1288, 126, 1850, 201, 502, 1330, 690, 831, 1092, 702, 991, 1478, 869, 968, 1514, 1558, 1310, 584, 1341, 654, 235, 909, 476, 1732, 789, 1769, 1038, 1077, 1583, 355, 1097, 1866, 325, 287, 667, 1954, 156, 1474, 354, 1758, 1765, 1307, 1192, 147, 469, 433, 1361, 832, 527, 1737, 1630, 719, 1602, 1649, 1686, 1685, 1948, 143, 1397, 1798, 81, 468, 505, 850, 947, 1158, 521, 513, 230, 22, 519, 543, 39, 478, 1154, 1024, 1994, 247, 1504, 1593, 1973, 257, 360, 1790, 1706, 246, 1744, 36, 1356, 1143, 1286, 836, 855, 1990, 1021, 483, 363, 1375, 1308, 906, 165, 1276, 1091, 589, 750, 456, 1394, 572, 517, 661, 1941, 1031, 283, 1624, 1748, 159, 1402, 1756, 1438, 943, 1189, 1408, 1299, 371, 431, 1226, 397, 755, 1691, 1431, 1937, 645, 1274, 1645, 540, 700, 633, 812, 471, 1230, 1906, 1991, 285, 120, 52, 233, 20, 357, 1784, 109, 242, 822, 1911, 898, 638, 1715, 890, 1202, 501, 153, 1705, 739, 830, 671, 310, 1755, 621, 342, 1726, 1177, 1721, 1562, 681, 1396, 1678, 1384, 356, 959, 1495, 1544, 1114, 403, 1698, 1805, 845, 1010, 1159, 1205, 414, 925, 819, 544, 1374, 727, 1040, 1622, 680, 1573, 526, 1592, 291, 1290, 329, 375, 1373, 1917, 1340, 563, 1479, 255, 1971, 1221, 1420, 1644, 459, 1506, 562, 347, 1970, 337, 1885, 1500, 839, 16, 1768, 1304, 865, 84, 1989, 1135, 1636, 1995, 1827, 1658, 1156, 89, 692, 1956, 1556, 1126, 1063, 1067, 1485, 775, 913, 333, 1206, 514, 1719, 144, 559, 1376, 1244, 177, 1919, 687, 382, 420, 28, 411, 871, 1898, 954, 1829, 1545, 79, 1703, 369, 1005, 1112, 237, 192, 1034, 673, 1120, 1751, 214, 1175, 1902, 393, 1527, 1836, 726, 971, 232, 1383, 567, 141, 1977, 1182, 1416, 1882, 464, 1595, 1736, 472, 1689, 1317, 628, 1802, 455, 146, 70, 57, 1378, 102, 112, 1655, 1065, 1609, 1267, 54, 1628, 1775, 91, 1854, 1938, 603, 1011, 1528, 1016, 290, 1797, 450, 763, 186, 1071, 217, 155, 786, 12, 372, 1870, 1502, 1548, 715, 735, 1968, 803, 1876, 1738, 465, 1168, 857, 1734, 1165, 1604, 124, 1997, 178, 1711, 955, 1494, 1760, 506, 1173, 1907, 1735, 801, 612, 784, 460, 1486, 383, 1540, 1232, 1890, 1828, 210, 613, 1301, 1399, 491, 1450, 1134, 494, 1978, 1851, 380, 1220, 1476, 1779, 1824, 694, 946, 206, 1639, 1377, 1273, 884, 1679, 1280, 1489, 1371, 1637, 1279, 1566, 1037, 863, 481, 1661, 281, 157, 952, 1695, 547, 1598, 1946, 1418, 1355, 1028, 810, 48, 1868, 1507, 889, 1996, 1572, 94, 1945, 858, 1688, 716, 1326, 1013, 1211, 1764, 549, 73, 1586, 168, 1778, 901, 1285, 942, 46, 1346, 466, 63, 536, 127, 1704, 1204, 1487, 286, 1947, 834, 419, 520, 887, 486, 1808, 1839, 461, 6, 933, 677, 427, 87, 208, 1243, 1131, 485, 569, 948, 385, 1198, 1960, 779, 1004, 1056, 620, 4, 429, 1047, 138, 412, 1796, 1772, 200, 1508, 1381, 818, 1848, 1625, 163, 1842, 714, 1119, 1465, 984, 489, 682, 1224, 19, 730, 139, 1872, 1398, 1565, 1236, 774, 1087, 554, 870, 1062, 98, 1022, 1428, 1367, 911, 983, 110, 1327, 1265, 686, 1017, 318, 1696, 1219, 1643, 1457, 846, 49, 105, 664, 926, 67, 266, 1108, 278, 780, 66, 1324, 585, 711, 793, 321, 757, 260, 650, 1676, 1986, 1671, 1852, 1714, 1674, 170, 1415, 1541, 761, 651, 1162, 299, 244, 590, 868, 1979, 504, 229, 13, 1642, 1196, 1728, 546, 1887, 1319, 1255, 332, 1542, 1754, 1250, 1912, 254, 1140, 1050, 108, 1993, 1539, 428, 1049, 77, 592, 1753, 45, 1600, 1147, 1266, 792, 1451, 515, 83, 1046, 1194, 1452, 1626, 1081, 1998, 598, 1406, 231, 1125, 847, 874, 1901, 203, 1499, 1448, 1930, 1222, 1985, 1472, 507, 1656, 511, 362, 1183, 558, 1229, 262, 934, 1382, 1413, 1033, 56, 1251, 1537, 579, 1404, 1045, 989, 227, 1379, 656, 1785, 1914, 1575, 1007, 118, 1359, 1313, 1654, 1484, 1458, 570, 1883, 1334, 1026, 40, 1100, 1370, 430, 269, 964, 539, 1916, 1245, 916, 492, 1707, 1172, 597, 1048, 279, 1259, 1694, 1681, 1012, 1395, 436, 1258, 1570, 437, 844, 1217, 64, 500, 1531, 1749, 751, 252, 577, 1975, 1006, 373, 778, 1892, 1253, 197, 1631, 1186, 1553, 1660, 1888, 1166, 928, 1958, 2, 453, 805, 675, 938, 1174, 1306, 1214, 26, 1385, 361, 1745, 695, 965, 1897, 1900, 1275, 1869, 1524, 1, 271, 35, 1800, 1699, 1611, 852, 800, 631, 423, 378, 625, 1333, 1073, 17, 1148, 401, 421, 1965, 1549, 189, 1412, 336, 14, 1239, 595, 85, 1804, 665, 1102, 1365, 788, 717, 1241, 644, 10, 30, 980, 963, 270, 930, 122, 1788, 1858, 1425, 1662, 1967, 956, 99, 280, 1825, 58, 1759, 1407, 113, 1666, 1357, 1218, 340, 733, 1929, 115, 5, 282, 1227, 1580, 707, 1982, 408, 912, 294, 1547, 320, 1807, 684, 1390, 448, 1988, 1690, 1563, 1419, 1616, 1429, 1466, 241, 248, 1368, 783, 1781, 1078, 1627, 1146, 440, 586, 1761, 413, 1853, 1282, 697, 1942, 770, 974, 368, 1697, 15, 300, 1339, 1687, 668, 548, 708, 1961, 848, 8, 509, 331, 454, 1617, 1538, 1076, 1127, 1343, 1325, 529, 1360, 1776, 311, 749, 250, 1881, 666, 386, 653, 1103, 1569, 251, 823, 1693, 1879, 1614, 1838, 1963, 1345, 1434, 1439, 1054, 1683, 1417, 484, 496, 1530, 732, 306, 1262, 804, 1554, 866, 1169, 676, 945, 1729, 1559, 825, 787, 1015, 596, 660, 678, 1109, 1590, 1090, 205, 1926, 672, 917, 744, 777, 1052, 1792, 1085, 1137, 982, 1894, 1352, 1481, 960, 1893, 76, 641, 88, 1773, 180, 1437, 829, 1369, 637, 381, 1664, 827, 1246, 68, 1913, 807, 1008, 370, 814, 634, 1505, 760, 1256, 416, 149, 1782, 648, 820, 1139, 1816, 910, 1447, 1931, 72, 723, 90, 978, 957, 1188, 1436, 319, 1840, 315, 376, 1094, 881, 1124, 988, 931, 111, 1884, 171, 451, 1972, 435, 174, 1305, 1987, 899, 1187, 769, 1316, 1716, 1061, 919, 184, 999, 1430, 1646, 181, 1066, 1247, 594, 295, 1647, 1351, 833, 96, 1675, 1329, 1722, 1873, 59, 1449, 1264, 600, 1618, 1550, 1051, 1579, 1669, 765, 1862, 1042, 851, 1519, 240, 533, 1717, 1083, 1388, 975, 944, 339, 937, 51, 1257, 474, 499, 86, 1795, 883, 1871, 1142, 1509, 557, 1335, 1099, 1820, 1791, 50, 643, 1086, 334, 1470, 897, 185, 422, 209, 796, 1427, 1096, 1254, 267, 1709, 551, 1460, 1289, 729, 772, 1320, 351, 1833, 245, 754, 565, 93, 211, 487, 1493, 1619, 1633, 1456, 1980, 1237, 1934, 1132, 922, 1190, 838, 1844, 1152, 556, 272, 1350, 900, 907, 888, 624, 97, 1145, 1461, 212, 1511, 1201, 849, 1896, 498, 1272, 935, 1983, 1199, 1025, 1082, 263, 182, 207, 1920, 234, 701, 1895, 1231, 580, 1510, 962, 738, 1242, 1347, 534, 1029, 1298, 1767, 908, 1949, 1336, 1002, 442, 1153, 785, 970, 1234, 179, 221, 903, 1571, 1962, 1462, 1673, 392, 1312, 655, 1935, 593, 33, 607, 1733, 1657, 905, 261, 1513, 1555, 1446, 445, 1181, 1581, 34, 1560, 532, 1482, 768, 1213, 1849, 609, 615, 1207, 741, 1928, 1964, 1813, 1233, 1300, 767, 151, 463, 599, 663, 42, 477, 1309, 969, 1235, 1318, 467, 703, 1672, 1730, 880, 1009, 1903, 1731, 1843, 443, 582, 446, 1933, 618, 706, 813, 1578, 125, 349, 1599, 1517, 312, 891, 1116, 1414, 864, 1080, 1878, 923, 842, 1589, 404, 103, 1027, 1497, 693, 835, 239, 758, 1171, 1129, 1607, 1104, 317], [407, 1138, 1410, 23, 1055, 1020, 1193, 1724, 366, 790, 1039, 1831, 1269, 121, 1847, 1710, 1283, 610, 811, 426, 1582, 1471, 1362, 639, 1814, 685, 1058, 843, 1608, 1747, 161, 493, 508, 140, 1467, 1117, 223, 335, 920, 1532, 1435, 859, 791, 425, 1151, 799, 895, 1019, 1976, 0, 614, 1440, 1278, 352, 1891, 958, 1023, 555, 490, 1150, 523, 457, 1567, 1766, 1295, 169, 647, 1387, 1209, 439, 510, 995, 129, 75, 1144, 1746, 1534, 158, 1445, 259, 953, 1944, 24, 1577, 1203, 37, 1725, 136, 837, 561, 116, 1252, 80, 1525, 1819, 400, 44, 475, 190, 762, 409, 1943, 1757, 1160, 1684, 1271, 1700, 305, 1763, 226, 11, 756, 1060, 736, 1701, 277, 1863, 1886, 1035, 215, 238, 249, 1297, 632, 1516, 1564, 1296, 518, 316, 862, 1641, 904, 646, 377, 133, 1889, 391, 696, 601, 1801, 1957, 809, 742, 1240, 1463, 225, 308, 662, 951, 1712, 307, 1771, 568, 7, 399, 1110, 1293, 1443, 816, 573, 150, 216, 191, 301, 359, 1130, 619, 1522, 296, 669, 406, 1899, 712, 1835, 1093, 670, 617, 1444, 1806, 449, 107, 480, 1041, 1043, 566, 1331, 1904, 388, 753, 652, 447, 588, 458, 1459, 164, 1421, 1302, 95, 1403, 740]]
INFO:root:VideoDataset unsupervised data loader created
INFO:dinov2:using MLP layer as FFN
INFO:root:Encoder: DinoEncoder(
  (base_model): DinoVisionTransformer(
    (patch_embed): PatchEmbed(
      (proj): Conv2d(3, 384, kernel_size=(14, 14), stride=(14, 14))
      (norm): Identity()
    )
    (blocks): ModuleList(
      (0-11): 12 x NestedTensorBlock(
        (norm1): LayerNorm((384,), eps=1e-06, elementwise_affine=True)
        (attn): MemEffAttention(
          (qkv): Linear(in_features=384, out_features=1152, bias=True)
          (attn_drop): Dropout(p=0.0, inplace=False)
          (proj): Linear(in_features=384, out_features=384, bias=True)
          (proj_drop): Dropout(p=0.0, inplace=False)
        )
        (ls1): LayerScale()
        (drop_path1): Identity()
        (norm2): LayerNorm((384,), eps=1e-06, elementwise_affine=True)
        (mlp): Mlp(
          (fc1): Linear(in_features=384, out_features=1536, bias=True)
          (act): GELU(approximate='none')
          (fc2): Linear(in_features=1536, out_features=384, bias=True)
          (drop): Dropout(p=0.0, inplace=False)
        )
        (ls2): LayerScale()
        (drop_path2): Identity()
      )
    )
    (norm): LayerNorm((384,), eps=1e-06, elementwise_affine=True)
    (head): Identity()
  )
)
INFO:root:🧠 Encoder: DinoEncoder (22,056,576 params, frozen=True)
INFO:app.plan_common.models.AdaLN_vit:🔧 Initialized 1 AdaLN-zero blocks
INFO:root:Predictor: VisionTransformerAdaLN(
  (predictor_embed): Linear(in_features=384, out_features=104, bias=True)
  (predictor_blocks): ModuleList(
    (0): FWAdaLNBlock(
      (norm1): LayerNorm((120,), eps=1e-06, elementwise_affine=True)
      (attn): RoPEAttention(
        (qkv): Linear(in_features=120, out_features=360, bias=True)
        (attn_drop): Dropout(p=0.0, inplace=False)
        (proj): Linear(in_features=120, out_features=120, bias=True)
        (proj_drop): Dropout(p=0.0, inplace=False)
      )
      (drop_path): Identity()
      (norm2): LayerNorm((120,), eps=1e-06, elementwise_affine=True)
      (mlp): MLP(
        (fc1): Linear(in_features=120, out_features=480, bias=True)
        (act): GELU(approximate='none')
        (fc2): Linear(in_features=480, out_features=120, bias=True)
        (drop): Dropout(p=0.0, inplace=False)
      )
      (adaLN_modulation): Sequential(
        (0): SiLU()
        (1): Linear(in_features=120, out_features=720, bias=True)
      )
    )
  )
  (predictor_norm): LayerNorm((120,), eps=1e-06, elementwise_affine=True)
  (predictor_proj): Linear(in_features=104, out_features=384, bias=True)
)
INFO:root:🔮 Predictor: VisionTransformerAdaLN (342,080 params)
INFO:root:Action encoder output dim: 120
INFO:root:Loading checkpoint from local path: /home/ps/Code/yqy/DINO-WM/jepawm_checkpoints/mgvt_stage2c_3seed_20260531/maze_stage2c_pred_adaln_depth1_lance_h4_seed235/jepa-latest.pth.tar
INFO:root:loaded pretrained predictor from epoch 10 with msg: <All keys matched successfully>
INFO:root:loaded pretrained action encoder from epoch 10 with msg: <All keys matched successfully>
INFO:root:loaded pretrained proprio encoder from epoch 10 with msg: <All keys matched successfully>
INFO:root:📉 Loss weights: L2=1.0
{
  "backend": {
    "fall_back_to_raw_if_unsupported": false,
    "kind": "swm_lance",
    "lance_uri": "/home/ps/Code/yqy/DINO-WM/jepawm_data/_lance_20260528/PointMaze.lance"
  },
  "change_mse_model": 0.036596999731464464,
  "change_mse_model_by_horizon": {
    "1": 0.036596999731464464,
    "2": 0.042342245253260996,
    "3": 0.04738419943107445,
    "4": 0.05230787806579324,
    "5": 0.057004238848925616,
    "6": 0.06143005294694764
  },
  "change_mse_persist": 0.08194598729309976,
  "change_mse_persist_by_horizon": {
    "1": 0.08194598729309976,
    "2": 0.11260014696626879,
    "3": 0.12391002866943351,
    "4": 0.1280674895656402,
    "5": 0.1299552349343163,
    "6": 0.13226874936555252
  },
  "change_skill": 0.5534009542094308,
  "change_skill_by_horizon": {
    "1": 0.5534009542094308,
    "2": 0.6239592363414472,
    "3": 0.6175918935707314,
    "4": 0.5915600575664977,
    "5": 0.5613548090022118,
    "6": 0.5355663885717044
  },
  "checkpoint": "/home/ps/Code/yqy/DINO-WM/jepawm_checkpoints/mgvt_stage2c_3seed_20260531/maze_stage2c_pred_adaln_depth1_lance_h4_seed235/jepa-latest.pth.tar",
  "config": "/home/ps/Code/yqy/DINO-WM/jepawm_logs/mgvt_stage2c_3seed_20260531/maze_stage2c_pred_adaln_depth1_lance_h4_seed235/config.yaml",
  "deterministic_encode_max_abs_diff": 0.0,
  "diagnostic_batch_time_ms": 79.42986386934997,
  "flops_per_forward_estimate": null,
  "latent_mean": -3.394604085202085e-10,
  "latent_std": 0.9999994027223743,
  "mamba_backend": null,
  "max_horizon": 6,
  "model": "AdaLN",
  "moved_region_change_skill": 0.4264302810968409,
  "moved_region_change_skill_by_horizon": {
    "1": 0.4264302810968409,
    "2": 0.5173668564274512,
    "3": 0.509503811825859,
    "4": 0.4724573032315589,
    "5": 0.4261860180191438,
    "6": 0.38462104341548775
  },
  "moved_region_counts_by_horizon": {
    "1": 1518663,
    "2": 1456587,
    "3": 1428255,
    "4": 1416957,
    "5": 1415689,
    "6": 1409495
  },
  "moved_region_mask": {
    "denominator_floor": 0.0,
    "dilation": 1,
    "min_floor": 0.0,
    "source": "target_side_persistence_patch_mse",
    "top_frac": 0.2
  },
  "moved_region_mse_model": 0.014385855860579347,
  "moved_region_mse_model_by_horizon": {
    "1": 0.014385855860579347,
    "2": 0.017095736860382293,
    "3": 0.019460526721802547,
    "4": 0.021760644706209656,
    "5": 0.02400580467188353,
    "6": 0.02629703390750914
  },
  "moved_region_mse_persist": 0.02508126804199062,
  "moved_region_mse_persist_by_horizon": {
    "1": 0.02508126804199062,
    "2": 0.03542180450732448,
    "3": 0.039675184417322054,
    "4": 0.04124906825458574,
    "5": 0.04183551712876251,
    "6": 0.04273307305381944
  },
  "mse_model": 0.009274455719459496,
  "mse_model_by_horizon": {
    "1": 0.009274455719459496,
    "2": 0.010807571848701746,
    "3": 0.012218513401744307,
    "4": 0.01369411245110582,
    "5": 0.015237399790680312,
    "6": 0.016823903779941994
  },
  "mse_persist": 0.013574079550253075,
  "mse_persist_by_horizon": {
    "1": 0.013574079550253075,
    "2": 0.018304417356848717,
    "3": 0.020111160056940355,
    "4": 0.02074031789741311,
    "5": 0.021003678469445373,
    "6": 0.021366204773915595
  },
  "normalization_note": "Validation loader uses train-split dataset statistics; no val statistics are recomputed.",
  "num_batches": 3050,
  "num_val_windows": 12200,
  "param_count": 343480,
  "prefix": 1,
  "proprio_mse_model": 0.027813514564835207,
  "proprio_mse_model_by_horizon": {
    "1": 0.027813514564835207,
    "2": 0.04146732840007629,
    "3": 0.059994164586113,
    "4": 0.0793108011708885,
    "5": 0.10113171472962273,
    "6": 0.1225239926869752
  },
  "proprio_mse_persist": 0.3572627429059539,
  "proprio_mse_persist_by_horizon": {
    "1": 0.3572627429059539,
    "2": 0.5792910689799512,
    "3": 0.6750409368779816,
    "4": 0.7269815092033051,
    "5": 0.7393156330336312,
    "6": 0.7327516903203042
  },
  "proprio_skill": 0.9221482924902783,
  "proprio_skill_by_horizon": {
    "1": 0.9221482924902783,
    "2": 0.9284171108090888,
    "3": 0.9111251461821235,
    "4": 0.8909039636265237,
    "5": 0.8632090135648163,
    "6": 0.8327892049850927
  },
  "seed": 235,
  "skill": 0.3167525145904583,
  "skill_by_horizon": {
    "1": 0.3167525145904583,
    "2": 0.4095648259102864,
    "3": 0.3924510884926451,
    "4": 0.3397346887911562,
    "5": 0.2745366097254548,
    "6": 0.21259278575851515
  },
  "task": "PointMaze",
  "top_k_patches": 32,
  "train_step_time_ms": 294.3261596539998
}
=== DONE maze_stage2c_pred_adaln_depth1_lance_h4_seed235 2026-06-01T23:24:29+08:00 ===
