[INFO    ][2026-06-01 23:56:07][root                ][process_main             ] called-params /home/ps/Code/yqy/DINO-WM/jepawm_logs/mgvt_d1_smoke_20260602_raw_action_guidance_retry1/20260602_mgvt_d1a_wall_raw_action_guidance_seed234/config.yaml
[INFO    ][2026-06-01 23:56:07][root                ][process_main             ] ✅ Config loaded
{   'app': 'vjepa_wm',
    'checkpoint_folder': '/home/ps/Code/yqy/DINO-WM/jepawm_checkpoints/mgvt_d1_smoke_20260602_raw_action_guidance_retry1/20260602_mgvt_d1a_wall_raw_action_guidance_seed234',
    'cpus_per_task': 16,
    'data': {   'backend': {   'fall_back_to_raw_if_unsupported': False,
                               'kind': 'swm_lance',
                               'lance_uri': '/home/ps/Code/yqy/DINO-WM/jepawm_data/_lance_20260528/Wall.lance'},
                'custom': {   'action_skip': 1,
                              'custom_teleop_dset': None,
                              'filter_first_episodes': None,
                              'filter_tasks': None,
                              'frameskip': 5,
                              'normalize_action': True,
                              'num_hist': 2,
                              'num_pred': 4,
                              'split_ratio': 0.9,
                              'state_skip': 1,
                              'traj_subset': True,
                              'with_reward': False},
                'dataset_type': 'custom',
                'datasets': ['Wall'],
                'datasets_weights': None,
                'droid': {   'camera_frame': False,
                             'camera_views': [2],
                             'dataset_fpcs': [8],
                             'droid_to_rcasa_action_format': 1,
                             'fps': 4,
                             'mpk_manifest_patterns': [],
                             'rcasa_to_droid_action_format': False},
                'img_size': 224,
                'loader': {   'batch_size': 8,
                              'num_workers': 16,
                              'persistent_workers': True,
                              'pin_mem': True},
                'seed': 234,
                'validation': {   'num_frames_val': 6,
                                  'val_dataset_batch_size': 4,
                                  'val_dataset_camera_views': None,
                                  'val_dataset_drop_last': False,
                                  'val_dataset_fpcs': [8],
                                  'val_datasets': [],
                                  'val_datasets_1': None,
                                  'val_viz_rank0_loader': False}},
    'data_aug': {   'auto_augment': False,
                    'motion_shift': False,
                    'normalize': [[0.485, 0.456, 0.406], [0.229, 0.224, 0.225]],
                    'random_horizontal_flip': False,
                    'random_resize_aspect_ratio': [1.0, 1.0],
                    'random_resize_scale': [1.777, 1.777],
                    'reprob': 0.0},
    'evals': None,
    'folder': '/home/ps/Code/yqy/DINO-WM/jepawm_logs/mgvt_d1_smoke_20260602_raw_action_guidance_retry1/20260602_mgvt_d1a_wall_raw_action_guidance_seed234',
    'logging': {   'wandb': {   'debug': False,
                                'disable_wandb_media': True,
                                'log_media_locally': True,
                                'project': 'vjepa_wm',
                                'use_wandb': False},
                   'write_tag': 'jepa'},
    'loss': {   'cos_loss_weight': 0.0,
                'l1_loss_weight': 0.0,
                'l2_loss_weight': 1.0,
                'smooth_l1_loss_weight': 0.0},
    'meta': {   'data_traj_rollout_eval': {   'data_traj_decode_gt': False,
                                              'data_traj_eval_ctxt_window': 2,
                                              'data_traj_eval_rollout_steps': 4,
                                              'do_data_traj_rollout_eval': False},
                'dtype': 'bfloat16',
                'energy_landscape_eval': {   'do_energy_landscape_eval': False,
                                             'energy_landscape_ctxt_window': 2,
                                             'energy_landscape_rollout_steps': 4},
                'eval_freq': 999999,
                'freeze_encoder': True,
                'light_eval_freq': 999999,
                'light_eval_only_mode': False,
                'load_checkpoint': True,
                'load_opt_scale_epoch': True,
                'plan_only_eval_mode': False,
                'pretrained_path': None,
                'quick_debug': True,
                'read_checkpoint': None,
                'save_every_freq': 1,
                'seed': 234},
    'model': {   'action_conditioning': 'token',
                 'action_encoder': {   'act_mlp': False,
                                       'action_emb_dim': 0,
                                       'action_encoder_inpred': False,
                                       'action_tokens': 1},
                 'attn': {   'local_window_h': -1,
                             'local_window_time': 3,
                             'local_window_w': -1},
                 'grid_size': 16,
                 'heads_cfg': {'architectures': {}, 'pretrain_dec_path': None},
                 'num_frames_pred': 6,
                 'predictor': {   'L_trend_weight': 0.0,
                                  'act_pred_projector': False,
                                  'confidence_head': False,
                                  'context_window': 2,
                                  'd1_block': 'd1a',
                                  'd1_variant': 'raw_action_guidance',
                                  'd_h_dim': 16,
                                  'delta_p_dim': None,
                                  'dh_ablation': 'none',
                                  'fdyn_type': 'raw_action',
                                  'init_scale_factor_adaln': 0,
                                  'pred_depth': 1,
                                  'pred_embed_dim': 128,
                                  'pred_num_heads': 4,
                                  'pred_type': 'mgvt_d_raw_action',
                                  'pred_use_extrinsics': False,
                                  'proprio_flow': 'dyn_refine',
                                  'state_dim': 64,
                                  'tubelet_size': 1,
                                  'use_SiLU': False,
                                  'use_rope': True,
                                  'use_sdpa': True},
                 'proprio_encoder': {   'prop_mlp': False,
                                        'proprio_emb_dim': 16,
                                        'proprio_encoder_inpred': False,
                                        'proprio_tokens': 0},
                 'proprio_encoding': 'feature',
                 'rollout_cfg': {   'ctxt_window_train_rollout': 2,
                                    'do_parallel_rollout': False,
                                    'do_sequential_rollout': True,
                                    'prepend_gt': False,
                                    'rollout_steps': 4,
                                    'rollout_stop_gradient': True,
                                    'sampling_scheduler': {   'end': 0.0,
                                                              'start': 0.0,
                                                              'type': 'linear'},
                                    'train_rollout_prefixes': 'all'},
                 'tubelet_size_enc': 1,
                 'use_activation_checkpointing': False,
                 'visual_encoder': {   'embed_dim': 384,
                                       'enc_name': None,
                                       'enc_type': 'dino',
                                       'enc_use_rope': None,
                                       'enc_version': 'dinov2_vits14',
                                       'num_frames_enc': 16,
                                       'pretrain_enc_ckpt_key': 'target_encoder',
                                       'pretrain_enc_path': None,
                                       'uniform_power': True,
                                       'use_sdpa_enc': True},
                 'wm_encoding': {   'batchify_video': True,
                                    'dup_image': False,
                                    'normalize_reps': True}},
    'nodes': 1,
    'optimization': {   'main_optimizer': 'transition_model',
                        'train_heads': False,
                        'transition_model': {   'betas': [0.9, 0.999],
                                                'clip_grad': 1,
                                                'eps': 1e-08,
                                                'final_lr': 0.0005,
                                                'final_weight_decay': 1e-06,
                                                'ipe_scale': 1.0,
                                                'iterations_per_epoch': 100,
                                                'mixed_precision': True,
                                                'num_epochs': 2,
                                                'ref_lr': 0.0005,
                                                'start_lr': 0.0005,
                                                'use_radamw': False,
                                                'warmup': 0,
                                                'weight_decay': 1e-07}},
    'tasks_per_node': 2,
    'unroll_decode_evals': None}
[INFO    ][2026-06-01 23:56:08][root                ][process_main             ] Running... (rank: 0/2)
[INFO    ][2026-06-01 23:56:08][root                ][main                     ] Running pre-training of app: vjepa_wm
[INFO    ][2026-06-01 23:56:11][app.vjepa_wm.train  ][main                     ] ⚙️  Using dtype: bfloat16
[INFO    ][2026-06-01 23:56:11][Datasets utils      ][get_dataset_paths        ] Datapaths ['/home/ps/Code/yqy/DINO-WM/jepawm_data/wall_single']
[INFO    ][2026-06-01 23:56:11][app.vjepa_wm.train  ][main                     ] 🚀 Initialized (rank/world-size) 1/2
[INFO    ][2026-06-01 23:56:11][app.vjepa_wm.train  ][main                     ] ⚙️  Using dtype: bfloat16
[INFO    ][2026-06-01 23:56:11][Datasets utils      ][get_dataset_paths        ] Datapaths ['/home/ps/Code/yqy/DINO-WM/jepawm_data/wall_single']
[INFO    ][2026-06-01 23:56:11][app.vjepa_wm.train  ][main                     ] 🚀 Initialized (rank/world-size) 0/2
[INFO    ][2026-06-01 23:56:11][app.vjepa_wm.train  ][main                     ] 🆕 Training from scratch
[INFO    ][2026-06-01 23:56:11][root                ][init_data                ] 📂 Data paths: ['/home/ps/Code/yqy/DINO-WM/jepawm_data/wall_single']
[INFO    ][2026-06-01 23:56:11][app.vjepa_wm.train  ][main                     ] 🆕 Training from scratch
[INFO    ][2026-06-01 23:56:11][root                ][init_data                ] 📂 Data paths: ['/home/ps/Code/yqy/DINO-WM/jepawm_data/wall_single']
[INFO    ][2026-06-01 23:56:12][app.plan_common.datasets.stores.lance_window][__init__                 ] Opened Lance PointMaze dataset (1920 episodes) at /home/ps/Code/yqy/DINO-WM/jepawm_data/_lance_20260528/Wall.lance
[INFO    ][2026-06-01 23:56:12][app.plan_common.datasets.stores.lance_window][__init__                 ] Opened Lance PointMaze dataset (1920 episodes) at /home/ps/Code/yqy/DINO-WM/jepawm_data/_lance_20260528/Wall.lance
[INFO    ][2026-06-01 23:56:12][app.plan_common.datasets.traj_dset][random_split_traj        ] [[1480, 1427, 974, 395, 427, 1515, 397, 1509, 726, 1754, 102, 1828, 611, 87, 260, 250, 1320, 1915, 894, 49, 615, 667, 827, 673, 1468, 161, 239, 1813, 1706, 1880, 1787, 1215, 1315, 955, 775, 1340, 1097, 456, 1101, 759, 1443, 1372, 853, 696, 1500, 2, 1158, 1536, 487, 1250, 1473, 817, 380, 907, 745, 146, 824, 1271, 925, 152, 1646, 547, 1364, 112, 1183, 1004, 1302, 58, 1834, 1521, 483, 1712, 1827, 1818, 1616, 1400, 563, 936, 364, 944, 1260, 48, 1170, 554, 28, 1522, 1212, 863, 330, 517, 961, 23, 197, 1204, 1102, 326, 1385, 1615, 762, 1110, 1057, 1486, 1112, 1885, 595, 442, 638, 1606, 1621, 1135, 1120, 388, 378, 864, 207, 1599, 272, 1689, 1801, 1293, 1394, 41, 1532, 621, 176, 93, 1842, 319, 911, 679, 1336, 150, 634, 1000, 1055, 1033, 580, 314, 1485, 1891, 882, 464, 1492, 369, 1672, 814, 529, 1894, 1793, 1359, 379, 1128, 1020, 1145, 560, 1741, 139, 684, 779, 193, 1321, 965, 106, 1329, 1010, 1078, 128, 1802, 1374, 860, 200, 1172, 1146, 701, 712, 1072, 1766, 1743, 1429, 1370, 631, 1791, 16, 1788, 976, 470, 796, 1895, 612, 921, 1137, 244, 662, 1911, 1431, 1151, 1783, 135, 651, 189, 1687, 6, 888, 1434, 269, 663, 717, 1496, 285, 104, 1670, 1551, 1207, 1173, 1814, 990, 1409, 1239, 1227, 1550, 1436, 968, 1015, 1631, 677, 1095, 1163, 1709, 571, 1566, 352, 708, 1084, 1115, 1875, 1469, 145, 843, 1304, 293, 630, 1823, 267, 205, 1865, 452, 433, 1659, 1871, 720, 1816, 721, 1668, 1718, 1597, 703, 948, 281, 1804, 412, 1075, 61, 305, 766, 125, 996, 932, 478, 356, 334, 1882, 1758, 1494, 401, 1864, 1265, 1092, 118, 1463, 1243, 886, 1100, 120, 956, 901, 1677, 318, 652, 741, 8, 737, 363, 744, 1255, 222, 99, 393, 493, 742, 485, 226, 1516, 693, 1022, 931, 366, 494, 341, 665, 761, 1768, 1676, 1726, 1005, 416, 1878, 1884, 1893, 350, 992, 1619, 1123, 1699, 394, 1684, 1244, 890, 1832, 1626, 1186, 1770, 279, 1018, 1580, 94, 1778, 1721, 1750, 1892, 1796, 18, 668, 1258, 783, 166, 1573, 1887, 1264, 370, 1704, 1571, 1841, 498, 967, 1560, 324, 1717, 105, 243, 116, 1607, 1809, 217, 12, 206, 295, 1904, 849, 801, 1351, 804, 1777, 1087, 640, 1272, 594, 1277, 1202, 17, 1196, 1310, 604, 1508, 1142, 1803, 255, 1256, 654, 797, 672, 1241, 1531, 1017, 169, 343, 88, 1420, 292, 1201, 365, 512, 583, 375, 507, 253, 353, 497, 1089, 760, 1162, 377, 177, 391, 769, 1453, 902, 1634, 655, 833, 1376, 27, 883, 182, 1418, 1645, 555, 645, 945, 1906, 1491, 1733, 268, 790, 842, 1231, 181, 1678, 1222, 1375, 1236, 905, 1069, 889, 564, 1757, 1638, 1086, 66, 228, 1039, 476, 1817, 1111, 1076, 985, 705, 1482, 340, 624, 1601, 977, 421, 613, 1489, 1547, 1797, 1805, 757, 63, 625, 669, 1908, 1350, 1012, 698, 666, 1877, 113, 303, 29, 1197, 983, 20, 767, 820, 543, 819, 1152, 1716, 329, 1415, 361, 1182, 1148, 1846, 174, 415, 516, 80, 262, 1384, 1674, 164, 623, 947, 141, 276, 1178, 868, 408, 962, 1575, 1513, 794, 1327, 1653, 1526, 133, 1742, 792, 1917, 718, 24, 635, 1230, 1445, 913, 149, 257, 893, 385, 567, 1167, 1563, 649, 1048, 466, 413, 1886, 950, 1876, 574, 1435, 1564, 1037, 1401, 119, 429, 1356, 1133, 1682, 1334, 1038, 1403, 1847, 1416, 92, 1519, 724, 537, 1649, 444, 1156, 740, 78, 1159, 1845, 403, 37, 1730, 1226, 384, 887, 1292, 1457, 1609, 802, 1719, 728, 659, 1281, 65, 320, 823, 1567, 1918, 1027, 795, 850, 940, 898, 674, 1267, 1099, 1371, 1426, 1483, 973, 561, 1555, 1131, 1833, 1442, 453, 373, 278, 371, 1247, 1648, 1410, 1326, 346, 1184, 710, 731, 519, 680, 1393, 168, 854, 1058, 1368, 86, 484, 975, 1795, 1852, 1861, 540, 822, 755, 1703, 1276, 1198, 928, 1218, 558, 1080, 382, 1660, 1523, 1624, 1049, 862, 1328, 51, 151, 163, 1175, 943, 969, 1032, 639, 252, 722, 419, 1843, 1620, 1889, 1179, 568, 844, 1323, 1669, 690, 439, 941, 1136, 1749, 1700, 1047, 1059, 1715, 1395, 1397, 1600, 1061, 777, 460, 231, 241, 435, 1387, 1106, 1441, 1362, 570, 1117, 881, 1344, 511, 637, 171, 1774, 1785, 1016, 938, 514, 1361, 1623, 215, 1662, 1407, 316, 578, 521, 972, 68, 922, 1129, 719, 1029, 1835, 1636, 1465, 1454, 488, 1524, 1205, 1147, 1171, 1150, 172, 1528, 1052, 1553, 1907, 675, 1736, 463, 480, 892, 1139, 1383, 1406, 432, 736, 1576, 26, 1424, 709, 1675, 509, 895, 1903, 57, 978, 1280, 832, 95, 1458, 248, 587, 1154, 186, 1380, 1694, 1023, 1379, 376, 1898, 98, 1348, 1725, 159, 74, 875, 551, 830, 899, 1517, 1194, 60, 1360, 1399, 885, 232, 916, 1747, 359, 739, 1382, 7, 1138, 1164, 897, 920, 664, 1389, 338, 1056, 188, 238, 1242, 224, 1357, 34, 77, 837, 1437, 998, 1421, 89, 713, 1301, 147, 196, 1343, 404, 599, 1572, 345, 85, 1349, 368, 451, 993, 69, 277, 423, 1627, 1896, 1124, 367, 220, 707, 1808, 805, 1342, 1181, 831, 1411, 3, 283, 1499, 960, 465, 704, 1632, 153, 768, 1657, 1024, 1831, 190, 471, 25, 1373, 1629, 1779, 1031, 13, 1851, 603, 1897, 30, 430, 716, 1558, 900, 472, 1390, 1009, 247, 1727, 591, 689, 1305, 234, 1339, 840, 702, 533, 946, 1663, 866, 1199, 1781, 1690, 1134, 1511, 1413, 1093, 678, 646, 14, 808, 1066, 1311, 806, 539, 1821, 0, 183, 1153, 1574, 339, 541, 815, 1040, 933, 1581, 1214, 1191, 1206, 1493, 1643, 856, 1794, 91, 1358, 230, 1856, 130, 1546, 910, 90, 1681, 1510, 270, 1470, 1229, 851, 1295, 242, 1780, 213, 1598, 1853, 1306, 1270, 449, 407, 437, 400, 605, 1232, 1041, 1488, 229, 1034, 311, 542, 309, 459, 1916, 750, 1844, 1617, 1423, 83, 503, 1116, 56, 1274, 158, 884, 1608, 111, 265, 1548, 1307, 1177, 1125, 468, 647, 957, 618, 569, 1888, 1211, 553, 414, 1919, 585, 1064, 233, 1862, 10, 134, 436, 1365, 1556, 1456, 1266, 1688, 764, 787, 1263, 653, 1104, 754, 64, 522, 1693, 114, 937, 1259, 1724, 858, 1192, 734, 572, 154, 834, 1667, 546, 251, 299, 1107, 1720, 1537, 474, 1870, 566, 1122, 813, 1391, 818, 579, 1874, 1614, 1613, 1404, 1422, 1352, 1691, 44, 245, 1655, 1577, 1868, 178, 627, 1180, 1789, 1405, 1705, 40, 1046, 124, 1589, 1514, 1593, 1126, 891, 636, 266, 1363, 1900, 187, 836, 1829, 1695, 581, 67, 1450, 1347, 1028, 1529, 1312, 1319, 398, 355, 271, 254, 1007, 1091, 304, 748, 1857, 1840, 979, 1071, 1074, 208, 1714, 180, 1890, 825, 167, 926, 1114, 688, 1369, 1392, 953, 53, 1596, 1651, 399, 1771, 1464, 1748, 682, 753, 538, 1060, 1859, 671, 1257, 96, 310, 261, 1559, 699, 765, 477, 448, 1414, 475, 544, 1478, 1378, 55, 1472, 871, 534, 1637, 1652, 811, 1811, 582, 129, 870, 835, 123, 1132, 772, 1050, 586, 966, 1565, 1313, 1425, 410, 1837, 1507, 411, 1902, 227, 1503, 730, 175, 71, 939, 126, 711, 1786, 1583, 715, 1815, 1612, 43, 1735, 212, 191, 1195, 723, 221, 1284, 548, 1673, 101, 1761, 573, 877, 1633, 1603, 1168, 1275, 1588, 1504, 549, 619, 173, 192, 510, 1217, 1190, 298, 282, 223, 1838, 1680, 294, 1235, 1245, 807, 1160, 157, 879, 660, 1738, 203, 1452, 142, 593, 362, 209, 1773, 867, 942, 770, 1739, 211, 1013, 1664, 1234, 1562, 32, 1044, 909, 1582, 1782, 194, 1108, 1333, 738, 62, 1141, 1355, 1083, 1432, 1451, 1070, 100, 331, 502, 1776, 1745, 162, 1077, 970, 518, 751, 33, 440, 372, 425, 1569, 103, 1728, 657, 1474, 491, 328, 1220, 4, 447, 774, 1822, 873, 1298, 358, 515, 1127, 1346, 54, 1872, 390, 462, 930, 1412, 256, 954, 1533, 1722, 1732, 450, 486, 934, 1707, 246, 327, 434, 1585, 1278, 588, 405, 951, 1068, 1825, 336, 1549, 428, 524, 626, 1285, 127, 1297, 1812, 258, 778, 21, 610, 1174, 1088, 556, 82, 1193, 1909, 1448, 1604, 1002, 1143, 264, 1586, 148, 1584, 438, 75, 342, 1011, 1545, 1824, 656, 914, 752, 1417, 199, 692, 685, 349, 826, 773, 1296, 1042, 597, 489, 789, 874, 290, 1557, 997, 617, 184, 457, 697, 1910, 896, 924, 1283, 1744, 1527, 839, 1883, 535, 1140, 1554, 445, 643, 210, 1210, 1188, 1121, 1014, 525, 771, 756, 1036, 964, 845, 747, 240, 1490, 1208, 46, 1219, 1314, 589, 1254, 622, 1213, 1570, 420, 1723, 1594, 1240, 1290, 1568, 38, 855, 584, 402, 1913, 202, 816, 1764, 1772, 406, 424, 22, 1763, 1316, 1253, 1839, 1288, 1187, 959, 799, 1753, 1759, 880, 317, 1830, 312, 995, 1696, 1299, 1477, 1377, 695, 482, 1881, 1130, 431, 1444, 1544, 1806, 1287, 107, 903, 1268, 386, 1502, 354, 441, 1282, 1869, 1221, 1775, 313, 1605, 1286, 289, 409, 1611, 1079, 1330, 237, 1, 1065, 259, 1484, 1784, 5, 284, 1094, 325, 36, 1439, 1541, 1642, 1713, 1300, 784, 1650, 1189, 1854, 1863, 526, 31, 1656, 122, 1644, 490, 1006, 1481, 321, 1647, 628, 929, 389, 1025, 469, 601, 479, 727, 1054, 1697, 1233, 140, 1873, 1449, 1337, 1475, 1731, 1467, 988, 1807, 446, 1520, 9, 1166, 506, 725, 545, 1438, 596, 1543, 1800, 1635, 1001, 1155, 1476, 1685, 872, 1200, 1118, 528, 15, 50, 274, 1901, 143, 165, 798, 170, 492, 912, 848, 288, 1639, 348, 614, 670, 971, 1518, 1552, 812, 1746, 1737, 513, 1799, 236, 1755, 39, 781, 523, 1666, 793, 275, 869, 179, 1708, 297, 1590, 42, 600, 1030, 700, 1367, 185, 1096, 661, 527, 1686, 1144, 1460, 1618, 562, 1711, 1683, 776, 963, 52, 681, 117, 1318, 1225, 11, 454, 1661, 676, 852, 1279, 1026, 1858, 45, 743, 1767, 927, 648, 1530, 989, 861, 1185, 809, 536, 1332, 1497, 694, 982, 1381, 1354, 1322, 1471, 344, 1540, 923, 1654, 1462, 758, 576, 1751, 1252, 1466, 35, 504, 1679, 1820, 70, 1622, 1216, 72, 847, 1223, 1105, 876, 1455, 84, 1542, 644, 658, 280, 1317, 360, 426, 532, 1849, 1051, 1446, 315, 906, 1710, 829, 1702, 1248, 1402, 987, 565, 467, 1826, 1867, 616, 301, 1021, 291, 481, 1396, 810, 110, 1045, 79, 418, 1579, 1082, 1433, 458, 1324, 1698, 683, 1498, 1848, 1461, 1534, 422, 878, 550, 949, 763, 980, 307, 609, 686, 81, 908, 1625, 687, 1203, 1262, 347, 620, 1798, 729, 1353, 1756, 691, 1035, 1246, 396, 1535, 1665, 520, 1914, 1019, 1628, 1810, 557, 1053, 1081, 1149, 1501, 218, 381, 577, 642, 1161, 1103, 1366, 273, 1325, 204, 1003, 1640, 981, 47, 131, 857, 357, 1790, 1338, 109, 1335, 263, 1760, 1539], [803, 19, 641, 749, 333, 650, 201, 1043, 508, 592, 1067, 1561, 1073, 1595, 791, 337, 156, 501, 1251, 602, 714, 1289, 984, 1261, 917, 1905, 219, 387, 859, 598, 322, 1692, 846, 308, 1729, 108, 1850, 1165, 1792, 351, 225, 1538, 1819, 1752, 606, 1291, 828, 1525, 138, 495, 1860, 838, 782, 1386, 1109, 1762, 633, 735, 1459, 455, 1113, 500, 629, 461, 1388, 1602, 1836, 1578, 1479, 332, 1119, 1734, 1769, 1062, 1238, 935, 994, 632, 1308, 374, 733, 306, 800, 559, 530, 300, 1487, 286, 73, 1063, 919, 780, 1419, 1228, 607, 1090, 1701, 1269, 473, 1341, 821, 1630, 144, 59, 788, 746, 505, 552, 1398, 137, 1592, 155, 1428, 132, 1440, 531, 1505, 786, 1610, 1224, 1765, 249, 76, 918, 235, 216, 296, 608, 1169, 1209, 991, 1237, 417, 1098, 1331, 1879, 1495, 1447, 1085, 392, 136, 302, 915, 1899, 732, 1855, 198, 115, 1176, 1294, 214, 499, 160, 1512, 1506, 999, 1866, 443, 1157, 1641, 287, 1430, 1658, 1587, 1309, 952, 97, 195, 575, 335, 1273, 383, 1912, 986, 1408, 1740, 1671, 1008, 1303, 904, 496, 1591, 121, 1345, 706, 590, 841, 958, 323, 785, 1249, 865]]
[INFO    ][2026-06-01 23:56:12][root                ][init_data                ] VideoDataset unsupervised data loader created
[INFO    ][2026-06-01 23:56:12][app.vjepa_wm.train  ][main                     ] 📊 Iterations per epoch: 100 (dataset size: 2268)
[INFO    ][2026-06-01 23:56:12][dinov2              ][__init__                 ] using MLP layer as FFN
[INFO    ][2026-06-01 23:56:12][app.plan_common.datasets.traj_dset][random_split_traj        ] [[1480, 1427, 974, 395, 427, 1515, 397, 1509, 726, 1754, 102, 1828, 611, 87, 260, 250, 1320, 1915, 894, 49, 615, 667, 827, 673, 1468, 161, 239, 1813, 1706, 1880, 1787, 1215, 1315, 955, 775, 1340, 1097, 456, 1101, 759, 1443, 1372, 853, 696, 1500, 2, 1158, 1536, 487, 1250, 1473, 817, 380, 907, 745, 146, 824, 1271, 925, 152, 1646, 547, 1364, 112, 1183, 1004, 1302, 58, 1834, 1521, 483, 1712, 1827, 1818, 1616, 1400, 563, 936, 364, 944, 1260, 48, 1170, 554, 28, 1522, 1212, 863, 330, 517, 961, 23, 197, 1204, 1102, 326, 1385, 1615, 762, 1110, 1057, 1486, 1112, 1885, 595, 442, 638, 1606, 1621, 1135, 1120, 388, 378, 864, 207, 1599, 272, 1689, 1801, 1293, 1394, 41, 1532, 621, 176, 93, 1842, 319, 911, 679, 1336, 150, 634, 1000, 1055, 1033, 580, 314, 1485, 1891, 882, 464, 1492, 369, 1672, 814, 529, 1894, 1793, 1359, 379, 1128, 1020, 1145, 560, 1741, 139, 684, 779, 193, 1321, 965, 106, 1329, 1010, 1078, 128, 1802, 1374, 860, 200, 1172, 1146, 701, 712, 1072, 1766, 1743, 1429, 1370, 631, 1791, 16, 1788, 976, 470, 796, 1895, 612, 921, 1137, 244, 662, 1911, 1431, 1151, 1783, 135, 651, 189, 1687, 6, 888, 1434, 269, 663, 717, 1496, 285, 104, 1670, 1551, 1207, 1173, 1814, 990, 1409, 1239, 1227, 1550, 1436, 968, 1015, 1631, 677, 1095, 1163, 1709, 571, 1566, 352, 708, 1084, 1115, 1875, 1469, 145, 843, 1304, 293, 630, 1823, 267, 205, 1865, 452, 433, 1659, 1871, 720, 1816, 721, 1668, 1718, 1597, 703, 948, 281, 1804, 412, 1075, 61, 305, 766, 125, 996, 932, 478, 356, 334, 1882, 1758, 1494, 401, 1864, 1265, 1092, 118, 1463, 1243, 886, 1100, 120, 956, 901, 1677, 318, 652, 741, 8, 737, 363, 744, 1255, 222, 99, 393, 493, 742, 485, 226, 1516, 693, 1022, 931, 366, 494, 341, 665, 761, 1768, 1676, 1726, 1005, 416, 1878, 1884, 1893, 350, 992, 1619, 1123, 1699, 394, 1684, 1244, 890, 1832, 1626, 1186, 1770, 279, 1018, 1580, 94, 1778, 1721, 1750, 1892, 1796, 18, 668, 1258, 783, 166, 1573, 1887, 1264, 370, 1704, 1571, 1841, 498, 967, 1560, 324, 1717, 105, 243, 116, 1607, 1809, 217, 12, 206, 295, 1904, 849, 801, 1351, 804, 1777, 1087, 640, 1272, 594, 1277, 1202, 17, 1196, 1310, 604, 1508, 1142, 1803, 255, 1256, 654, 797, 672, 1241, 1531, 1017, 169, 343, 88, 1420, 292, 1201, 365, 512, 583, 375, 507, 253, 353, 497, 1089, 760, 1162, 377, 177, 391, 769, 1453, 902, 1634, 655, 833, 1376, 27, 883, 182, 1418, 1645, 555, 645, 945, 1906, 1491, 1733, 268, 790, 842, 1231, 181, 1678, 1222, 1375, 1236, 905, 1069, 889, 564, 1757, 1638, 1086, 66, 228, 1039, 476, 1817, 1111, 1076, 985, 705, 1482, 340, 624, 1601, 977, 421, 613, 1489, 1547, 1797, 1805, 757, 63, 625, 669, 1908, 1350, 1012, 698, 666, 1877, 113, 303, 29, 1197, 983, 20, 767, 820, 543, 819, 1152, 1716, 329, 1415, 361, 1182, 1148, 1846, 174, 415, 516, 80, 262, 1384, 1674, 164, 623, 947, 141, 276, 1178, 868, 408, 962, 1575, 1513, 794, 1327, 1653, 1526, 133, 1742, 792, 1917, 718, 24, 635, 1230, 1445, 913, 149, 257, 893, 385, 567, 1167, 1563, 649, 1048, 466, 413, 1886, 950, 1876, 574, 1435, 1564, 1037, 1401, 119, 429, 1356, 1133, 1682, 1334, 1038, 1403, 1847, 1416, 92, 1519, 724, 537, 1649, 444, 1156, 740, 78, 1159, 1845, 403, 37, 1730, 1226, 384, 887, 1292, 1457, 1609, 802, 1719, 728, 659, 1281, 65, 320, 823, 1567, 1918, 1027, 795, 850, 940, 898, 674, 1267, 1099, 1371, 1426, 1483, 973, 561, 1555, 1131, 1833, 1442, 453, 373, 278, 371, 1247, 1648, 1410, 1326, 346, 1184, 710, 731, 519, 680, 1393, 168, 854, 1058, 1368, 86, 484, 975, 1795, 1852, 1861, 540, 822, 755, 1703, 1276, 1198, 928, 1218, 558, 1080, 382, 1660, 1523, 1624, 1049, 862, 1328, 51, 151, 163, 1175, 943, 969, 1032, 639, 252, 722, 419, 1843, 1620, 1889, 1179, 568, 844, 1323, 1669, 690, 439, 941, 1136, 1749, 1700, 1047, 1059, 1715, 1395, 1397, 1600, 1061, 777, 460, 231, 241, 435, 1387, 1106, 1441, 1362, 570, 1117, 881, 1344, 511, 637, 171, 1774, 1785, 1016, 938, 514, 1361, 1623, 215, 1662, 1407, 316, 578, 521, 972, 68, 922, 1129, 719, 1029, 1835, 1636, 1465, 1454, 488, 1524, 1205, 1147, 1171, 1150, 172, 1528, 1052, 1553, 1907, 675, 1736, 463, 480, 892, 1139, 1383, 1406, 432, 736, 1576, 26, 1424, 709, 1675, 509, 895, 1903, 57, 978, 1280, 832, 95, 1458, 248, 587, 1154, 186, 1380, 1694, 1023, 1379, 376, 1898, 98, 1348, 1725, 159, 74, 875, 551, 830, 899, 1517, 1194, 60, 1360, 1399, 885, 232, 916, 1747, 359, 739, 1382, 7, 1138, 1164, 897, 920, 664, 1389, 338, 1056, 188, 238, 1242, 224, 1357, 34, 77, 837, 1437, 998, 1421, 89, 713, 1301, 147, 196, 1343, 404, 599, 1572, 345, 85, 1349, 368, 451, 993, 69, 277, 423, 1627, 1896, 1124, 367, 220, 707, 1808, 805, 1342, 1181, 831, 1411, 3, 283, 1499, 960, 465, 704, 1632, 153, 768, 1657, 1024, 1831, 190, 471, 25, 1373, 1629, 1779, 1031, 13, 1851, 603, 1897, 30, 430, 716, 1558, 900, 472, 1390, 1009, 247, 1727, 591, 689, 1305, 234, 1339, 840, 702, 533, 946, 1663, 866, 1199, 1781, 1690, 1134, 1511, 1413, 1093, 678, 646, 14, 808, 1066, 1311, 806, 539, 1821, 0, 183, 1153, 1574, 339, 541, 815, 1040, 933, 1581, 1214, 1191, 1206, 1493, 1643, 856, 1794, 91, 1358, 230, 1856, 130, 1546, 910, 90, 1681, 1510, 270, 1470, 1229, 851, 1295, 242, 1780, 213, 1598, 1853, 1306, 1270, 449, 407, 437, 400, 605, 1232, 1041, 1488, 229, 1034, 311, 542, 309, 459, 1916, 750, 1844, 1617, 1423, 83, 503, 1116, 56, 1274, 158, 884, 1608, 111, 265, 1548, 1307, 1177, 1125, 468, 647, 957, 618, 569, 1888, 1211, 553, 414, 1919, 585, 1064, 233, 1862, 10, 134, 436, 1365, 1556, 1456, 1266, 1688, 764, 787, 1263, 653, 1104, 754, 64, 522, 1693, 114, 937, 1259, 1724, 858, 1192, 734, 572, 154, 834, 1667, 546, 251, 299, 1107, 1720, 1537, 474, 1870, 566, 1122, 813, 1391, 818, 579, 1874, 1614, 1613, 1404, 1422, 1352, 1691, 44, 245, 1655, 1577, 1868, 178, 627, 1180, 1789, 1405, 1705, 40, 1046, 124, 1589, 1514, 1593, 1126, 891, 636, 266, 1363, 1900, 187, 836, 1829, 1695, 581, 67, 1450, 1347, 1028, 1529, 1312, 1319, 398, 355, 271, 254, 1007, 1091, 304, 748, 1857, 1840, 979, 1071, 1074, 208, 1714, 180, 1890, 825, 167, 926, 1114, 688, 1369, 1392, 953, 53, 1596, 1651, 399, 1771, 1464, 1748, 682, 753, 538, 1060, 1859, 671, 1257, 96, 310, 261, 1559, 699, 765, 477, 448, 1414, 475, 544, 1478, 1378, 55, 1472, 871, 534, 1637, 1652, 811, 1811, 582, 129, 870, 835, 123, 1132, 772, 1050, 586, 966, 1565, 1313, 1425, 410, 1837, 1507, 411, 1902, 227, 1503, 730, 175, 71, 939, 126, 711, 1786, 1583, 715, 1815, 1612, 43, 1735, 212, 191, 1195, 723, 221, 1284, 548, 1673, 101, 1761, 573, 877, 1633, 1603, 1168, 1275, 1588, 1504, 549, 619, 173, 192, 510, 1217, 1190, 298, 282, 223, 1838, 1680, 294, 1235, 1245, 807, 1160, 157, 879, 660, 1738, 203, 1452, 142, 593, 362, 209, 1773, 867, 942, 770, 1739, 211, 1013, 1664, 1234, 1562, 32, 1044, 909, 1582, 1782, 194, 1108, 1333, 738, 62, 1141, 1355, 1083, 1432, 1451, 1070, 100, 331, 502, 1776, 1745, 162, 1077, 970, 518, 751, 33, 440, 372, 425, 1569, 103, 1728, 657, 1474, 491, 328, 1220, 4, 447, 774, 1822, 873, 1298, 358, 515, 1127, 1346, 54, 1872, 390, 462, 930, 1412, 256, 954, 1533, 1722, 1732, 450, 486, 934, 1707, 246, 327, 434, 1585, 1278, 588, 405, 951, 1068, 1825, 336, 1549, 428, 524, 626, 1285, 127, 1297, 1812, 258, 778, 21, 610, 1174, 1088, 556, 82, 1193, 1909, 1448, 1604, 1002, 1143, 264, 1586, 148, 1584, 438, 75, 342, 1011, 1545, 1824, 656, 914, 752, 1417, 199, 692, 685, 349, 826, 773, 1296, 1042, 597, 489, 789, 874, 290, 1557, 997, 617, 184, 457, 697, 1910, 896, 924, 1283, 1744, 1527, 839, 1883, 535, 1140, 1554, 445, 643, 210, 1210, 1188, 1121, 1014, 525, 771, 756, 1036, 964, 845, 747, 240, 1490, 1208, 46, 1219, 1314, 589, 1254, 622, 1213, 1570, 420, 1723, 1594, 1240, 1290, 1568, 38, 855, 584, 402, 1913, 202, 816, 1764, 1772, 406, 424, 22, 1763, 1316, 1253, 1839, 1288, 1187, 959, 799, 1753, 1759, 880, 317, 1830, 312, 995, 1696, 1299, 1477, 1377, 695, 482, 1881, 1130, 431, 1444, 1544, 1806, 1287, 107, 903, 1268, 386, 1502, 354, 441, 1282, 1869, 1221, 1775, 313, 1605, 1286, 289, 409, 1611, 1079, 1330, 237, 1, 1065, 259, 1484, 1784, 5, 284, 1094, 325, 36, 1439, 1541, 1642, 1713, 1300, 784, 1650, 1189, 1854, 1863, 526, 31, 1656, 122, 1644, 490, 1006, 1481, 321, 1647, 628, 929, 389, 1025, 469, 601, 479, 727, 1054, 1697, 1233, 140, 1873, 1449, 1337, 1475, 1731, 1467, 988, 1807, 446, 1520, 9, 1166, 506, 725, 545, 1438, 596, 1543, 1800, 1635, 1001, 1155, 1476, 1685, 872, 1200, 1118, 528, 15, 50, 274, 1901, 143, 165, 798, 170, 492, 912, 848, 288, 1639, 348, 614, 670, 971, 1518, 1552, 812, 1746, 1737, 513, 1799, 236, 1755, 39, 781, 523, 1666, 793, 275, 869, 179, 1708, 297, 1590, 42, 600, 1030, 700, 1367, 185, 1096, 661, 527, 1686, 1144, 1460, 1618, 562, 1711, 1683, 776, 963, 52, 681, 117, 1318, 1225, 11, 454, 1661, 676, 852, 1279, 1026, 1858, 45, 743, 1767, 927, 648, 1530, 989, 861, 1185, 809, 536, 1332, 1497, 694, 982, 1381, 1354, 1322, 1471, 344, 1540, 923, 1654, 1462, 758, 576, 1751, 1252, 1466, 35, 504, 1679, 1820, 70, 1622, 1216, 72, 847, 1223, 1105, 876, 1455, 84, 1542, 644, 658, 280, 1317, 360, 426, 532, 1849, 1051, 1446, 315, 906, 1710, 829, 1702, 1248, 1402, 987, 565, 467, 1826, 1867, 616, 301, 1021, 291, 481, 1396, 810, 110, 1045, 79, 418, 1579, 1082, 1433, 458, 1324, 1698, 683, 1498, 1848, 1461, 1534, 422, 878, 550, 949, 763, 980, 307, 609, 686, 81, 908, 1625, 687, 1203, 1262, 347, 620, 1798, 729, 1353, 1756, 691, 1035, 1246, 396, 1535, 1665, 520, 1914, 1019, 1628, 1810, 557, 1053, 1081, 1149, 1501, 218, 381, 577, 642, 1161, 1103, 1366, 273, 1325, 204, 1003, 1640, 981, 47, 131, 857, 357, 1790, 1338, 109, 1335, 263, 1760, 1539], [803, 19, 641, 749, 333, 650, 201, 1043, 508, 592, 1067, 1561, 1073, 1595, 791, 337, 156, 501, 1251, 602, 714, 1289, 984, 1261, 917, 1905, 219, 387, 859, 598, 322, 1692, 846, 308, 1729, 108, 1850, 1165, 1792, 351, 225, 1538, 1819, 1752, 606, 1291, 828, 1525, 138, 495, 1860, 838, 782, 1386, 1109, 1762, 633, 735, 1459, 455, 1113, 500, 629, 461, 1388, 1602, 1836, 1578, 1479, 332, 1119, 1734, 1769, 1062, 1238, 935, 994, 632, 1308, 374, 733, 306, 800, 559, 530, 300, 1487, 286, 73, 1063, 919, 780, 1419, 1228, 607, 1090, 1701, 1269, 473, 1341, 821, 1630, 144, 59, 788, 746, 505, 552, 1398, 137, 1592, 155, 1428, 132, 1440, 531, 1505, 786, 1610, 1224, 1765, 249, 76, 918, 235, 216, 296, 608, 1169, 1209, 991, 1237, 417, 1098, 1331, 1879, 1495, 1447, 1085, 392, 136, 302, 915, 1899, 732, 1855, 198, 115, 1176, 1294, 214, 499, 160, 1512, 1506, 999, 1866, 443, 1157, 1641, 287, 1430, 1658, 1587, 1309, 952, 97, 195, 575, 335, 1273, 383, 1912, 986, 1408, 1740, 1671, 1008, 1303, 904, 496, 1591, 121, 1345, 706, 590, 841, 958, 323, 785, 1249, 865]]
[INFO    ][2026-06-01 23:56:12][root                ][init_data                ] VideoDataset unsupervised data loader created
[INFO    ][2026-06-01 23:56:12][app.vjepa_wm.train  ][main                     ] 📊 Iterations per epoch: 100 (dataset size: 2268)
[INFO    ][2026-06-01 23:56:12][dinov2              ][__init__                 ] using MLP layer as FFN
[INFO    ][2026-06-01 23:56:13][root                ][init_video_model         ] Encoder: DinoEncoder(
  (base_model): DinoVisionTransformer(
    (patch_embed): PatchEmbed(
      (proj): Conv2d(3, 384, kernel_size=(14, 14), stride=(14, 14))
      (norm): Identity()
    )
    (blocks): ModuleList(
      (0-11): 12 x NestedTensorBlock(
        (norm1): LayerNorm((384,), eps=1e-06, elementwise_affine=True)
        (attn): MemEffAttention(
          (qkv): Linear(in_features=384, out_features=1152, bias=True)
          (attn_drop): Dropout(p=0.0, inplace=False)
          (proj): Linear(in_features=384, out_features=384, bias=True)
          (proj_drop): Dropout(p=0.0, inplace=False)
        )
        (ls1): LayerScale()
        (drop_path1): Identity()
        (norm2): LayerNorm((384,), eps=1e-06, elementwise_affine=True)
        (mlp): Mlp(
          (fc1): Linear(in_features=384, out_features=1536, bias=True)
          (act): GELU(approximate='none')
          (fc2): Linear(in_features=1536, out_features=384, bias=True)
          (drop): Dropout(p=0.0, inplace=False)
        )
        (ls2): LayerScale()
        (drop_path2): Identity()
      )
    )
    (norm): LayerNorm((384,), eps=1e-06, elementwise_affine=True)
    (head): Identity()
  )
)
[INFO    ][2026-06-01 23:56:13][root                ][init_video_model         ] 🧠 Encoder: DinoEncoder (22,056,576 params, frozen=True)
[INFO    ][2026-06-01 23:56:13][root                ][init_video_model         ] Encoder: DinoEncoder(
  (base_model): DinoVisionTransformer(
    (patch_embed): PatchEmbed(
      (proj): Conv2d(3, 384, kernel_size=(14, 14), stride=(14, 14))
      (norm): Identity()
    )
    (blocks): ModuleList(
      (0-11): 12 x NestedTensorBlock(
        (norm1): LayerNorm((384,), eps=1e-06, elementwise_affine=True)
        (attn): MemEffAttention(
          (qkv): Linear(in_features=384, out_features=1152, bias=True)
          (attn_drop): Dropout(p=0.0, inplace=False)
          (proj): Linear(in_features=384, out_features=384, bias=True)
          (proj_drop): Dropout(p=0.0, inplace=False)
        )
        (ls1): LayerScale()
        (drop_path1): Identity()
        (norm2): LayerNorm((384,), eps=1e-06, elementwise_affine=True)
        (mlp): Mlp(
          (fc1): Linear(in_features=384, out_features=1536, bias=True)
          (act): GELU(approximate='none')
          (fc2): Linear(in_features=1536, out_features=384, bias=True)
          (drop): Dropout(p=0.0, inplace=False)
        )
        (ls2): LayerScale()
        (drop_path2): Identity()
      )
    )
    (norm): LayerNorm((384,), eps=1e-06, elementwise_affine=True)
    (head): Identity()
  )
)
[INFO    ][2026-06-01 23:56:13][root                ][init_video_model         ] 🧠 Encoder: DinoEncoder (22,056,576 params, frozen=True)
[INFO    ][2026-06-01 23:56:13][app.plan_common.models.mgvt_dynamics_guided][__init__                 ] Initialized DynamicsGuidedPredictor(fdyn_type=raw_action, guidance=trend, d_h_dim=16, proprio_flow=dyn_refine, refiner_depth=1)
[INFO    ][2026-06-01 23:56:13][root                ][init_video_model         ] Predictor: DynamicsGuidedPredictor(
  (predictor_embed): Linear(in_features=768, out_features=128, bias=True)
  (action_norm): LayerNorm((144,), eps=1e-05, elementwise_affine=True)
  (f_dyn): Sequential(
    (0): LayerNorm((144,), eps=1e-05, elementwise_affine=True)
    (1): Linear(in_features=144, out_features=128, bias=True)
    (2): GELU(approximate='none')
    (3): Linear(in_features=128, out_features=16, bias=True)
  )
  (guidance): Sequential(
    (0): LayerNorm((16,), eps=1e-05, elementwise_affine=True)
    (1): Linear(in_features=16, out_features=128, bias=True)
    (2): GELU(approximate='none')
    (3): Linear(in_features=128, out_features=128, bias=True)
  )
  (guidance_gate): Sequential(
    (0): LayerNorm((16,), eps=1e-05, elementwise_affine=True)
    (1): Linear(in_features=16, out_features=128, bias=True)
    (2): Sigmoid()
  )
  (refine_in): Linear(in_features=288, out_features=128, bias=True)
  (refiner): ResidualMLP(
    (blocks): ModuleList(
      (0): Sequential(
        (0): LayerNorm((128,), eps=1e-05, elementwise_affine=True)
        (1): Linear(in_features=128, out_features=512, bias=True)
        (2): GELU(approximate='none')
        (3): Linear(in_features=512, out_features=128, bias=True)
      )
    )
  )
  (refine_norm): LayerNorm((128,), eps=1e-06, elementwise_affine=True)
  (predictor_proj): Linear(in_features=128, out_features=384, bias=True)
  (proprio_head): Sequential(
    (0): LayerNorm((128,), eps=1e-05, elementwise_affine=True)
    (1): Linear(in_features=128, out_features=128, bias=True)
    (2): GELU(approximate='none')
    (3): Linear(in_features=128, out_features=16, bias=True)
  )
)
[INFO    ][2026-06-01 23:56:13][root                ][init_video_model         ] 🔮 Predictor: DynamicsGuidedPredictor (378,144 params)
[INFO    ][2026-06-01 23:56:13][root                ][init_video_model         ] Action encoder output dim: 144
[INFO    ][2026-06-01 23:56:13][root                ][init_opt                 ] Using AdamW
[INFO    ][2026-06-01 23:56:13][root                ][init_opt                 ] Using WarmupCosineSchedule with warmup_steps=0, T_max=200
[INFO    ][2026-06-01 23:56:13][app.vjepa_wm.train  ][main                     ] DDP config: static_graph=False, find_unused_parameters=False, gradient_as_bucket_view=False, broadcast_buffers=True, bucket_cap_mb=None, comm_hook=none
[INFO    ][2026-06-01 23:56:13][app.plan_common.models.mgvt_dynamics_guided][__init__                 ] Initialized DynamicsGuidedPredictor(fdyn_type=raw_action, guidance=trend, d_h_dim=16, proprio_flow=dyn_refine, refiner_depth=1)
[INFO    ][2026-06-01 23:56:13][root                ][init_video_model         ] Predictor: DynamicsGuidedPredictor(
  (predictor_embed): Linear(in_features=768, out_features=128, bias=True)
  (action_norm): LayerNorm((144,), eps=1e-05, elementwise_affine=True)
  (f_dyn): Sequential(
    (0): LayerNorm((144,), eps=1e-05, elementwise_affine=True)
    (1): Linear(in_features=144, out_features=128, bias=True)
    (2): GELU(approximate='none')
    (3): Linear(in_features=128, out_features=16, bias=True)
  )
  (guidance): Sequential(
    (0): LayerNorm((16,), eps=1e-05, elementwise_affine=True)
    (1): Linear(in_features=16, out_features=128, bias=True)
    (2): GELU(approximate='none')
    (3): Linear(in_features=128, out_features=128, bias=True)
  )
  (guidance_gate): Sequential(
    (0): LayerNorm((16,), eps=1e-05, elementwise_affine=True)
    (1): Linear(in_features=16, out_features=128, bias=True)
    (2): Sigmoid()
  )
  (refine_in): Linear(in_features=288, out_features=128, bias=True)
  (refiner): ResidualMLP(
    (blocks): ModuleList(
      (0): Sequential(
        (0): LayerNorm((128,), eps=1e-05, elementwise_affine=True)
        (1): Linear(in_features=128, out_features=512, bias=True)
        (2): GELU(approximate='none')
        (3): Linear(in_features=512, out_features=128, bias=True)
      )
    )
  )
  (refine_norm): LayerNorm((128,), eps=1e-06, elementwise_affine=True)
  (predictor_proj): Linear(in_features=128, out_features=384, bias=True)
  (proprio_head): Sequential(
    (0): LayerNorm((128,), eps=1e-05, elementwise_affine=True)
    (1): Linear(in_features=128, out_features=128, bias=True)
    (2): GELU(approximate='none')
    (3): Linear(in_features=128, out_features=16, bias=True)
  )
)
[INFO    ][2026-06-01 23:56:13][root                ][init_video_model         ] 🔮 Predictor: DynamicsGuidedPredictor (378,144 params)
[INFO    ][2026-06-01 23:56:13][root                ][init_video_model         ] Action encoder output dim: 144
[INFO    ][2026-06-01 23:56:13][root                ][init_opt                 ] Using AdamW
[INFO    ][2026-06-01 23:56:13][root                ][init_opt                 ] Using WarmupCosineSchedule with warmup_steps=0, T_max=200
[INFO    ][2026-06-01 23:56:13][root                ][__init__                 ] 📉 Loss weights: L2=1.0
/home/ps/miniconda3/envs/jepa-wms/lib/python3.10/site-packages/torchvision/models/_utils.py:208: UserWarning: The parameter 'pretrained' is deprecated since 0.13 and may be removed in the future, please use 'weights' instead.
  warnings.warn(
/home/ps/miniconda3/envs/jepa-wms/lib/python3.10/site-packages/torchvision/models/_utils.py:223: UserWarning: Arguments other than a weight enum or `None` for 'weights' are deprecated since 0.13 and may be removed in the future. The current behavior is equivalent to passing `weights=VGG16_Weights.IMAGENET1K_V1`. You can also use `weights=VGG16_Weights.DEFAULT` to get the most up-to-date weights.
  warnings.warn(msg)
[INFO    ][2026-06-01 23:56:13][root                ][__init__                 ] 📉 Loss weights: L2=1.0
/home/ps/miniconda3/envs/jepa-wms/lib/python3.10/site-packages/torchvision/models/_utils.py:208: UserWarning: The parameter 'pretrained' is deprecated since 0.13 and may be removed in the future, please use 'weights' instead.
  warnings.warn(
/home/ps/miniconda3/envs/jepa-wms/lib/python3.10/site-packages/torchvision/models/_utils.py:223: UserWarning: Arguments other than a weight enum or `None` for 'weights' are deprecated since 0.13 and may be removed in the future. The current behavior is equivalent to passing `weights=VGG16_Weights.IMAGENET1K_V1`. You can also use `weights=VGG16_Weights.DEFAULT` to get the most up-to-date weights.
  warnings.warn(msg)
Setting up [LPIPS] perceptual loss: trunk [vgg], v[0.1], spatial [off]
Loading model from: /home/ps/miniconda3/envs/jepa-wms/lib/python3.10/site-packages/lpips/weights/v0.1/vgg.pth
[INFO    ][2026-06-01 23:56:14][app.vjepa_wm.train  ][main                     ] Initializing loader...
[INFO    ][2026-06-01 23:56:14][app.vjepa_wm.train  ][main                     ] 
──────────────────────────────────────────────────
[INFO    ][2026-06-01 23:56:14][app.vjepa_wm.train  ][main                     ] 📈 Epoch 1/2
[INFO    ][2026-06-01 23:56:14][app.vjepa_wm.train  ][main                     ] ──────────────────────────────────────────────────
Setting up [LPIPS] perceptual loss: trunk [vgg], v[0.1], spatial [off]
Loading model from: /home/ps/miniconda3/envs/jepa-wms/lib/python3.10/site-packages/lpips/weights/v0.1/vgg.pth
[INFO    ][2026-06-01 23:56:14][app.vjepa_wm.train  ][main                     ] Initializing loader...
[INFO    ][2026-06-01 23:56:14][app.vjepa_wm.train  ][main                     ] 
──────────────────────────────────────────────────
[INFO    ][2026-06-01 23:56:14][app.vjepa_wm.train  ][main                     ] 📈 Epoch 1/2
[INFO    ][2026-06-01 23:56:14][app.vjepa_wm.train  ][main                     ] ──────────────────────────────────────────────────
[INFO    ][2026-06-01 23:56:15][app.vjepa_wm.train  ][log                      ] [1,     0] loss: 2.263 | 
[INFO    ][2026-06-01 23:56:15][app.vjepa_wm.train  ][log_stats                ] [1,     0] [mem: 6.49e+02] [gpu: 772.6 ms][wall: 908.2 ms]
[INFO    ][2026-06-01 23:56:15][app.vjepa_wm.train  ][log                      ] [1,     0] loss: 2.192 | 
[INFO    ][2026-06-01 23:56:15][app.vjepa_wm.train  ][log_stats                ] [1,     0] [mem: 6.49e+02] [gpu: 805.7 ms][wall: 939.5 ms]
[INFO    ][2026-06-01 23:56:17][app.vjepa_wm.train  ][main                     ] avg. loss 1.571
[INFO    ][2026-06-01 23:56:17][app.vjepa_wm.train  ][main                     ] avg. loss 1.539
[INFO    ][2026-06-01 23:56:17][app.vjepa_wm.train  ][main                     ] 
──────────────────────────────────────────────────
[INFO    ][2026-06-01 23:56:17][app.vjepa_wm.train  ][main                     ] 📈 Epoch 2/2
[INFO    ][2026-06-01 23:56:17][app.vjepa_wm.train  ][main                     ] ──────────────────────────────────────────────────
[INFO    ][2026-06-01 23:56:17][app.vjepa_wm.train  ][main                     ] 
──────────────────────────────────────────────────
[INFO    ][2026-06-01 23:56:17][app.vjepa_wm.train  ][main                     ] 📈 Epoch 2/2
[INFO    ][2026-06-01 23:56:17][app.vjepa_wm.train  ][main                     ] ──────────────────────────────────────────────────
[INFO    ][2026-06-01 23:56:17][app.vjepa_wm.train  ][log                      ] [2,     0] loss: 0.994 | 
[INFO    ][2026-06-01 23:56:17][app.vjepa_wm.train  ][log_stats                ] [2,     0] [mem: 6.62e+02] [gpu: 96.1 ms][wall: 155.6 ms]
[INFO    ][2026-06-01 23:56:17][app.vjepa_wm.train  ][log                      ] [2,     0] loss: 0.972 | 
[INFO    ][2026-06-01 23:56:17][app.vjepa_wm.train  ][log_stats                ] [2,     0] [mem: 6.62e+02] [gpu: 82.6 ms][wall: 180.3 ms]
[INFO    ][2026-06-01 23:56:18][app.vjepa_wm.train  ][main                     ] avg. loss 0.832
[INFO    ][2026-06-01 23:56:18][app.vjepa_wm.train  ][main                     ] avg. loss 0.842
[rank1]:[W601 23:56:19.297205663 ProcessGroupNCCL.cpp:1476] Warning: WARNING: destroy_process_group() was not called before program exit, which can leak resources. For more info, please see https://pytorch.org/docs/stable/distributed.html#shutdown (function operator())
[rank0]:[W601 23:56:19.347081672 ProcessGroupNCCL.cpp:1476] Warning: WARNING: destroy_process_group() was not called before program exit, which can leak resources. For more info, please see https://pytorch.org/docs/stable/distributed.html#shutdown (function operator())
