=== REDIAG mw_r_stage2c_pred_adaln_depth1_lance_h4_seed2 2026-06-01T23:06:57+08:00 device=cuda:4 ===
config=/home/ps/Code/yqy/DINO-WM/jepawm_logs/mgvt_stage2c_3seed_20260531/mw_r_stage2c_pred_adaln_depth1_lance_h4_seed2/config.yaml
checkpoint=/home/ps/Code/yqy/DINO-WM/jepawm_checkpoints/mgvt_stage2c_3seed_20260531/mw_r_stage2c_pred_adaln_depth1_lance_h4_seed2/jepa-latest.pth.tar
INFO:Datasets utils:Datapaths ['/home/ps/Code/yqy/DINO-WM/jepawm_data/Metaworld/data']
INFO:root:📂 Data paths: ['/home/ps/Code/yqy/DINO-WM/jepawm_data/Metaworld/data']
INFO:app.plan_common.datasets.stores.lance_window:Opened Lance PointMaze dataset (12600 episodes) at /home/ps/Code/yqy/DINO-WM/jepawm_data/_lance_20260528/Metaworld.lance
INFO:app.plan_common.datasets.traj_dset:[[48, 88, 133, 57, 26, 34, 96, 288, 184, 165, 110, 220, 203, 38, 59, 293, 279, 238, 284, 68, 240, 6, 219, 294, 163, 210, 140, 105, 199, 64, 35, 21, 17, 227, 23, 205, 33, 94, 195, 290, 1, 144, 268, 45, 255, 91, 109, 151, 212, 186, 132, 89, 54, 252, 270, 243, 24, 69, 181, 2, 90, 204, 0, 76, 39, 175, 239, 66, 50, 274, 231, 172, 236, 170, 285, 230, 101, 123, 86, 108, 154, 47, 127, 75, 44, 200, 258, 36, 196, 107, 164, 106, 60, 295, 262, 116, 190, 215, 25, 122, 130, 99, 266, 16, 297, 216, 29, 79, 104, 298, 15, 282, 121, 14, 98, 265, 278, 81, 85, 214, 124, 228, 150, 185, 182, 120, 22, 125, 296, 111, 253, 271, 153, 13, 30, 168, 61, 208, 146, 292, 263, 250, 261, 41, 201, 83, 93, 10, 179, 157, 232, 87, 202, 183, 247, 11, 95, 269, 249, 143, 129, 217, 276, 20, 7, 51, 281, 234, 102, 188, 65, 43, 221, 37, 174, 53, 113, 158, 152, 289, 211, 189, 194, 97, 218, 134, 103, 73, 46, 142, 242, 260, 272, 115, 145, 193, 207, 256, 206, 237, 5, 55, 267, 192, 9, 70, 138, 213, 18, 19, 197, 131, 299, 177, 209, 58, 176, 12, 233, 173, 137, 77, 141, 225, 156, 241, 4, 149, 291, 135, 3, 114, 72, 52, 244, 159, 178, 117, 245, 180, 28, 148, 74, 246, 224, 187, 248, 171, 62, 257, 128, 8, 191, 161, 166, 235, 92, 100, 222, 167, 277, 84, 63, 56, 49, 42, 139, 275, 273, 67], [78, 226, 27, 80, 259, 155, 147, 112, 136, 71, 254, 251, 229, 82, 118, 198, 31, 280, 162, 169, 160, 32, 283, 286, 223, 287, 126, 119, 40, 264]]
INFO:root:VideoDataset unsupervised data loader created
INFO:dinov2:using MLP layer as FFN
INFO:root:Encoder: DinoEncoder(
  (base_model): DinoVisionTransformer(
    (patch_embed): PatchEmbed(
      (proj): Conv2d(3, 384, kernel_size=(14, 14), stride=(14, 14))
      (norm): Identity()
    )
    (blocks): ModuleList(
      (0-11): 12 x NestedTensorBlock(
        (norm1): LayerNorm((384,), eps=1e-06, elementwise_affine=True)
        (attn): MemEffAttention(
          (qkv): Linear(in_features=384, out_features=1152, bias=True)
          (attn_drop): Dropout(p=0.0, inplace=False)
          (proj): Linear(in_features=384, out_features=384, bias=True)
          (proj_drop): Dropout(p=0.0, inplace=False)
        )
        (ls1): LayerScale()
        (drop_path1): Identity()
        (norm2): LayerNorm((384,), eps=1e-06, elementwise_affine=True)
        (mlp): Mlp(
          (fc1): Linear(in_features=384, out_features=1536, bias=True)
          (act): GELU(approximate='none')
          (fc2): Linear(in_features=1536, out_features=384, bias=True)
          (drop): Dropout(p=0.0, inplace=False)
        )
        (ls2): LayerScale()
        (drop_path2): Identity()
      )
    )
    (norm): LayerNorm((384,), eps=1e-06, elementwise_affine=True)
    (head): Identity()
  )
)
INFO:root:🧠 Encoder: DinoEncoder (22,056,576 params, frozen=True)
INFO:app.plan_common.models.AdaLN_vit:🔧 Initialized 1 AdaLN-zero blocks
INFO:root:Predictor: VisionTransformerAdaLN(
  (predictor_embed): Linear(in_features=384, out_features=104, bias=True)
  (predictor_blocks): ModuleList(
    (0): FWAdaLNBlock(
      (norm1): LayerNorm((120,), eps=1e-06, elementwise_affine=True)
      (attn): RoPEAttention(
        (qkv): Linear(in_features=120, out_features=360, bias=True)
        (attn_drop): Dropout(p=0.0, inplace=False)
        (proj): Linear(in_features=120, out_features=120, bias=True)
        (proj_drop): Dropout(p=0.0, inplace=False)
      )
      (drop_path): Identity()
      (norm2): LayerNorm((120,), eps=1e-06, elementwise_affine=True)
      (mlp): MLP(
        (fc1): Linear(in_features=120, out_features=480, bias=True)
        (act): GELU(approximate='none')
        (fc2): Linear(in_features=480, out_features=120, bias=True)
        (drop): Dropout(p=0.0, inplace=False)
      )
      (adaLN_modulation): Sequential(
        (0): SiLU()
        (1): Linear(in_features=120, out_features=720, bias=True)
      )
    )
  )
  (predictor_norm): LayerNorm((120,), eps=1e-06, elementwise_affine=True)
  (predictor_proj): Linear(in_features=104, out_features=384, bias=True)
)
INFO:root:🔮 Predictor: VisionTransformerAdaLN (342,080 params)
INFO:root:Action encoder output dim: 120
INFO:root:Loading checkpoint from local path: /home/ps/Code/yqy/DINO-WM/jepawm_checkpoints/mgvt_stage2c_3seed_20260531/mw_r_stage2c_pred_adaln_depth1_lance_h4_seed2/jepa-latest.pth.tar
INFO:root:loaded pretrained predictor from epoch 10 with msg: <All keys matched successfully>
INFO:root:loaded pretrained action encoder from epoch 10 with msg: <All keys matched successfully>
INFO:root:loaded pretrained proprio encoder from epoch 10 with msg: <All keys matched successfully>
INFO:root:📉 Loss weights: L2=1.0
{
  "backend": {
    "fall_back_to_raw_if_unsupported": false,
    "kind": "swm_lance",
    "lance_uri": "/home/ps/Code/yqy/DINO-WM/jepawm_data/_lance_20260528/Metaworld.lance"
  },
  "change_mse_model": 0.14595506376690334,
  "change_mse_model_by_horizon": {
    "1": 0.14595506376690334,
    "2": 0.1482983837856187,
    "3": 0.15032443978720242,
    "4": 0.1542928571999073,
    "5": 0.16244836462868584,
    "6": 0.173132726897796
  },
  "change_mse_persist": 0.37426197649704085,
  "change_mse_persist_by_horizon": {
    "1": 0.37426197649704085,
    "2": 0.6031029899915059,
    "3": 0.7460217852062649,
    "4": 0.8406796909040875,
    "5": 0.9093601385090087,
    "6": 0.9605033564567566
  },
  "change_skill": 0.6100189895511403,
  "change_skill_by_horizon": {
    "1": 0.6100189895511403,
    "2": 0.7541076959547037,
    "3": 0.7984985924430615,
    "4": 0.8164665343182289,
    "5": 0.8213597036537834,
    "6": 0.8197479209896017
  },
  "checkpoint": "/home/ps/Code/yqy/DINO-WM/jepawm_checkpoints/mgvt_stage2c_3seed_20260531/mw_r_stage2c_pred_adaln_depth1_lance_h4_seed2/jepa-latest.pth.tar",
  "config": "/home/ps/Code/yqy/DINO-WM/jepawm_logs/mgvt_stage2c_3seed_20260531/mw_r_stage2c_pred_adaln_depth1_lance_h4_seed2/config.yaml",
  "deterministic_encode_max_abs_diff": 0.0,
  "diagnostic_batch_time_ms": 152.69109648393675,
  "flops_per_forward_estimate": null,
  "latent_mean": -1.1783063433609995e-09,
  "latent_std": 0.9999992322921752,
  "mamba_backend": null,
  "max_horizon": 6,
  "model": "AdaLN",
  "moved_region_change_skill": 0.43980727777048856,
  "moved_region_change_skill_by_horizon": {
    "1": 0.43980727777048856,
    "2": 0.6339409147570112,
    "3": 0.6968030230286307,
    "4": 0.723239126052529,
    "5": 0.7331741447008363,
    "6": 0.7333576668931377
  },
  "moved_region_counts_by_horizon": {
    "1": 215682,
    "2": 216269,
    "3": 217894,
    "4": 219101,
    "5": 220037,
    "6": 220829
  },
  "moved_region_mask": {
    "denominator_floor": 0.0,
    "dilation": 1,
    "min_floor": 0.0,
    "source": "target_side_persistence_patch_mse",
    "top_frac": 0.2
  },
  "moved_region_mse_model": 0.07815266268360839,
  "moved_region_mse_model_by_horizon": {
    "1": 0.07815266268360839,
    "2": 0.08610153892323805,
    "3": 0.09163325081101625,
    "4": 0.09712253761917418,
    "5": 0.10336500460740161,
    "6": 0.11062044556423585
  },
  "moved_region_mse_persist": 0.13951031418717572,
  "moved_region_mse_persist_by_horizon": {
    "1": 0.13951031418717572,
    "2": 0.23521213485545409,
    "3": 0.3022234974976981,
    "4": 0.35092582355990093,
    "5": 0.38738751344583655,
    "6": 0.41486452760635906
  },
  "mse_model": 0.04961586833000183,
  "mse_model_by_horizon": {
    "1": 0.04961586833000183,
    "2": 0.05467874468200737,
    "3": 0.05828963979250855,
    "4": 0.06179600950744417,
    "5": 0.06575012486841944,
    "6": 0.07020122509035799
  },
  "mse_persist": 0.07364687418772115,
  "mse_persist_by_horizon": {
    "1": 0.07364687418772115,
    "2": 0.12329877841803763,
    "3": 0.15920063633057807,
    "4": 0.18566386002633306,
    "5": 0.20589682421750494,
    "6": 0.22154053620166247
  },
  "normalization_note": "Validation loader uses train-split dataset statistics; no val statistics are recomputed.",
  "num_batches": 450,
  "num_val_windows": 1800,
  "param_count": 344680,
  "prefix": 1,
  "proprio_mse_model": 0.0009748879500289655,
  "proprio_mse_model_by_horizon": {
    "1": 0.0009748879500289655,
    "2": 0.002332151984705383,
    "3": 0.0037126780208200216,
    "4": 0.004894606505598252,
    "5": 0.005797678307022175,
    "6": 0.006469923583402609
  },
  "proprio_mse_persist": 0.018218540937846733,
  "proprio_mse_persist_by_horizon": {
    "1": 0.018218540937846733,
    "2": 0.053492507031187415,
    "3": 0.08713043326305019,
    "4": 0.1163258000038978,
    "5": 0.13828307828658984,
    "6": 0.15196809521669316
  },
  "proprio_skill": 0.9464892411881481,
  "proprio_skill_by_horizon": {
    "1": 0.9464892411881481,
    "2": 0.9564022680158609,
    "3": 0.957389423169614,
    "4": 0.9579232938399371,
    "5": 0.9580738411463001,
    "6": 0.957425776942344
  },
  "seed": 2,
  "skill": 0.32630041835130474,
  "skill_by_horizon": {
    "1": 0.32630041835130474,
    "2": 0.5565345789832391,
    "3": 0.633860510007819,
    "4": 0.6671618833160124,
    "5": 0.6806646964162865,
    "6": 0.6831224375729791
  },
  "task": "METAWORLD_HF:mw-reach",
  "top_k_patches": 32,
  "train_step_time_ms": 297.0607845220001
}
=== DONE mw_r_stage2c_pred_adaln_depth1_lance_h4_seed2 2026-06-01T23:13:04+08:00 ===
