=== REDIAG maze_stage2c_pred_adaln_depth1_lance_h4_seed234 2026-06-01T23:06:57+08:00 device=cuda:0 ===
config=/home/ps/Code/yqy/DINO-WM/jepawm_logs/mgvt_stage2c_3seed_20260531/maze_stage2c_pred_adaln_depth1_lance_h4_seed234/config.yaml
checkpoint=/home/ps/Code/yqy/DINO-WM/jepawm_checkpoints/mgvt_stage2c_3seed_20260531/maze_stage2c_pred_adaln_depth1_lance_h4_seed234/jepa-latest.pth.tar
INFO:Datasets utils:Datapaths ['/home/ps/Code/yqy/DINO-WM/jepawm_data/point_maze']
INFO:root:📂 Data paths: ['/home/ps/Code/yqy/DINO-WM/jepawm_data/point_maze']
INFO:app.plan_common.datasets.stores.lance_window:Opened Lance PointMaze dataset (2000 episodes) at /home/ps/Code/yqy/DINO-WM/jepawm_data/_lance_20260528/PointMaze.lance
INFO:app.plan_common.datasets.traj_dset:[[1720, 1388, 416, 369, 1247, 1625, 653, 1133, 1774, 1981, 1182, 1327, 71, 271, 40, 475, 152, 859, 1040, 1424, 1335, 386, 1375, 757, 1324, 1501, 53, 1798, 1482, 345, 467, 490, 323, 588, 1007, 1180, 681, 944, 625, 1081, 83, 1469, 1259, 1692, 772, 1684, 1748, 888, 1927, 545, 513, 232, 684, 650, 1413, 691, 1968, 363, 349, 1199, 1246, 520, 1086, 1192, 479, 639, 1668, 1808, 1758, 1799, 1903, 1947, 739, 137, 1918, 1680, 1231, 367, 988, 1681, 1820, 402, 744, 1859, 326, 1822, 438, 803, 1826, 883, 561, 1156, 613, 903, 350, 256, 1017, 1665, 1308, 1332, 557, 1248, 534, 595, 1931, 1917, 612, 347, 357, 1102, 900, 1507, 1418, 1933, 1195, 499, 296, 381, 1459, 183, 1874, 759, 1982, 453, 1656, 879, 672, 250, 1583, 97, 21, 946, 1518, 1042, 141, 1153, 388, 1004, 1305, 1049, 662, 192, 78, 1328, 1240, 1624, 563, 30, 1729, 1527, 1359, 1243, 980, 1714, 1436, 201, 1847, 1474, 393, 908, 361, 1326, 1360, 1177, 1666, 1493, 905, 174, 414, 1456, 710, 1401, 234, 1929, 1196, 462, 246, 1700, 1503, 886, 1751, 802, 1334, 795, 472, 730, 382, 319, 1480, 1896, 747, 22, 1270, 1855, 1215, 616, 819, 1879, 987, 778, 11, 876, 754, 427, 301, 1448, 1913, 1685, 637, 1249, 720, 1980, 299, 628, 1316, 1030, 1985, 1127, 1717, 798, 1696, 785, 537, 57, 325, 1535, 1443, 159, 1707, 624, 552, 1556, 1844, 1607, 765, 864, 958, 314, 1478, 1414, 790, 451, 92, 1348, 1309, 1012, 1937, 919, 1239, 1027, 1036, 441, 1704, 724, 1025, 348, 868, 1567, 668, 1792, 1735, 1919, 1107, 72, 1132, 1031, 1976, 281, 1020, 1516, 1602, 866, 1014, 1675, 1046, 745, 356, 1285, 853, 19, 84, 525, 1078, 1159, 977, 607, 1226, 1318, 1941, 1268, 1477, 155, 696, 857, 1403, 15, 1273, 1256, 1674, 760, 1363, 1377, 817, 548, 435, 1616, 496, 1695, 1169, 604, 289, 1267, 10, 16, 1428, 7, 269, 1742, 930, 1746, 263, 740, 1149, 481, 500, 1214, 1964, 1811, 1010, 1702, 530, 538, 1470, 787, 1706, 1118, 1721, 729, 804, 1361, 914, 1979, 656, 970, 260, 1828, 779, 265, 1550, 969, 1041, 317, 1138, 1369, 842, 1154, 1485, 698, 1385, 1055, 727, 42, 627, 485, 533, 1200, 432, 1789, 609, 354, 494, 506, 1663, 1839, 1672, 1434, 781, 1500, 163, 88, 343, 1400, 1236, 1768, 699, 1083, 536, 61, 1797, 1445, 1831, 1276, 171, 127, 1113, 1510, 1412, 1223, 1693, 151, 592, 697, 542, 182, 1358, 1837, 949, 1832, 47, 109, 782, 621, 1299, 1301, 487, 405, 120, 1658, 685, 1520, 1233, 1202, 383, 738, 1389, 550, 418, 1242, 1170, 617, 843, 413, 1462, 1764, 1635, 186, 582, 1597, 125, 1900, 1545, 1525, 649, 50, 1861, 893, 1262, 863, 228, 1588, 1646, 288, 1067, 942, 20, 251, 1394, 1355, 1352, 1615, 837, 1907, 689, 1466, 430, 1747, 1943, 162, 1515, 1604, 799, 1671, 1134, 493, 352, 541, 1649, 736, 1422, 1536, 877, 1850, 111, 1647, 1140, 1123, 1677, 1533, 95, 943, 985, 605, 1574, 191, 403, 892, 1222, 827, 750, 554, 1804, 576, 1198, 1731, 1723, 532, 1364, 1148, 1068, 200, 1752, 1915, 442, 566, 933, 518, 272, 1048, 954, 90, 1957, 945, 220, 1863, 1494, 860, 346, 1952, 780, 229, 663, 1108, 1787, 1568, 1963, 1018, 1013, 981, 1722, 1290, 154, 602, 1509, 1206, 1725, 1521, 1619, 300, 1468, 1994, 912, 952, 918, 1971, 1561, 1596, 1145, 1819, 1936, 890, 1969, 1829, 1218, 294, 733, 1279, 1351, 884, 417, 1109, 1416, 224, 1311, 1034, 1761, 1644, 994, 1051, 904, 328, 1341, 122, 1997, 450, 1519, 535, 1737, 960, 646, 792, 1038, 1727, 196, 1581, 1565, 291, 763, 1257, 1935, 1150, 327, 753, 103, 1996, 124, 523, 1757, 1537, 126, 635, 1606, 825, 82, 1147, 1827, 1592, 1272, 1317, 164, 1926, 1578, 1840, 902, 1174, 927, 1125, 1532, 1846, 1632, 310, 1925, 1948, 996, 1767, 158, 723, 964, 1342, 1330, 611, 547, 836, 440, 1062, 848, 1912, 1670, 907, 871, 1129, 58, 1167, 1612, 813, 764, 231, 465, 777, 648, 290, 1842, 1974, 921, 364, 1026, 1446, 1319, 1551, 1321, 574, 1807, 1882, 55, 659, 971, 1570, 285, 1851, 100, 572, 1063, 23, 17, 253, 308, 767, 1738, 1367, 1585, 1641, 359, 1938, 1116, 1871, 1047, 1076, 1626, 176, 1207, 1584, 32, 1546, 773, 1097, 808, 1958, 304, 1415, 187, 1039, 1179, 824, 1875, 815, 459, 1339, 828, 731, 642, 1728, 600, 835, 239, 786, 267, 1208, 136, 1754, 1992, 809, 1437, 1151, 473, 1954, 1172, 1760, 259, 29, 1617, 1005, 1629, 429, 581, 1836, 470, 1856, 255, 1676, 856, 669, 585, 1902, 674, 133, 768, 830, 1794, 1708, 426, 851, 1178, 188, 1986, 1447, 505, 1631, 1075, 1028, 1614, 979, 233, 806, 1878, 560, 997, 35, 1636, 276, 726, 1633, 73, 1756, 1531, 421, 439, 510, 1058, 1450, 703, 6, 1406, 221, 1184, 93, 279, 217, 929, 181, 865, 339, 705, 791, 275, 906, 320, 373, 1765, 331, 966, 1, 734, 972, 515, 1911, 1605, 203, 1553, 885, 1773, 514, 1087, 1420, 142, 1744, 24, 894, 1274, 1890, 1682, 665, 1801, 59, 1402, 821, 1187, 344, 1425, 1790, 695, 1421, 553, 1864, 1522, 116, 1473, 1718, 1435, 832, 989, 1806, 444, 1296, 1071, 1372, 1261, 601, 338, 540, 407, 732, 675, 1961, 991, 1064, 1103, 847, 498, 52, 1035, 1679, 1011, 1998, 678, 1137, 1417, 549, 1659, 1439, 1410, 1921, 443, 146, 1057, 329, 706, 1090, 797, 1271, 690, 277, 1730, 1298, 775, 408, 311, 1589, 838, 1365, 1637, 511, 464, 1213, 1304, 1745, 74, 508, 1989, 1817, 1066, 108, 44, 1232, 384, 594, 1146, 1653, 544, 664, 166, 660, 460, 940, 1337, 756, 1110, 1295, 717, 1016, 1021, 480, 33, 845, 216, 1884, 769, 758, 735, 370, 1114, 185, 875, 1070, 1673, 1688, 1793, 1141, 1250, 1131, 1657, 1821, 415, 447, 1852, 1006, 543, 1234, 1136, 1458, 266, 742, 303, 688, 796, 1164, 1255, 661, 968, 539, 568, 1562, 1191, 1340, 702, 211, 589, 569, 1307, 1225, 555, 1209, 998, 593, 973, 1506, 375, 910, 178, 1544, 1275, 454, 1374, 204, 1999, 1277, 1777, 503, 898, 302, 1212, 771, 1552, 330, 658, 280, 1291, 482, 412, 1432, 167, 1580, 1060, 1161, 889, 1230, 565, 654, 245, 626, 135, 1227, 1054, 1210, 1543, 134, 1678, 1687, 1779, 1303, 1411, 81, 1877, 1252, 1117, 700, 1690, 1444, 676, 1508, 1749, 516, 812, 655, 379, 915, 161, 1701, 1620, 881, 262, 1399, 129, 165, 850, 1289, 1547, 683, 1866, 709, 1201, 1705, 858, 1121, 839, 114, 1934, 409, 896, 1346, 993, 670, 401, 1221, 1860, 975, 131, 1302, 1782, 1608, 1224, 112, 1122, 1732, 1740, 1489, 657, 387, 1622, 746, 1772, 1816, 573, 1534, 1940, 854, 248, 1404, 1566, 923, 1603, 752, 423, 312, 1694, 1803, 887, 1853, 1077, 1586, 1471, 210, 452, 1144, 1590, 335, 1800, 1942, 118, 1959, 471, 1922, 1973, 861, 995, 1778, 976, 719, 96, 1176, 1486, 559, 599, 711, 1449, 643, 1397, 1872, 486, 1101, 1987, 321, 41, 1709, 1407, 1741, 1344, 743, 1314, 1105, 26, 106, 1204, 1736, 1868, 94, 867, 1287, 1205, 1112, 377, 0, 575, 974, 1479, 512, 1909, 230, 1559, 909, 614, 1818, 1795, 761, 1264, 1733, 431, 247, 1891, 222, 1098, 1433, 578, 365, 1623, 504, 1824, 990, 424, 1454, 1867, 1691, 1881, 1368, 1306, 395, 774, 1322, 1812, 1220, 606, 807, 1293, 1944, 895, 1082, 102, 86, 1152, 1073, 831, 671, 707, 1524, 666, 474, 766, 1089, 468, 1639, 1251, 1511, 1383, 295, 818, 1970, 160, 673, 1393, 1786, 1988, 144, 712, 489, 770, 1281, 737, 190, 1390, 1409, 633, 1587, 1809, 1099, 794, 1158, 620, 1814, 1244, 1598, 337, 404, 1349, 194, 1157, 208, 1052, 587, 306, 1426, 1100, 1618, 999, 1168, 140, 226, 641, 963, 1513, 54, 1724, 644, 56, 789, 1595, 1784, 984, 242, 580, 1461, 849, 619, 12, 1015, 913, 1541, 65, 1381, 218, 252, 463, 324, 1387, 87, 1235, 1669, 590, 926, 138, 184, 466, 1142, 1978, 677, 189, 45, 107, 307, 852, 528, 398, 564, 1885, 1571, 755, 1325, 455, 1594, 156, 1238, 389, 634, 305, 8, 60, 1126, 147, 1805, 341, 1739, 869, 150, 213, 1660, 1904, 1905, 1072, 1648, 1496, 880, 132, 68, 293, 1492, 1977, 882, 1104, 241, 1651, 751, 437, 1540, 931, 1045, 829, 1438, 1686, 693, 950, 366, 507, 1993, 1310, 1392, 983, 938, 556, 419, 1906, 69, 636, 713, 608, 932, 121, 358, 258, 495, 1771, 1880, 872, 1710, 1528, 25, 214, 168, 529, 1783, 1716, 1886, 1000, 1357, 1241, 62, 1990, 316, 1719, 378, 1887, 456, 394, 962, 502, 935, 1505, 615, 1769, 630, 1838, 410, 99, 1092, 1427, 198, 610, 1810, 1697, 936, 215, 497, 1898, 449, 728, 70, 1085, 396, 1384, 199, 631, 240, 1395, 484, 651, 1514, 1683, 1848, 1627, 101, 941, 1591, 967, 1914, 939, 748, 1084, 34, 1203, 1429, 598, 1893, 1876, 623, 1613, 1263, 1139, 522, 1061, 878, 1457, 1939, 1497, 51, 1743, 1292, 1111, 1376, 13, 1032, 1106, 521, 297, 1490, 1188, 1029, 1611, 1689, 1854, 1575, 336, 1538, 1171, 1282, 948, 422, 934, 955, 1630, 1329, 372, 1143, 1763, 1715, 1094, 374, 897, 1453, 1713, 3, 524, 360, 1495, 1894, 891, 579, 1378, 870, 1001, 1350, 1883, 1776, 1621, 1022, 1043, 1901, 1093, 1320, 1889, 652, 27, 169, 1555, 1895, 577, 1517, 273, 1815, 1452, 227, 1472, 840, 128, 1284, 1313, 434, 1845, 1530, 113, 205, 1502, 1181, 1645, 1211, 1366, 1216, 1529, 1661, 1642, 1483, 1972, 1219, 680, 1008, 1667, 558, 1655, 238, 682, 1833, 1245, 986, 1956, 397, 282, 284, 1865, 1194, 18, 1464, 1217, 1095, 1945, 80, 1967, 1019, 1135, 351, 1484, 1791, 1431, 236, 1024, 1802, 1770, 1835, 1664, 1523, 1189, 31, 591, 1096, 315, 436, 956, 446, 647, 1333, 390, 823, 551, 920, 810, 961, 1253, 1382, 117, 173, 145, 1423, 1056, 420, 46, 844, 197, 1512, 1960, 947, 1128, 1526, 1869, 476, 385, 1050, 286, 322, 488, 105, 1371, 526, 1557, 76, 268, 1283, 1258, 874, 202, 77, 1841, 1910, 1465, 175, 667, 244, 425, 622, 1336, 1951, 911, 1130, 1288, 833, 457, 249, 64, 380, 1825, 686, 1962, 243, 1353, 687, 257, 1175, 1788, 1569, 1197, 1928, 562, 1065, 1315, 1609, 1554, 924, 1762, 1726, 953, 1558, 195, 130, 179, 274, 123, 433, 925, 1488, 36, 1080, 340, 1269, 1830, 862, 788, 1766, 1577, 816, 292, 1953, 1498, 692, 725, 1539, 1924, 66, 1162, 1650, 1873, 193, 1009, 1759, 517, 143, 586, 1396, 1712, 1504, 1862, 332, 1843, 1186, 1280, 153, 298, 1380, 1419, 1750, 9, 922, 1823, 1165, 583, 1870, 1923, 1185, 1044, 1946, 1481, 28, 596, 570, 1955, 571, 1405, 1033, 722, 1166, 91, 694, 901, 1542, 1331, 1091, 261, 1499, 645, 209, 826, 1059, 318, 978, 1892, 1373, 917, 63, 207, 98, 1338, 1796, 1753, 2, 937, 1370, 333, 1487, 811, 762, 391, 1408, 1579, 1734, 1237, 1563, 483, 362, 1652, 1785, 1229, 708, 814, 1984, 254, 1897, 1343, 1476, 235, 148, 1451, 701, 959, 1079, 469, 1711, 1463, 309], [1983, 800, 67, 477, 1265, 492, 5, 1775, 1037, 75, 334, 1849, 820, 1975, 79, 206, 110, 1755, 715, 1698, 1599, 139, 4, 873, 1460, 714, 1088, 172, 1549, 313, 916, 928, 237, 704, 1430, 1254, 741, 1124, 1916, 1354, 721, 1002, 527, 376, 1442, 597, 1950, 1949, 1593, 180, 1193, 104, 1834, 982, 157, 219, 1908, 1155, 1300, 428, 1386, 638, 270, 1781, 1628, 49, 1183, 355, 1356, 264, 679, 491, 1966, 1965, 1297, 1120, 1173, 822, 1548, 1582, 400, 212, 1930, 509, 1074, 1899, 1398, 223, 784, 846, 392, 43, 14, 1703, 1601, 149, 567, 1379, 115, 89, 1467, 283, 1455, 1003, 38, 1699, 603, 1119, 501, 716, 1634, 1345, 371, 353, 170, 1069, 793, 1053, 1600, 1391, 399, 448, 1294, 1640, 1995, 1643, 992, 1312, 368, 445, 855, 1654, 1115, 48, 278, 1638, 749, 951, 1813, 1160, 965, 1347, 1441, 957, 342, 841, 584, 406, 718, 478, 1662, 177, 37, 776, 1858, 1560, 1491, 225, 531, 805, 1266, 1163, 1228, 1572, 1610, 411, 1440, 632, 1190, 39, 1323, 1573, 834, 1576, 1780, 1920, 1564, 458, 1888, 1023, 519, 629, 618, 461, 287, 1991, 1857, 801, 640, 1362, 783, 1286, 119, 546, 1932, 85, 1278, 899, 1260, 1475]]
INFO:root:VideoDataset unsupervised data loader created
INFO:dinov2:using MLP layer as FFN
INFO:root:Encoder: DinoEncoder(
  (base_model): DinoVisionTransformer(
    (patch_embed): PatchEmbed(
      (proj): Conv2d(3, 384, kernel_size=(14, 14), stride=(14, 14))
      (norm): Identity()
    )
    (blocks): ModuleList(
      (0-11): 12 x NestedTensorBlock(
        (norm1): LayerNorm((384,), eps=1e-06, elementwise_affine=True)
        (attn): MemEffAttention(
          (qkv): Linear(in_features=384, out_features=1152, bias=True)
          (attn_drop): Dropout(p=0.0, inplace=False)
          (proj): Linear(in_features=384, out_features=384, bias=True)
          (proj_drop): Dropout(p=0.0, inplace=False)
        )
        (ls1): LayerScale()
        (drop_path1): Identity()
        (norm2): LayerNorm((384,), eps=1e-06, elementwise_affine=True)
        (mlp): Mlp(
          (fc1): Linear(in_features=384, out_features=1536, bias=True)
          (act): GELU(approximate='none')
          (fc2): Linear(in_features=1536, out_features=384, bias=True)
          (drop): Dropout(p=0.0, inplace=False)
        )
        (ls2): LayerScale()
        (drop_path2): Identity()
      )
    )
    (norm): LayerNorm((384,), eps=1e-06, elementwise_affine=True)
    (head): Identity()
  )
)
INFO:root:🧠 Encoder: DinoEncoder (22,056,576 params, frozen=True)
INFO:app.plan_common.models.AdaLN_vit:🔧 Initialized 1 AdaLN-zero blocks
INFO:root:Predictor: VisionTransformerAdaLN(
  (predictor_embed): Linear(in_features=384, out_features=104, bias=True)
  (predictor_blocks): ModuleList(
    (0): FWAdaLNBlock(
      (norm1): LayerNorm((120,), eps=1e-06, elementwise_affine=True)
      (attn): RoPEAttention(
        (qkv): Linear(in_features=120, out_features=360, bias=True)
        (attn_drop): Dropout(p=0.0, inplace=False)
        (proj): Linear(in_features=120, out_features=120, bias=True)
        (proj_drop): Dropout(p=0.0, inplace=False)
      )
      (drop_path): Identity()
      (norm2): LayerNorm((120,), eps=1e-06, elementwise_affine=True)
      (mlp): MLP(
        (fc1): Linear(in_features=120, out_features=480, bias=True)
        (act): GELU(approximate='none')
        (fc2): Linear(in_features=480, out_features=120, bias=True)
        (drop): Dropout(p=0.0, inplace=False)
      )
      (adaLN_modulation): Sequential(
        (0): SiLU()
        (1): Linear(in_features=120, out_features=720, bias=True)
      )
    )
  )
  (predictor_norm): LayerNorm((120,), eps=1e-06, elementwise_affine=True)
  (predictor_proj): Linear(in_features=104, out_features=384, bias=True)
)
INFO:root:🔮 Predictor: VisionTransformerAdaLN (342,080 params)
INFO:root:Action encoder output dim: 120
INFO:root:Loading checkpoint from local path: /home/ps/Code/yqy/DINO-WM/jepawm_checkpoints/mgvt_stage2c_3seed_20260531/maze_stage2c_pred_adaln_depth1_lance_h4_seed234/jepa-latest.pth.tar
INFO:root:loaded pretrained predictor from epoch 10 with msg: <All keys matched successfully>
INFO:root:loaded pretrained action encoder from epoch 10 with msg: <All keys matched successfully>
INFO:root:loaded pretrained proprio encoder from epoch 10 with msg: <All keys matched successfully>
INFO:root:📉 Loss weights: L2=1.0
{
  "backend": {
    "fall_back_to_raw_if_unsupported": false,
    "kind": "swm_lance",
    "lance_uri": "/home/ps/Code/yqy/DINO-WM/jepawm_data/_lance_20260528/PointMaze.lance"
  },
  "change_mse_model": 0.031203977625023145,
  "change_mse_model_by_horizon": {
    "1": 0.031203977625023145,
    "2": 0.0374245110722106,
    "3": 0.043098747813921486,
    "4": 0.04801649367833724,
    "5": 0.05229736447761782,
    "6": 0.05625121636102434
  },
  "change_mse_persist": 0.08129396153033756,
  "change_mse_persist_by_horizon": {
    "1": 0.08129396153033756,
    "2": 0.11272557421541606,
    "3": 0.1243772961101571,
    "4": 0.12865963661218766,
    "5": 0.13066361507919969,
    "6": 0.1325838941323464
  },
  "change_skill": 0.6161587276887923,
  "change_skill_by_horizon": {
    "1": 0.6161587276887923,
    "2": 0.6680033671800758,
    "3": 0.6534838016115878,
    "4": 0.6267944248663552,
    "5": 0.5997557204741457,
    "6": 0.5757311494797861
  },
  "checkpoint": "/home/ps/Code/yqy/DINO-WM/jepawm_checkpoints/mgvt_stage2c_3seed_20260531/maze_stage2c_pred_adaln_depth1_lance_h4_seed234/jepa-latest.pth.tar",
  "config": "/home/ps/Code/yqy/DINO-WM/jepawm_logs/mgvt_stage2c_3seed_20260531/maze_stage2c_pred_adaln_depth1_lance_h4_seed234/config.yaml",
  "deterministic_encode_max_abs_diff": 0.0,
  "diagnostic_batch_time_ms": 75.46302584526663,
  "flops_per_forward_estimate": null,
  "latent_mean": -3.4351427035104427e-10,
  "latent_std": 0.9999994022142692,
  "mamba_backend": null,
  "max_horizon": 6,
  "model": "AdaLN",
  "moved_region_change_skill": 0.48255518759613103,
  "moved_region_change_skill_by_horizon": {
    "1": 0.48255518759613103,
    "2": 0.5590510348212465,
    "3": 0.5450927213463612,
    "4": 0.5090011164896591,
    "5": 0.4686903690990645,
    "6": 0.43059781040638756
  },
  "moved_region_counts_by_horizon": {
    "1": 1520319,
    "2": 1454672,
    "3": 1425895,
    "4": 1410528,
    "5": 1407387,
    "6": 1402618
  },
  "moved_region_mask": {
    "denominator_floor": 0.0,
    "dilation": 1,
    "min_floor": 0.0,
    "source": "target_side_persistence_patch_mse",
    "top_frac": 0.2
  },
  "moved_region_mse_model": 0.012845844719355539,
  "moved_region_mse_model_by_horizon": {
    "1": 0.012845844719355539,
    "2": 0.015617919296391067,
    "3": 0.018097051741587555,
    "4": 0.020356067714093696,
    "5": 0.022425354140612124,
    "6": 0.024487065596543577
  },
  "moved_region_mse_persist": 0.02482553580869466,
  "moved_region_mse_persist_by_horizon": {
    "1": 0.02482553580869466,
    "2": 0.03541888184284505,
    "3": 0.039781846962634426,
    "4": 0.041458480655923884,
    "5": 0.042207693661765015,
    "6": 0.04300486728725125
  },
  "mse_model": 0.008508393870452878,
  "mse_model_by_horizon": {
    "1": 0.008508393870452878,
    "2": 0.010072166451756827,
    "3": 0.011544481767799522,
    "4": 0.012970661533782717,
    "5": 0.01440447844625985,
    "6": 0.015891695407936807
  },
  "mse_persist": 0.013442790249026702,
  "mse_persist_by_horizon": {
    "1": 0.013442790249026702,
    "2": 0.018266810762894447,
    "3": 0.02012365223839879,
    "4": 0.020734256756965254,
    "5": 0.02106619944032587,
    "6": 0.021407271593686987
  },
  "normalization_note": "Validation loader uses train-split dataset statistics; no val statistics are recomputed.",
  "num_batches": 3050,
  "num_val_windows": 12200,
  "param_count": 343480,
  "prefix": 1,
  "proprio_mse_model": 0.029737082055052284,
  "proprio_mse_model_by_horizon": {
    "1": 0.029737082055052284,
    "2": 0.047045436654102483,
    "3": 0.06807873345316066,
    "4": 0.09378113301562481,
    "5": 0.11919312949292361,
    "6": 0.1432384392587071
  },
  "proprio_mse_persist": 0.3732489071908544,
  "proprio_mse_persist_by_horizon": {
    "1": 0.3732489071908544,
    "2": 0.6350777970584202,
    "3": 0.8035786652699357,
    "4": 0.8929950906531733,
    "5": 0.9214917158201092,
    "6": 0.9129273522852874
  },
  "proprio_skill": 0.920329084741709,
  "proprio_skill_by_horizon": {
    "1": 0.920329084741709,
    "2": 0.9259217738802876,
    "3": 0.9152805613246441,
    "4": 0.8949813565637529,
    "5": 0.8706519793432499,
    "6": 0.8430998491828017
  },
  "seed": 234,
  "skill": 0.367066381842199,
  "skill_by_horizon": {
    "1": 0.367066381842199,
    "2": 0.4486083760052676,
    "3": 0.42632273550369704,
    "4": 0.3744332538264008,
    "5": 0.31622794671324783,
    "6": 0.2576496571088829
  },
  "task": "PointMaze",
  "top_k_patches": 32,
  "train_step_time_ms": 277.05917637700054
}
=== DONE maze_stage2c_pred_adaln_depth1_lance_h4_seed234 2026-06-01T23:24:59+08:00 ===
